Archive member included to satisfy reference by file (symbol)

/tmp/arduino-sketch-7C1300CC4FF8AF73F58C6F35276C335C/../arduino-core-cache/core_arduino_samd_mkrwifi1010_0d900ac78734c9038bbcc9caccb00992.a(cortex_handlers.c.o)
                              (Reset_Handler)
/tmp/arduino-sketch-7C1300CC4FF8AF73F58C6F35276C335C/../arduino-core-cache/core_arduino_samd_mkrwifi1010_0d900ac78734c9038bbcc9caccb00992.a(delay.c.o)
                              /tmp/arduino-sketch-7C1300CC4FF8AF73F58C6F35276C335C/libraries/Firebase_Arduino_based_on_WiFiNINA/Firebase.cpp.o (millis)
/tmp/arduino-sketch-7C1300CC4FF8AF73F58C6F35276C335C/../arduino-core-cache/core_arduino_samd_mkrwifi1010_0d900ac78734c9038bbcc9caccb00992.a(hooks.c.o)
                              /tmp/arduino-sketch-7C1300CC4FF8AF73F58C6F35276C335C/../arduino-core-cache/core_arduino_samd_mkrwifi1010_0d900ac78734c9038bbcc9caccb00992.a(delay.c.o) (yield)
/tmp/arduino-sketch-7C1300CC4FF8AF73F58C6F35276C335C/../arduino-core-cache/core_arduino_samd_mkrwifi1010_0d900ac78734c9038bbcc9caccb00992.a(startup.c.o)
                              /tmp/arduino-sketch-7C1300CC4FF8AF73F58C6F35276C335C/../arduino-core-cache/core_arduino_samd_mkrwifi1010_0d900ac78734c9038bbcc9caccb00992.a(cortex_handlers.c.o) (SystemInit)
/tmp/arduino-sketch-7C1300CC4FF8AF73F58C6F35276C335C/../arduino-core-cache/core_arduino_samd_mkrwifi1010_0d900ac78734c9038bbcc9caccb00992.a(wiring.c.o)
                              /tmp/arduino-sketch-7C1300CC4FF8AF73F58C6F35276C335C/../arduino-core-cache/core_arduino_samd_mkrwifi1010_0d900ac78734c9038bbcc9caccb00992.a(startup.c.o) (SystemCoreClock)
/tmp/arduino-sketch-7C1300CC4FF8AF73F58C6F35276C335C/../arduino-core-cache/core_arduino_samd_mkrwifi1010_0d900ac78734c9038bbcc9caccb00992.a(wiring_analog.c.o)
                              /tmp/arduino-sketch-7C1300CC4FF8AF73F58C6F35276C335C/../arduino-core-cache/core_arduino_samd_mkrwifi1010_0d900ac78734c9038bbcc9caccb00992.a(wiring.c.o) (analogReference)
/tmp/arduino-sketch-7C1300CC4FF8AF73F58C6F35276C335C/../arduino-core-cache/core_arduino_samd_mkrwifi1010_0d900ac78734c9038bbcc9caccb00992.a(wiring_digital.c.o)
                              /tmp/arduino-sketch-7C1300CC4FF8AF73F58C6F35276C335C/libraries/WiFiNINA/utility/spi_drv.cpp.o (pinMode)
/tmp/arduino-sketch-7C1300CC4FF8AF73F58C6F35276C335C/../arduino-core-cache/core_arduino_samd_mkrwifi1010_0d900ac78734c9038bbcc9caccb00992.a(wiring_private.c.o)
                              /tmp/arduino-sketch-7C1300CC4FF8AF73F58C6F35276C335C/libraries/Wire/Wire.cpp.o (pinPeripheral)
/tmp/arduino-sketch-7C1300CC4FF8AF73F58C6F35276C335C/../arduino-core-cache/core_arduino_samd_mkrwifi1010_0d900ac78734c9038bbcc9caccb00992.a(Reset.cpp.o)
                              /tmp/arduino-sketch-7C1300CC4FF8AF73F58C6F35276C335C/../arduino-core-cache/core_arduino_samd_mkrwifi1010_0d900ac78734c9038bbcc9caccb00992.a(delay.c.o) (tickReset)
/tmp/arduino-sketch-7C1300CC4FF8AF73F58C6F35276C335C/../arduino-core-cache/core_arduino_samd_mkrwifi1010_0d900ac78734c9038bbcc9caccb00992.a(SERCOM.cpp.o)
                              /tmp/arduino-sketch-7C1300CC4FF8AF73F58C6F35276C335C/core/variant.cpp.o (SERCOM::SERCOM(Sercom*))
/tmp/arduino-sketch-7C1300CC4FF8AF73F58C6F35276C335C/../arduino-core-cache/core_arduino_samd_mkrwifi1010_0d900ac78734c9038bbcc9caccb00992.a(CDC.cpp.o)
                              /tmp/arduino-sketch-7C1300CC4FF8AF73F58C6F35276C335C/sketch/SafeBox.ino.cpp.o (Serial_::begin(unsigned long))
/tmp/arduino-sketch-7C1300CC4FF8AF73F58C6F35276C335C/../arduino-core-cache/core_arduino_samd_mkrwifi1010_0d900ac78734c9038bbcc9caccb00992.a(USBCore.cpp.o)
                              /tmp/arduino-sketch-7C1300CC4FF8AF73F58C6F35276C335C/../arduino-core-cache/core_arduino_samd_mkrwifi1010_0d900ac78734c9038bbcc9caccb00992.a(CDC.cpp.o) (usbd)
/tmp/arduino-sketch-7C1300CC4FF8AF73F58C6F35276C335C/../arduino-core-cache/core_arduino_samd_mkrwifi1010_0d900ac78734c9038bbcc9caccb00992.a(Uart.cpp.o)
                              /tmp/arduino-sketch-7C1300CC4FF8AF73F58C6F35276C335C/core/variant.cpp.o (Uart::Uart(SERCOM*, unsigned char, unsigned char, SercomRXPad, SercomUartTXPad, unsigned char, unsigned char))
/tmp/arduino-sketch-7C1300CC4FF8AF73F58C6F35276C335C/../arduino-core-cache/core_arduino_samd_mkrwifi1010_0d900ac78734c9038bbcc9caccb00992.a(abi.cpp.o)
                              /tmp/arduino-sketch-7C1300CC4FF8AF73F58C6F35276C335C/libraries/Firebase_Arduino_based_on_WiFiNINA/Firebase.cpp.o (__cxa_pure_virtual)
/tmp/arduino-sketch-7C1300CC4FF8AF73F58C6F35276C335C/../arduino-core-cache/core_arduino_samd_mkrwifi1010_0d900ac78734c9038bbcc9caccb00992.a(IPAddress.cpp.o)
                              /tmp/arduino-sketch-7C1300CC4FF8AF73F58C6F35276C335C/libraries/WiFiNINA/WiFi.cpp.o (arduino::IPAddress::IPAddress())
/tmp/arduino-sketch-7C1300CC4FF8AF73F58C6F35276C335C/../arduino-core-cache/core_arduino_samd_mkrwifi1010_0d900ac78734c9038bbcc9caccb00992.a(PluggableUSB.cpp.o)
[...]
Memory Configuration

Name             Origin             Length             Attributes
FLASH            0x0000000000002000 0x000000000003e000 xr
RAM              0x0000000020000000 0x0000000000008000 xrw
*default*        0x0000000000000000 0xffffffffffffffff

Linker script and memory map

LOAD /home/boy/.arduino15/packages/arduino/tools/arm-none-eabi-gcc/7-2017q4/bin/../lib/gcc/arm-none-eabi/7.2.1/thumb/v6-m/crti.o
LOAD /home/boy/.arduino15/packages/arduino/tools/arm-none-eabi-gcc/7-2017q4/bin/../lib/gcc/arm-none-eabi/7.2.1/thumb/v6-m/crtbegin.o
LOAD /home/boy/.arduino15/packages/arduino/tools/arm-none-eabi-gcc/7-2017q4/bin/../lib/gcc/arm-none-eabi/7.2.1/../../../../arm-none-eabi/lib/thumb/v6-m/crt0.o
LOAD /tmp/arduino-sketch-7C1300CC4FF8AF73F58C6F35276C335C/sketch/SafeBox.ino.cpp.o
LOAD /tmp/arduino-sketch-7C1300CC4FF8AF73F58C6F35276C335C/sketch/src/SB.cpp.o
LOAD /tmp/arduino-sketch-7C1300CC4FF8AF73F58C6F35276C335C/sketch/src/utility/Connection.cpp.o
LOAD /tmp/arduino-sketch-7C1300CC4FF8AF73F58C6F35276C335C/libraries/Wire/Wire.cpp.o
LOAD /tmp/arduino-sketch-7C1300CC4FF8AF73F58C6F35276C335C/libraries/Firebase_Arduino_based_on_WiFiNINA/Firebase.cpp.o
LOAD /tmp/arduino-sketch-7C1300CC4FF8AF73F58C6F35276C335C/libraries/Firebase_Arduino_based_on_WiFiNINA/Firebase_TCP_Client.cpp.o
LOAD /tmp/arduino-sketch-7C1300CC4FF8AF73F58C6F35276C335C/libraries/Firebase_Arduino_based_on_WiFiNINA/WCS.cpp.o
LOAD /tmp/arduino-sketch-7C1300CC4FF8AF73F58C6F35276C335C/libraries/SPI/SPI.cpp.o
LOAD /tmp/arduino-sketch-7C1300CC4FF8AF73F58C6F35276C335C/libraries/WiFiNINA/WiFi.cpp.o
LOAD /tmp/arduino-sketch-7C1300CC4FF8AF73F58C6F35276C335C/libraries/WiFiNINA/WiFiClient.cpp.o
LOAD /tmp/arduino-sketch-7C1300CC4FF8AF73F58C6F35276C335C/libraries/WiFiNINA/WiFiSSLClient.cpp.o
LOAD /tmp/arduino-sketch-7C1300CC4FF8AF73F58C6F35276C335C/libraries/WiFiNINA/WiFiServer.cpp.o
LOAD /tmp/arduino-sketch-7C1300CC4FF8AF73F58C6F35276C335C/libraries/WiFiNINA/WiFiStorage.cpp.o
LOAD /tmp/arduino-sketch-7C1300CC4FF8AF73F58C6F35276C335C/libraries/WiFiNINA/WiFiUdp.cpp.o
LOAD /tmp/arduino-sketch-7C1300CC4FF8AF73F58C6F35276C335C/libraries/WiFiNINA/utility/WiFiSocketBuffer.cpp.o
LOAD /tmp/arduino-sketch-7C1300CC4FF8AF73F58C6F35276C335C/libraries/WiFiNINA/utility/nano_rp2040_support.cpp.o
LOAD /tmp/arduino-sketch-7C1300CC4FF8AF73F58C6F35276C335C/libraries/WiFiNINA/utility/server_drv.cpp.o
LOAD /tmp/arduino-sketch-7C1300CC4FF8AF73F58C6F35276C335C/libraries/WiFiNINA/utility/spi_drv.cpp.o
LOAD /tmp/arduino-sketch-7C1300CC4FF8AF73F58C6F35276C335C/libraries/WiFiNINA/utility/wifi_drv.cpp.o
LOAD /tmp/arduino-sketch-7C1300CC4FF8AF73F58C6F35276C335C/core/variant.cpp.o
START GROUP
LOAD /home/boy/.arduino15/packages/arduino/tools/CMSIS/4.5.0/CMSIS/Lib/GCC//libarm_cortexM0l_math.a
LOAD /tmp/arduino-sketch-7C1300CC4FF8AF73F58C6F35276C335C/../arduino-core-cache/core_arduino_samd_mkrwifi1010_0d900ac78734c9038bbcc9caccb00992.a
END GROUP
LOAD /home/boy/.arduino15/packages/arduino/tools/arm-none-eabi-gcc/7-2017q4/bin/../lib/gcc/arm-none-eabi/7.2.1/../../../../arm-none-eabi/lib/thumb/v6-m/libstdc++_nano.a
LOAD /home/boy/.arduino15/packages/arduino/tools/arm-none-eabi-gcc/7-2017q4/bin/../lib/gcc/arm-none-eabi/7.2.1/../../../../arm-none-eabi/lib/thumb/v6-m/libm.a
START GROUP
LOAD /home/boy/.arduino15/packages/arduino/tools/arm-none-eabi-gcc/7-2017q4/bin/../lib/gcc/arm-none-eabi/7.2.1/thumb/v6-m/libgcc.a
LOAD /home/boy/.arduino15/packages/arduino/tools/arm-none-eabi-gcc/7-2017q4/bin/../lib/gcc/arm-none-eabi/7.2.1/../../../../arm-none-eabi/lib/thumb/v6-m/libc_nano.a
END GROUP
START GROUP
LOAD /home/boy/.arduino15/packages/arduino/tools/arm-none-eabi-gcc/7-2017q4/bin/../lib/gcc/arm-none-eabi/7.2.1/thumb/v6-m/libgcc.a
LOAD /home/boy/.arduino15/packages/arduino/tools/arm-none-eabi-gcc/7-2017q4/bin/../lib/gcc/arm-none-eabi/7.2.1/../../../../arm-none-eabi/lib/thumb/v6-m/libc_nano.a
LOAD /home/boy/.arduino15/packages/arduino/tools/arm-none-eabi-gcc/7-2017q4/bin/../lib/gcc/arm-none-eabi/7.2.1/../../../../arm-none-eabi/lib/thumb/v6-m/libnosys.a
END GROUP
START GROUP
LOAD /home/boy/.arduino15/packages/arduino/tools/arm-none-eabi-gcc/7-2017q4/bin/../lib/gcc/arm-none-eabi/7.2.1/thumb/v6-m/libgcc.a
LOAD /home/boy/.arduino15/packages/arduino/tools/arm-none-eabi-gcc/7-2017q4/bin/../lib/gcc/arm-none-eabi/7.2.1/../../../../arm-none-eabi/lib/thumb/v6-m/libc_nano.a
LOAD /home/boy/.arduino15/packages/arduino/tools/arm-none-eabi-gcc/7-2017q4/bin/../lib/gcc/arm-none-eabi/7.2.1/../../../../arm-none-eabi/lib/thumb/v6-m/libnosys.a
END GROUP
LOAD /home/boy/.arduino15/packages/arduino/tools/arm-none-eabi-gcc/7-2017q4/bin/../lib/gcc/arm-none-eabi/7.2.1/thumb/v6-m/crtend.o
LOAD /home/boy/.arduino15/packages/arduino/tools/arm-none-eabi-gcc/7-2017q4/bin/../lib/gcc/arm-none-eabi/7.2.1/thumb/v6-m/crtn.o

.text           0x0000000000002000     0xda94
                0x0000000000002000                __text_start__ = .
 *(.sketch_boot)
                0x0000000000002000                . = ALIGN (0x2000)
 *(.isr_vector)
 .isr_vector    0x0000000000002000       0xb4 /tmp/arduino-sketch-7C1300CC4FF8AF73F58C6F35276C335C/../arduino-core-cache/core_arduino_samd_mkrwifi1010_0d900ac78734c9038bbcc9caccb00992.a(cortex_handlers.c.o)
                0x0000000000002000                exception_table
 *(.text*)
 .text          0x00000000000020b4       0x48 /home/boy/.arduino15/packages/arduino/tools/arm-none-eabi-gcc/7-2017q4/bin/../lib/gcc/arm-none-eabi/7.2.1/thumb/v6-m/crtbegin.o
 .text.loop     0x00000000000020fc       0x14 /tmp/arduino-sketch-7C1300CC4FF8AF73F58C6F35276C335C/sketch/SafeBox.ino.cpp.o
                0x00000000000020fc                loop
 .text.setup    0x0000000000002110       0x54 /tmp/arduino-sketch-7C1300CC4FF8AF73F58C6F35276C335C/sketch/SafeBox.ino.cpp.o
                0x0000000000002110                setup
 .text._ZN7savebox2SB8accidentEv
                0x0000000000002164        0x4 /tmp/arduino-sketch-7C1300CC4FF8AF73F58C6F35276C335C/sketch/src/SB.cpp.o
                0x0000000000002164                savebox::SB::accident()
 .text._ZN7savebox2SB8sendDataEv
                0x0000000000002168        0x2 /tmp/arduino-sketch-7C1300CC4FF8AF73F58C6F35276C335C/sketch/src/SB.cpp.o
                0x0000000000002168                savebox::SB::sendData()
 *fill*         0x000000000000216a        0x2 
 .text._ZN7savebox2SBD2Ev
                0x000000000000216c       0x18 /tmp/arduino-sketch-7C1300CC4FF8AF73F58C6F35276C335C/sketch/src/SB.cpp.o
                0x000000000000216c                savebox::SB::~SB()
                0x000000000000216c                savebox::SB::~SB()
 .text._ZN7savebox2SBD0Ev
                0x0000000000002184       0x12 /tmp/arduino-sketch-7C1300CC4FF8AF73F58C6F35276C335C/sketch/src/SB.cpp.o
                0x0000000000002184                savebox::SB::~SB()
 .text._ZN7savebox2SB10connectionEPKcS2_S2_S2_
                0x0000000000002196       0x34 /tmp/arduino-sketch-7C1300CC4FF8AF73F58C6F35276C335C/sketch/src/SB.cpp.o
                0x0000000000002196                savebox::SB::connection(char const*, char const*, char const*, char const*)
 *fill*         0x00000000000021ca        0x2 
 .text._ZN7savebox2SBC2Ev
                0x00000000000021cc       0x48 /tmp/arduino-sketch-7C1300CC4FF8AF73F58C6F35276C335C/sketch/src/SB.cpp.o
                0x00000000000021cc                savebox::SB::SB()
                0x00000000000021cc                savebox::SB::SB()
 .text._ZN7savebox2SB3runEv
                0x0000000000002214       0xf4 /tmp/arduino-sketch-7C1300CC4FF8AF73F58C6F35276C335C/sketch/src/SB.cpp.o
                0x0000000000002214                savebox::SB::run()
 .text._ZN7savebox10ConnectionC2EPKcS2_S2_S2_
                0x0000000000002308        0xc /tmp/arduino-sketch-7C1300CC4FF8AF73F58C6F35276C335C/sketch/src/utility/Connection.cpp.o
                0x0000000000002308                savebox::Connection::Connection(char const*, char const*, char const*, char const*)
                0x0000000000002308                savebox::Connection::Connection(char const*, char const*, char const*, char const*)
 .text._ZN7savebox10Connection10connectionEv
                0x0000000000002314      0x368 /tmp/arduino-sketch-7C1300CC4FF8AF73F58C6F35276C335C/sketch/src/utility/Connection.cpp.o
                0x0000000000002314                savebox::Connection::connection()
 .text._ZN7arduino5Print17availableForWriteEv
                0x000000000000267c        0x4 /tmp/arduino-sketch-7C1300CC4FF8AF73F58C6F35276C335C/libraries/Wire/Wire.cpp.o
                0x000000000000267c                arduino::Print::availableForWrite()
 .text._ZN7arduino7TwoWire11requestFromEhj
                0x0000000000002680        0xc /tmp/arduino-sketch-7C1300CC4FF8AF73F58C6F35276C335C/libraries/Wire/Wire.cpp.o
                0x0000000000002680                arduino::TwoWire::requestFrom(unsigned char, unsigned int)
 .text._ZN7arduino7TwoWire17beginTransmissionEh
                0x000000000000268c       0x18 /tmp/arduino-sketch-7C1300CC4FF8AF73F58C6F35276C335C/libraries/Wire/Wire.cpp.o
                0x000000000000268c                arduino::TwoWire::beginTransmission(unsigned char)
 .text._ZN7arduino7TwoWire15endTransmissionEv
                0x00000000000026a4        0xc /tmp/arduino-sketch-7C1300CC4FF8AF73F58C6F35276C335C/libraries/Wire/Wire.cpp.o
                0x00000000000026a4                arduino::TwoWire::endTransmission()
 .text._ZN7arduino7TwoWire5writeEPKhj
                0x00000000000026b0       0x24 /tmp/arduino-sketch-7C1300CC4FF8AF73F58C6F35276C335C/libraries/Wire/Wire.cpp.o
                0x00000000000026b0                arduino::TwoWire::write(unsigned char const*, unsigned int)
 .text._ZN7arduino7TwoWire9availableEv
                0x00000000000026d4        0x6 /tmp/arduino-sketch-7C1300CC4FF8AF73F58C6F35276C335C/libraries/Wire/Wire.cpp.o
                0x00000000000026d4                arduino::TwoWire::available()
 .text._ZN7arduino7TwoWire5flushEv
                0x00000000000026da        0x2 /tmp/arduino-sketch-7C1300CC4FF8AF73F58C6F35276C335C/libraries/Wire/Wire.cpp.o
                0x00000000000026da                arduino::TwoWire::flush()
 .text._ZN7arduino7TwoWire9onReceiveEPFviE
                0x00000000000026dc        0x8 /tmp/arduino-sketch-7C1300CC4FF8AF73F58C6F35276C335C/libraries/Wire/Wire.cpp.o
                0x00000000000026dc                arduino::TwoWire::onReceive(void (*)(int))
 .text._ZN7arduino7TwoWire9onRequestEPFvvE
                0x00000000000026e4        0x8 /tmp/arduino-sketch-7C1300CC4FF8AF73F58C6F35276C335C/libraries/Wire/Wire.cpp.o
                0x00000000000026e4                arduino::TwoWire::onRequest(void (*)())
 .text._ZN7arduino7TwoWire4peekEv
                0x00000000000026ec       0x18 /tmp/arduino-sketch-7C1300CC4FF8AF73F58C6F35276C335C/libraries/Wire/Wire.cpp.o
                0x00000000000026ec                arduino::TwoWire::peek()
 .text._ZN7arduino7TwoWire5beginEv
                0x0000000000002704       0x40 /tmp/arduino-sketch-7C1300CC4FF8AF73F58C6F35276C335C/libraries/Wire/Wire.cpp.o
                0x0000000000002704                arduino::TwoWire::begin()
 .text._ZN7arduino7TwoWire8setClockEm
                0x0000000000002744       0x1c /tmp/arduino-sketch-7C1300CC4FF8AF73F58C6F35276C335C/libraries/Wire/Wire.cpp.o
                0x0000000000002744                arduino::TwoWire::setClock(unsigned long)
 .text._ZN7arduino7TwoWire3endEv
                0x0000000000002760        0xa /tmp/arduino-sketch-7C1300CC4FF8AF73F58C6F35276C335C/libraries/Wire/Wire.cpp.o
                0x0000000000002760                arduino::TwoWire::end()
 *fill*         0x000000000000276a        0x2 
 .text._ZN7arduino7TwoWireC2EP6SERCOMhh
                0x000000000000276c       0x64 /tmp/arduino-sketch-7C1300CC4FF8AF73F58C6F35276C335C/libraries/Wire/Wire.cpp.o
                0x000000000000276c                arduino::TwoWire::TwoWire(SERCOM*, unsigned char, unsigned char)
                0x000000000000276c                arduino::TwoWire::TwoWire(SERCOM*, unsigned char, unsigned char)
 .text._ZN7arduino7TwoWire5beginEhb
                0x00000000000027d0       0x38 /tmp/arduino-sketch-7C1300CC4FF8AF73F58C6F35276C335C/libraries/Wire/Wire.cpp.o
                0x00000000000027d0                arduino::TwoWire::begin(unsigned char, bool)
 .text._ZN7arduino7TwoWire5beginEh
                0x0000000000002808        0xa /tmp/arduino-sketch-7C1300CC4FF8AF73F58C6F35276C335C/libraries/Wire/Wire.cpp.o
                0x0000000000002808                arduino::TwoWire::begin(unsigned char)
 .text._ZN7arduino11RingBufferNILi256EE10store_charEh
                0x0000000000002812       0x24 /tmp/arduino-sketch-7C1300CC4FF8AF73F58C6F35276C335C/libraries/Wire/Wire.cpp.o
                0x0000000000002812                arduino::RingBufferN<256>::store_char(unsigned char)
 .text._ZN7arduino7TwoWire11requestFromEhjb
                0x0000000000002836       0x90 /tmp/arduino-sketch-7C1300CC4FF8AF73F58C6F35276C335C/libraries/Wire/Wire.cpp.o
                0x0000000000002836                arduino::TwoWire::requestFrom(unsigned char, unsigned int, bool)
 .text._ZN7arduino7TwoWire5writeEh
                0x00000000000028c6       0x28 /tmp/arduino-sketch-7C1300CC4FF8AF73F58C6F35276C335C/libraries/Wire/Wire.cpp.o
                0x00000000000028c6                arduino::TwoWire::write(unsigned char)
 .text._ZN7arduino11RingBufferNILi256EE9read_charEv
                0x00000000000028ee       0x24 /tmp/arduino-sketch-7C1300CC4FF8AF73F58C6F35276C335C/libraries/Wire/Wire.cpp.o
                0x00000000000028ee                arduino::RingBufferN<256>::read_char()
 .text._ZN7arduino7TwoWire15endTransmissionEb
                0x0000000000002912       0x66 /tmp/arduino-sketch-7C1300CC4FF8AF73F58C6F35276C335C/libraries/Wire/Wire.cpp.o
                0x0000000000002912                arduino::TwoWire::endTransmission(bool)
 .text._ZN7arduino7TwoWire4readEv
                0x0000000000002978        0xa /tmp/arduino-sketch-7C1300CC4FF8AF73F58C6F35276C335C/libraries/Wire/Wire.cpp.o
                0x0000000000002978                arduino::TwoWire::read()
 .text._ZN7arduino7TwoWire9onServiceEv
                0x0000000000002982      0x114 /tmp/arduino-sketch-7C1300CC4FF8AF73F58C6F35276C335C/libraries/Wire/Wire.cpp.o
                0x0000000000002982                arduino::TwoWire::onService()
 *fill*         0x0000000000002a96        0x2 
 .text.SERCOM2_Handler
                0x0000000000002a98       0x10 /tmp/arduino-sketch-7C1300CC4FF8AF73F58C6F35276C335C/libraries/Wire/Wire.cpp.o
                0x0000000000002a98                SERCOM2_Handler
 .text.startup._GLOBAL__sub_I__ZN7arduino7TwoWireC2EP6SERCOMhh
                0x0000000000002aa8       0x18 /tmp/arduino-sketch-7C1300CC4FF8AF73F58C6F35276C335C/libraries/Wire/Wire.cpp.o
 .text._ZN14Firebase_ClassD2Ev
                0x0000000000002ac0       0x24 /tmp/arduino-sketch-7C1300CC4FF8AF73F58C6F35276C335C/libraries/Firebase_Arduino_based_on_WiFiNINA/Firebase.cpp.o
                0x0000000000002ac0                Firebase_Class::~Firebase_Class()
                0x0000000000002ac0                Firebase_Class::~Firebase_Class()
 .text._ZN11NumToString4newPEj.isra.2
                0x0000000000002ae4       0x16 /tmp/arduino-sketch-7C1300CC4FF8AF73F58C6F35276C335C/libraries/Firebase_Arduino_based_on_WiFiNINA/Firebase.cpp.o
 .text._ZN11NumToString4delPEPc.isra.3
                0x0000000000002afa        0xc /tmp/arduino-sketch-7C1300CC4FF8AF73F58C6F35276C335C/libraries/Firebase_Arduino_based_on_WiFiNINA/Firebase.cpp.o
 .text._ZN14Firebase_Class4delPEPc.constprop.13
                0x0000000000002b06        0xc /tmp/arduino-sketch-7C1300CC4FF8AF73F58C6F35276C335C/libraries/Firebase_Arduino_based_on_WiFiNINA/Firebase.cpp.o
 .text._ZN14Firebase_Class8clearStrERN7arduino6StringE.constprop.14
                0x0000000000002b12        0xc /tmp/arduino-sketch-7C1300CC4FF8AF73F58C6F35276C335C/libraries/Firebase_Arduino_based_on_WiFiNINA/Firebase.cpp.o
 .text._ZN11NumToStringD2Ev
                0x0000000000002b1e        0xe /tmp/arduino-sketch-7C1300CC4FF8AF73F58C6F35276C335C/libraries/Firebase_Arduino_based_on_WiFiNINA/Firebase.cpp.o
                0x0000000000002b1e                NumToString::~NumToString()
                0x0000000000002b1e                NumToString::~NumToString()
 .text._ZN11NumToString4initEj
                0x0000000000002b2c       0x16 /tmp/arduino-sketch-7C1300CC4FF8AF73F58C6F35276C335C/libraries/Firebase_Arduino_based_on_WiFiNINA/Firebase.cpp.o
                0x0000000000002b2c                NumToString::init(unsigned int)
 *fill*         0x0000000000002b42        0x2 
 .text._ZN11NumToString8int32StrEl
                0x0000000000002b44       0x1c /tmp/arduino-sketch-7C1300CC4FF8AF73F58C6F35276C335C/libraries/Firebase_Arduino_based_on_WiFiNINA/Firebase.cpp.o
                0x0000000000002b44                NumToString::int32Str(long)
 .text._ZN11NumToStringC2Ei
                0x0000000000002b60       0x10 /tmp/arduino-sketch-7C1300CC4FF8AF73F58C6F35276C335C/libraries/Firebase_Arduino_based_on_WiFiNINA/Firebase.cpp.o
                0x0000000000002b60                NumToString::NumToString(int)
                0x0000000000002b60                NumToString::NumToString(int)
 .text._ZN14Firebase_ClassC2Ev
                0x0000000000002b70       0x40 /tmp/arduino-sketch-7C1300CC4FF8AF73F58C6F35276C335C/libraries/Firebase_Arduino_based_on_WiFiNINA/Firebase.cpp.o
                0x0000000000002b70                Firebase_Class::Firebase_Class()
                0x0000000000002b70                Firebase_Class::Firebase_Class()
 .text._ZN14Firebase_Class5beginERKN7arduino6StringES3_S3_S3_
                0x0000000000002bb0       0x32 /tmp/arduino-sketch-7C1300CC4FF8AF73F58C6F35276C335C/libraries/Firebase_Arduino_based_on_WiFiNINA/Firebase.cpp.o
                0x0000000000002bb0                Firebase_Class::begin(arduino::String const&, arduino::String const&, arduino::String const&, arduino::String const&)
 .text._ZN14Firebase_Class13reconnectWiFiEb
                0x0000000000002be2        0x6 /tmp/arduino-sketch-7C1300CC4FF8AF73F58C6F35276C335C/libraries/Firebase_Arduino_based_on_WiFiNINA/Firebase.cpp.o
                0x0000000000002be2                Firebase_Class::reconnectWiFi(bool)
 .text._ZN14Firebase_Class11apConnectedER12FirebaseData
                0x0000000000002be8       0x20 /tmp/arduino-sketch-7C1300CC4FF8AF73F58C6F35276C335C/libraries/Firebase_Arduino_based_on_WiFiNINA/Firebase.cpp.o
                0x0000000000002be8                Firebase_Class::apConnected(FirebaseData&)
 .text._ZN14Firebase_Class15autoConnectWiFiEv
                0x0000000000002c08       0x38 /tmp/arduino-sketch-7C1300CC4FF8AF73F58C6F35276C335C/libraries/Firebase_Arduino_based_on_WiFiNINA/Firebase.cpp.o
                0x0000000000002c08                Firebase_Class::autoConnectWiFi()
 .text._ZN14Firebase_Class9reconnectEv
                0x0000000000002c40       0x64 /tmp/arduino-sketch-7C1300CC4FF8AF73F58C6F35276C335C/libraries/Firebase_Arduino_based_on_WiFiNINA/Firebase.cpp.o
                0x0000000000002c40                Firebase_Class::reconnect()
 .text._ZN14Firebase_Class9reconnectER12FirebaseData
                0x0000000000002ca4       0x16 /tmp/arduino-sketch-7C1300CC4FF8AF73F58C6F35276C335C/libraries/Firebase_Arduino_based_on_WiFiNINA/Firebase.cpp.o
                0x0000000000002ca4                Firebase_Class::reconnect(FirebaseData&)
 *fill*         0x0000000000002cba        0x2 
 .text._ZN14Firebase_Class6calCRCEPKc
                0x0000000000002cbc       0x38 /tmp/arduino-sketch-7C1300CC4FF8AF73F58C6F35276C335C/libraries/Firebase_Arduino_based_on_WiFiNINA/Firebase.cpp.o
                0x0000000000002cbc                Firebase_Class::calCRC(char const*)
 .text._ZN14Firebase_Class4newPEj
                0x0000000000002cf4       0x18 /tmp/arduino-sketch-7C1300CC4FF8AF73F58C6F35276C335C/libraries/Firebase_Arduino_based_on_WiFiNINA/Firebase.cpp.o
                0x0000000000002cf4                Firebase_Class::newP(unsigned int)
 .text._ZN14Firebase_Class4strPEPKc
                0x0000000000002d0c       0x20 /tmp/arduino-sketch-7C1300CC4FF8AF73F58C6F35276C335C/libraries/Firebase_Arduino_based_on_WiFiNINA/Firebase.cpp.o
                0x0000000000002d0c                Firebase_Class::strP(char const*)
 .text._ZN14Firebase_Class20buildFirebaseRequestERN7arduino6StringER12FirebaseDataPKchS6_S6_i
                0x0000000000002d2c      0x264 /tmp/arduino-sketch-7C1300CC4FF8AF73F58C6F35276C335C/libraries/Firebase_Arduino_based_on_WiFiNINA/Firebase.cpp.o
                0x0000000000002d2c                Firebase_Class::buildFirebaseRequest(arduino::String&, FirebaseData&, char const*, unsigned char, char const*, char const*, int)
 .text._ZN14Firebase_Class9clearFlagER12FirebaseData
                0x0000000000002f90       0x1a /tmp/arduino-sketch-7C1300CC4FF8AF73F58C6F35276C335C/libraries/Firebase_Arduino_based_on_WiFiNINA/Firebase.cpp.o
                0x0000000000002f90                Firebase_Class::clearFlag(FirebaseData&)
 *fill*         0x0000000000002faa        0x2 
 .text._ZN14Firebase_Class7connectER12FirebaseDataPKchhS3_
                0x0000000000002fac      0x1f0 /tmp/arduino-sketch-7C1300CC4FF8AF73F58C6F35276C335C/libraries/Firebase_Arduino_based_on_WiFiNINA/Firebase.cpp.o
                0x0000000000002fac                Firebase_Class::connect(FirebaseData&, char const*, unsigned char, unsigned char, char const*)
 .text._ZN14Firebase_Class13connectStreamER12FirebaseDataPKc
                0x000000000000319c       0x8c /tmp/arduino-sketch-7C1300CC4FF8AF73F58C6F35276C335C/libraries/Firebase_Arduino_based_on_WiFiNINA/Firebase.cpp.o
                0x000000000000319c                Firebase_Class::connectStream(FirebaseData&, char const*)
 .text._ZN14Firebase_Class13errorToStringEi
                0x0000000000003228      0x204 /tmp/arduino-sketch-7C1300CC4FF8AF73F58C6F35276C335C/libraries/Firebase_Arduino_based_on_WiFiNINA/Firebase.cpp.o
                0x0000000000003228                Firebase_Class::errorToString(int)
 .text._ZN14Firebase_Class6strposEPKcS1_i
                0x000000000000342c       0x4e /tmp/arduino-sketch-7C1300CC4FF8AF73F58C6F35276C335C/libraries/Firebase_Arduino_based_on_WiFiNINA/Firebase.cpp.o
                0x000000000000342c                Firebase_Class::strpos(char const*, char const*, int)
 .text._ZN14Firebase_Class7strposPEPKcS1_i
                0x000000000000347a       0x28 /tmp/arduino-sketch-7C1300CC4FF8AF73F58C6F35276C335C/libraries/Firebase_Arduino_based_on_WiFiNINA/Firebase.cpp.o
                0x000000000000347a                Firebase_Class::strposP(char const*, char const*, int)
 .text._ZN14Firebase_Class9getHeaderEPKcRN7arduino6StringES1_
                0x00000000000034a2       0x70 /tmp/arduino-sketch-7C1300CC4FF8AF73F58C6F35276C335C/libraries/Firebase_Arduino_based_on_WiFiNINA/Firebase.cpp.o
                0x00000000000034a2                Firebase_Class::getHeader(char const*, arduino::String&, char const*)
 *fill*         0x0000000000003512        0x2 
 .text._ZN14Firebase_Class11setDataTypeER12FirebaseDataPKc
                0x0000000000003514       0xc0 /tmp/arduino-sketch-7C1300CC4FF8AF73F58C6F35276C335C/libraries/Firebase_Arduino_based_on_WiFiNINA/Firebase.cpp.o
                0x0000000000003514                Firebase_Class::setDataType(FirebaseData&, char const*)
 .text._ZN14Firebase_Class14handleResponseER12FirebaseData
                0x00000000000035d4      0x5f4 /tmp/arduino-sketch-7C1300CC4FF8AF73F58C6F35276C335C/libraries/Firebase_Arduino_based_on_WiFiNINA/Firebase.cpp.o
                0x00000000000035d4                Firebase_Class::handleResponse(FirebaseData&)
 .text._ZN14Firebase_Class12handleStreamER12FirebaseData
                0x0000000000003bc8       0xa8 /tmp/arduino-sketch-7C1300CC4FF8AF73F58C6F35276C335C/libraries/Firebase_Arduino_based_on_WiFiNINA/Firebase.cpp.o
                0x0000000000003bc8                Firebase_Class::handleStream(FirebaseData&)
 .text._ZN14Firebase_Class11sendRequestER12FirebaseDataPKchhS3_
                0x0000000000003c70      0x134 /tmp/arduino-sketch-7C1300CC4FF8AF73F58C6F35276C335C/libraries/Firebase_Arduino_based_on_WiFiNINA/Firebase.cpp.o
                0x0000000000003c70                Firebase_Class::sendRequest(FirebaseData&, char const*, unsigned char, unsigned char, char const*)
 .text._ZN14Firebase_Class6setIntER12FirebaseDataRKN7arduino6StringEy
                0x0000000000003da4       0x8a /tmp/arduino-sketch-7C1300CC4FF8AF73F58C6F35276C335C/libraries/Firebase_Arduino_based_on_WiFiNINA/Firebase.cpp.o
                0x0000000000003da4                Firebase_Class::setInt(FirebaseData&, arduino::String const&, unsigned long long)
 .text._ZN12FirebaseData5clearEv
                0x0000000000003e2e       0x46 /tmp/arduino-sketch-7C1300CC4FF8AF73F58C6F35276C335C/libraries/Firebase_Arduino_based_on_WiFiNINA/Firebase.cpp.o
                0x0000000000003e2e                FirebaseData::clear()
 .text._ZN12FirebaseData3endEv
                0x0000000000003e74       0x1a /tmp/arduino-sketch-7C1300CC4FF8AF73F58C6F35276C335C/libraries/Firebase_Arduino_based_on_WiFiNINA/Firebase.cpp.o
                0x0000000000003e74                FirebaseData::end()
 *fill*         0x0000000000003e8e        0x2 
 .text._ZN12FirebaseData8dataTypeEv
                0x0000000000003e90       0x98 /tmp/arduino-sketch-7C1300CC4FF8AF73F58C6F35276C335C/libraries/Firebase_Arduino_based_on_WiFiNINA/Firebase.cpp.o
                0x0000000000003e90                FirebaseData::dataType()
 .text._ZN12FirebaseData8dataPathEv
                0x0000000000003f28        0xe /tmp/arduino-sketch-7C1300CC4FF8AF73F58C6F35276C335C/libraries/Firebase_Arduino_based_on_WiFiNINA/Firebase.cpp.o
                0x0000000000003f28                FirebaseData::dataPath()
 .text._ZN12FirebaseData7intDataEv
                0x0000000000003f36       0x20 /tmp/arduino-sketch-7C1300CC4FF8AF73F58C6F35276C335C/libraries/Firebase_Arduino_based_on_WiFiNINA/Firebase.cpp.o
                0x0000000000003f36                FirebaseData::intData()
 .text._ZN12FirebaseData10uint64DataEv
                0x0000000000003f56       0x30 /tmp/arduino-sketch-7C1300CC4FF8AF73F58C6F35276C335C/libraries/Firebase_Arduino_based_on_WiFiNINA/Firebase.cpp.o
                0x0000000000003f56                FirebaseData::uint64Data()
 .text._ZN12FirebaseData9int64DataEv
                0x0000000000003f86       0x26 /tmp/arduino-sketch-7C1300CC4FF8AF73F58C6F35276C335C/libraries/Firebase_Arduino_based_on_WiFiNINA/Firebase.cpp.o
                0x0000000000003f86                FirebaseData::int64Data()
 .text._ZN12FirebaseData10doubleDataEv
                0x0000000000003fac       0x22 /tmp/arduino-sketch-7C1300CC4FF8AF73F58C6F35276C335C/libraries/Firebase_Arduino_based_on_WiFiNINA/Firebase.cpp.o
                0x0000000000003fac                FirebaseData::doubleData()
 .text._ZN12FirebaseData9floatDataEv
                0x0000000000003fce       0x24 /tmp/arduino-sketch-7C1300CC4FF8AF73F58C6F35276C335C/libraries/Firebase_Arduino_based_on_WiFiNINA/Firebase.cpp.o
                0x0000000000003fce                FirebaseData::floatData()
 *fill*         0x0000000000003ff2        0x2 
 .text._ZN12FirebaseData8boolDataEv
                0x0000000000003ff4       0x28 /tmp/arduino-sketch-7C1300CC4FF8AF73F58C6F35276C335C/libraries/Firebase_Arduino_based_on_WiFiNINA/Firebase.cpp.o
                0x0000000000003ff4                FirebaseData::boolData()
 .text._ZN12FirebaseData10stringDataEv
                0x000000000000401c       0x2c /tmp/arduino-sketch-7C1300CC4FF8AF73F58C6F35276C335C/libraries/Firebase_Arduino_based_on_WiFiNINA/Firebase.cpp.o
                0x000000000000401c                FirebaseData::stringData()
 .text._ZN12FirebaseData8jsonDataEv
                0x0000000000004048       0x28 /tmp/arduino-sketch-7C1300CC4FF8AF73F58C6F35276C335C/libraries/Firebase_Arduino_based_on_WiFiNINA/Firebase.cpp.o
                0x0000000000004048                FirebaseData::jsonData()
 .text._ZN12FirebaseData9arrayDataEv
                0x0000000000004070       0x28 /tmp/arduino-sketch-7C1300CC4FF8AF73F58C6F35276C335C/libraries/Firebase_Arduino_based_on_WiFiNINA/Firebase.cpp.o
                0x0000000000004070                FirebaseData::arrayData()
 .text._ZN12FirebaseData11errorReasonEv
                0x0000000000004098       0x80 /tmp/arduino-sketch-7C1300CC4FF8AF73F58C6F35276C335C/libraries/Firebase_Arduino_based_on_WiFiNINA/Firebase.cpp.o
                0x0000000000004098                FirebaseData::errorReason()
 .text._ZN11QueryFilter10clearQueryEv
                0x0000000000004118       0x3a /tmp/arduino-sketch-7C1300CC4FF8AF73F58C6F35276C335C/libraries/Firebase_Arduino_based_on_WiFiNINA/Firebase.cpp.o
                0x0000000000004118                QueryFilter::clearQuery()
 *fill*         0x0000000000004152        0x2 
 .text._ZN11QueryFilterC2Ev
                0x0000000000004154       0x4c /tmp/arduino-sketch-7C1300CC4FF8AF73F58C6F35276C335C/libraries/Firebase_Arduino_based_on_WiFiNINA/Firebase.cpp.o
                0x0000000000004154                QueryFilter::QueryFilter()
                0x0000000000004154                QueryFilter::QueryFilter()
 .text._ZN12FirebaseDataC2Ev
                0x00000000000041a0       0x6c /tmp/arduino-sketch-7C1300CC4FF8AF73F58C6F35276C335C/libraries/Firebase_Arduino_based_on_WiFiNINA/Firebase.cpp.o
                0x00000000000041a0                FirebaseData::FirebaseData()
                0x00000000000041a0                FirebaseData::FirebaseData()
 .text._ZN11QueryFilterD2Ev
                0x000000000000420c       0x3a /tmp/arduino-sketch-7C1300CC4FF8AF73F58C6F35276C335C/libraries/Firebase_Arduino_based_on_WiFiNINA/Firebase.cpp.o
                0x000000000000420c                QueryFilter::~QueryFilter()
                0x000000000000420c                QueryFilter::~QueryFilter()
 .text._ZN12FirebaseDataD2Ev
                0x0000000000004246       0x52 /tmp/arduino-sketch-7C1300CC4FF8AF73F58C6F35276C335C/libraries/Firebase_Arduino_based_on_WiFiNINA/Firebase.cpp.o
                0x0000000000004246                FirebaseData::~FirebaseData()
                0x0000000000004246                FirebaseData::~FirebaseData()
 .text.startup._GLOBAL__sub_I__ZN14Firebase_ClassC2Ev
                0x0000000000004298       0x24 /tmp/arduino-sketch-7C1300CC4FF8AF73F58C6F35276C335C/libraries/Firebase_Arduino_based_on_WiFiNINA/Firebase.cpp.o
 .text._ZN19Firebase_TCP_ClientC2Ev
                0x00000000000042bc       0x28 /tmp/arduino-sketch-7C1300CC4FF8AF73F58C6F35276C335C/libraries/Firebase_Arduino_based_on_WiFiNINA/Firebase_TCP_Client.cpp.o
                0x00000000000042bc                Firebase_TCP_Client::Firebase_TCP_Client()
                0x00000000000042bc                Firebase_TCP_Client::Firebase_TCP_Client()
 .text._ZN19Firebase_TCP_Client5beginEPKct
                0x00000000000042e4       0x1a /tmp/arduino-sketch-7C1300CC4FF8AF73F58C6F35276C335C/libraries/Firebase_Arduino_based_on_WiFiNINA/Firebase_TCP_Client.cpp.o
                0x00000000000042e4                Firebase_TCP_Client::begin(char const*, unsigned short)
 .text._ZN19Firebase_TCP_ClientD2Ev
                0x00000000000042fe       0x20 /tmp/arduino-sketch-7C1300CC4FF8AF73F58C6F35276C335C/libraries/Firebase_Arduino_based_on_WiFiNINA/Firebase_TCP_Client.cpp.o
                0x00000000000042fe                Firebase_TCP_Client::~Firebase_TCP_Client()
                0x00000000000042fe                Firebase_TCP_Client::~Firebase_TCP_Client()
 .text._ZN19Firebase_TCP_Client9connectedEv
                0x000000000000431e        0xe /tmp/arduino-sketch-7C1300CC4FF8AF73F58C6F35276C335C/libraries/Firebase_Arduino_based_on_WiFiNINA/Firebase_TCP_Client.cpp.o
                0x000000000000431e                Firebase_TCP_Client::connected()
 .text._ZN19Firebase_TCP_Client9availableEv
                0x000000000000432c        0x8 /tmp/arduino-sketch-7C1300CC4FF8AF73F58C6F35276C335C/libraries/Firebase_Arduino_based_on_WiFiNINA/Firebase_TCP_Client.cpp.o
                0x000000000000432c                Firebase_TCP_Client::available()
 .text._ZN19Firebase_TCP_Client4readEv
                0x0000000000004334        0x8 /tmp/arduino-sketch-7C1300CC4FF8AF73F58C6F35276C335C/libraries/Firebase_Arduino_based_on_WiFiNINA/Firebase_TCP_Client.cpp.o
                0x0000000000004334                Firebase_TCP_Client::read()
 .text._ZN19Firebase_TCP_Client5closeEv
                0x000000000000433c       0x32 /tmp/arduino-sketch-7C1300CC4FF8AF73F58C6F35276C335C/libraries/Firebase_Arduino_based_on_WiFiNINA/Firebase_TCP_Client.cpp.o
                0x000000000000433c                Firebase_TCP_Client::close()
 .text._ZN19Firebase_TCP_Client7connectEv
                0x000000000000436e       0x38 /tmp/arduino-sketch-7C1300CC4FF8AF73F58C6F35276C335C/libraries/Firebase_Arduino_based_on_WiFiNINA/Firebase_TCP_Client.cpp.o
                0x000000000000436e                Firebase_TCP_Client::connect()
 .text._ZN19Firebase_TCP_Client4sendEPKc
                0x00000000000043a6       0x36 /tmp/arduino-sketch-7C1300CC4FF8AF73F58C6F35276C335C/libraries/Firebase_Arduino_based_on_WiFiNINA/Firebase_TCP_Client.cpp.o
                0x00000000000043a6                Firebase_TCP_Client::send(char const*)
 .text._ZN12SPIClassSAMD8transferEPvj
                0x00000000000043dc       0x1e /tmp/arduino-sketch-7C1300CC4FF8AF73F58C6F35276C335C/libraries/SPI/SPI.cpp.o
                0x00000000000043dc                SPIClassSAMD::transfer(void*, unsigned int)
 .text._ZN12SPIClassSAMD15attachInterruptEv
                0x00000000000043fa        0x2 /tmp/arduino-sketch-7C1300CC4FF8AF73F58C6F35276C335C/libraries/SPI/SPI.cpp.o
                0x00000000000043fa                SPIClassSAMD::attachInterrupt()
                0x00000000000043fa                SPIClassSAMD::detachInterrupt()
 .text._ZN12SPIClassSAMDD2Ev
                0x00000000000043fc        0x2 /tmp/arduino-sketch-7C1300CC4FF8AF73F58C6F35276C335C/libraries/SPI/SPI.cpp.o
                0x00000000000043fc                SPIClassSAMD::~SPIClassSAMD()
                0x00000000000043fc                SPIClassSAMD::~SPIClassSAMD()
 .text._ZN12SPIClassSAMD3endEv
                0x00000000000043fe       0x10 /tmp/arduino-sketch-7C1300CC4FF8AF73F58C6F35276C335C/libraries/SPI/SPI.cpp.o
                0x00000000000043fe                SPIClassSAMD::end()
 .text._ZN12SPIClassSAMD8transferEh
                0x000000000000440e        0xa /tmp/arduino-sketch-7C1300CC4FF8AF73F58C6F35276C335C/libraries/SPI/SPI.cpp.o
                0x000000000000440e                SPIClassSAMD::transfer(unsigned char)
 .text._ZN12SPIClassSAMD10transfer16Et
                0x0000000000004418       0x58 /tmp/arduino-sketch-7C1300CC4FF8AF73F58C6F35276C335C/libraries/SPI/SPI.cpp.o
                0x0000000000004418                SPIClassSAMD::transfer16(unsigned short)
 .text._ZN12SPIClassSAMDD0Ev
                0x0000000000004470        0xc /tmp/arduino-sketch-7C1300CC4FF8AF73F58C6F35276C335C/libraries/SPI/SPI.cpp.o
                0x0000000000004470                SPIClassSAMD::~SPIClassSAMD()
 .text._ZN12SPIClassSAMD14usingInterruptEi
                0x000000000000447c       0x44 /tmp/arduino-sketch-7C1300CC4FF8AF73F58C6F35276C335C/libraries/SPI/SPI.cpp.o
                0x000000000000447c                SPIClassSAMD::usingInterrupt(int)
 .text._ZN12SPIClassSAMD17notUsingInterruptEi
                0x00000000000044c0       0x3c /tmp/arduino-sketch-7C1300CC4FF8AF73F58C6F35276C335C/libraries/SPI/SPI.cpp.o
                0x00000000000044c0                SPIClassSAMD::notUsingInterrupt(int)
 .text._ZN12SPIClassSAMD14endTransactionEv
                0x00000000000044fc       0x28 /tmp/arduino-sketch-7C1300CC4FF8AF73F58C6F35276C335C/libraries/SPI/SPI.cpp.o
                0x00000000000044fc                SPIClassSAMD::endTransaction()
 .text._ZN12SPIClassSAMD4initEv
                0x0000000000004524       0x12 /tmp/arduino-sketch-7C1300CC4FF8AF73F58C6F35276C335C/libraries/SPI/SPI.cpp.o
                0x0000000000004524                SPIClassSAMD::init()
 *fill*         0x0000000000004536        0x2 
 .text._ZN12SPIClassSAMD6configEN7arduino11SPISettingsE
                0x0000000000004538       0x74 /tmp/arduino-sketch-7C1300CC4FF8AF73F58C6F35276C335C/libraries/SPI/SPI.cpp.o
                0x0000000000004538                SPIClassSAMD::config(arduino::SPISettings)
 .text._ZN12SPIClassSAMD5beginEv
                0x00000000000045ac       0x50 /tmp/arduino-sketch-7C1300CC4FF8AF73F58C6F35276C335C/libraries/SPI/SPI.cpp.o
                0x00000000000045ac                SPIClassSAMD::begin()
 .text._ZN12SPIClassSAMD16beginTransactionEN7arduino11SPISettingsE
                0x00000000000045fc       0x38 /tmp/arduino-sketch-7C1300CC4FF8AF73F58C6F35276C335C/libraries/SPI/SPI.cpp.o
                0x00000000000045fc                SPIClassSAMD::beginTransaction(arduino::SPISettings)
 .text.startup._GLOBAL__sub_I__ZN12SPIClassSAMDC2EP6SERCOMhhh14SercomSpiTXPad11SercomRXPad
                0x0000000000004634       0x98 /tmp/arduino-sketch-7C1300CC4FF8AF73F58C6F35276C335C/libraries/SPI/SPI.cpp.o
 .text._ZN9WiFiClass7localIPEv
                0x00000000000046cc       0x12 /tmp/arduino-sketch-7C1300CC4FF8AF73F58C6F35276C335C/libraries/WiFiNINA/WiFi.cpp.o
                0x00000000000046cc                WiFiClass::localIP()
 .text._ZN9WiFiClass6statusEv
                0x00000000000046de        0x8 /tmp/arduino-sketch-7C1300CC4FF8AF73F58C6F35276C335C/libraries/WiFiNINA/WiFi.cpp.o
                0x00000000000046de                WiFiClass::status()
 .text._ZN9WiFiClass10hostByNameEPKcRN7arduino9IPAddressE
                0x00000000000046e6        0xc /tmp/arduino-sketch-7C1300CC4FF8AF73F58C6F35276C335C/libraries/WiFiNINA/WiFi.cpp.o
                0x00000000000046e6                WiFiClass::hostByName(char const*, arduino::IPAddress&)
 .text._ZN9WiFiClass12feedWatchdogEv
                0x00000000000046f2        0xc /tmp/arduino-sketch-7C1300CC4FF8AF73F58C6F35276C335C/libraries/WiFiNINA/WiFi.cpp.o
                0x00000000000046f2                WiFiClass::feedWatchdog()
 .text._ZN9WiFiClass5beginEPKcS1_
                0x00000000000046fe       0x56 /tmp/arduino-sketch-7C1300CC4FF8AF73F58C6F35276C335C/libraries/WiFiNINA/WiFi.cpp.o
                0x00000000000046fe                WiFiClass::begin(char const*, char const*)
 .text.startup._GLOBAL__sub_I__ZN9WiFiClassC2Ev
                0x0000000000004754       0x14 /tmp/arduino-sketch-7C1300CC4FF8AF73F58C6F35276C335C/libraries/WiFiNINA/WiFi.cpp.o
 .text._ZN10WiFiClient5writeEh
                0x0000000000004768       0x14 /tmp/arduino-sketch-7C1300CC4FF8AF73F58C6F35276C335C/libraries/WiFiNINA/WiFiClient.cpp.o
                0x0000000000004768                WiFiClient::write(unsigned char)
 .text._ZN10WiFiClient8setRetryEb
                0x000000000000477c        0x4 /tmp/arduino-sketch-7C1300CC4FF8AF73F58C6F35276C335C/libraries/WiFiNINA/WiFiClient.cpp.o
                0x000000000000477c                WiFiClient::setRetry(bool)
 .text._ZN10WiFiClient5flushEv
                0x0000000000004780        0x2 /tmp/arduino-sketch-7C1300CC4FF8AF73F58C6F35276C335C/libraries/WiFiNINA/WiFiClient.cpp.o
                0x0000000000004780                WiFiClient::flush()
 .text._ZN10WiFiClientcvbEv
                0x0000000000004782        0xc /tmp/arduino-sketch-7C1300CC4FF8AF73F58C6F35276C335C/libraries/WiFiNINA/WiFiClient.cpp.o
                0x0000000000004782                WiFiClient::operator bool()
 *fill*         0x000000000000478e        0x2 
 .text._ZN10WiFiClient7connectEPKct
                0x0000000000004790       0x40 /tmp/arduino-sketch-7C1300CC4FF8AF73F58C6F35276C335C/libraries/WiFiNINA/WiFiClient.cpp.o
                0x0000000000004790                WiFiClient::connect(char const*, unsigned short)
 .text._ZN10WiFiClient7connectEN7arduino9IPAddressEt
                0x00000000000047d0       0x78 /tmp/arduino-sketch-7C1300CC4FF8AF73F58C6F35276C335C/libraries/WiFiNINA/WiFiClient.cpp.o
                0x00000000000047d0                WiFiClient::connect(arduino::IPAddress, unsigned short)
 .text._ZN10WiFiClient10connectSSLEN7arduino9IPAddressEt
                0x0000000000004848       0x78 /tmp/arduino-sketch-7C1300CC4FF8AF73F58C6F35276C335C/libraries/WiFiNINA/WiFiClient.cpp.o
                0x0000000000004848                WiFiClient::connectSSL(arduino::IPAddress, unsigned short)
 .text._ZN10WiFiClient14connectBearSSLEN7arduino9IPAddressEt
                0x00000000000048c0       0x78 /tmp/arduino-sketch-7C1300CC4FF8AF73F58C6F35276C335C/libraries/WiFiNINA/WiFiClient.cpp.o
                0x00000000000048c0                WiFiClient::connectBearSSL(arduino::IPAddress, unsigned short)
 .text._ZN10WiFiClient10connectSSLEPKct
                0x0000000000004938       0x84 /tmp/arduino-sketch-7C1300CC4FF8AF73F58C6F35276C335C/libraries/WiFiNINA/WiFiClient.cpp.o
                0x0000000000004938                WiFiClient::connectSSL(char const*, unsigned short)
 .text._ZN10WiFiClient14connectBearSSLEPKct
                0x00000000000049bc       0x84 /tmp/arduino-sketch-7C1300CC4FF8AF73F58C6F35276C335C/libraries/WiFiNINA/WiFiClient.cpp.o
                0x00000000000049bc                WiFiClient::connectBearSSL(char const*, unsigned short)
 .text._ZN10WiFiClient5writeEPKhj
                0x0000000000004a40       0x56 /tmp/arduino-sketch-7C1300CC4FF8AF73F58C6F35276C335C/libraries/WiFiNINA/WiFiClient.cpp.o
                0x0000000000004a40                WiFiClient::write(unsigned char const*, unsigned int)
 *fill*         0x0000000000004a96        0x2 
 .text._ZN10WiFiClient9availableEv
                0x0000000000004a98       0x18 /tmp/arduino-sketch-7C1300CC4FF8AF73F58C6F35276C335C/libraries/WiFiNINA/WiFiClient.cpp.o
                0x0000000000004a98                WiFiClient::available()
 .text._ZN10WiFiClient4readEv
                0x0000000000004ab0       0x2c /tmp/arduino-sketch-7C1300CC4FF8AF73F58C6F35276C335C/libraries/WiFiNINA/WiFiClient.cpp.o
                0x0000000000004ab0                WiFiClient::read()
 .text._ZN10WiFiClient4readEPhj
                0x0000000000004adc       0x18 /tmp/arduino-sketch-7C1300CC4FF8AF73F58C6F35276C335C/libraries/WiFiNINA/WiFiClient.cpp.o
                0x0000000000004adc                WiFiClient::read(unsigned char*, unsigned int)
 .text._ZN10WiFiClient4peekEv
                0x0000000000004af4       0x10 /tmp/arduino-sketch-7C1300CC4FF8AF73F58C6F35276C335C/libraries/WiFiNINA/WiFiClient.cpp.o
                0x0000000000004af4                WiFiClient::peek()
 .text._ZN10WiFiClient10remotePortEv
                0x0000000000004b04       0x22 /tmp/arduino-sketch-7C1300CC4FF8AF73F58C6F35276C335C/libraries/WiFiNINA/WiFiClient.cpp.o
                0x0000000000004b04                WiFiClient::remotePort()
 .text._ZN10WiFiClient8remoteIPEv
                0x0000000000004b26       0x20 /tmp/arduino-sketch-7C1300CC4FF8AF73F58C6F35276C335C/libraries/WiFiNINA/WiFiClient.cpp.o
                0x0000000000004b26                WiFiClient::remoteIP()
 .text._ZN10WiFiClient5retryEPKhjb
                0x0000000000004b46       0x26 /tmp/arduino-sketch-7C1300CC4FF8AF73F58C6F35276C335C/libraries/WiFiNINA/WiFiClient.cpp.o
                0x0000000000004b46                WiFiClient::retry(unsigned char const*, unsigned int, bool)
 .text._ZN10WiFiClientC2Ev
                0x0000000000004b6c       0x20 /tmp/arduino-sketch-7C1300CC4FF8AF73F58C6F35276C335C/libraries/WiFiNINA/WiFiClient.cpp.o
                0x0000000000004b6c                WiFiClient::WiFiClient()
                0x0000000000004b6c                WiFiClient::WiFiClient()
 .text._ZN10WiFiClient6statusEv
                0x0000000000004b8c       0x12 /tmp/arduino-sketch-7C1300CC4FF8AF73F58C6F35276C335C/libraries/WiFiNINA/WiFiClient.cpp.o
                0x0000000000004b8c                WiFiClient::status()
 *fill*         0x0000000000004b9e        0x2 
 .text._ZN10WiFiClient4stopEv
                0x0000000000004ba0       0x3c /tmp/arduino-sketch-7C1300CC4FF8AF73F58C6F35276C335C/libraries/WiFiNINA/WiFiClient.cpp.o
                0x0000000000004ba0                WiFiClient::stop()
 .text._ZN10WiFiClient9connectedEv
                0x0000000000004bdc       0x44 /tmp/arduino-sketch-7C1300CC4FF8AF73F58C6F35276C335C/libraries/WiFiNINA/WiFiClient.cpp.o
                0x0000000000004bdc                WiFiClient::connected()
 .text._ZN13WiFiSSLClient7connectEN7arduino9IPAddressEt
                0x0000000000004c20       0x1c /tmp/arduino-sketch-7C1300CC4FF8AF73F58C6F35276C335C/libraries/WiFiNINA/WiFiSSLClient.cpp.o
                0x0000000000004c20                WiFiSSLClient::connect(arduino::IPAddress, unsigned short)
 .text._ZN13WiFiSSLClient7connectEPKct
                0x0000000000004c3c        0x8 /tmp/arduino-sketch-7C1300CC4FF8AF73F58C6F35276C335C/libraries/WiFiNINA/WiFiSSLClient.cpp.o
                0x0000000000004c3c                WiFiSSLClient::connect(char const*, unsigned short)
 .text._ZN13WiFiSSLClientC2Ev
                0x0000000000004c44       0x18 /tmp/arduino-sketch-7C1300CC4FF8AF73F58C6F35276C335C/libraries/WiFiNINA/WiFiSSLClient.cpp.o
                0x0000000000004c44                WiFiSSLClient::WiFiSSLClient()
                0x0000000000004c44                WiFiSSLClient::WiFiSSLClient()
 .text._ZN21WiFiSocketBufferClassC2Ev
                0x0000000000004c5c       0x10 /tmp/arduino-sketch-7C1300CC4FF8AF73F58C6F35276C335C/libraries/WiFiNINA/utility/WiFiSocketBuffer.cpp.o
                0x0000000000004c5c                WiFiSocketBufferClass::WiFiSocketBufferClass()
                0x0000000000004c5c                WiFiSocketBufferClass::WiFiSocketBufferClass()
 .text._ZN21WiFiSocketBufferClass5closeEi
                0x0000000000004c6c       0x1c /tmp/arduino-sketch-7C1300CC4FF8AF73F58C6F35276C335C/libraries/WiFiNINA/utility/WiFiSocketBuffer.cpp.o
                0x0000000000004c6c                WiFiSocketBufferClass::close(int)
 .text._ZN21WiFiSocketBufferClassD2Ev
                0x0000000000004c88       0x18 /tmp/arduino-sketch-7C1300CC4FF8AF73F58C6F35276C335C/libraries/WiFiNINA/utility/WiFiSocketBuffer.cpp.o
                0x0000000000004c88                WiFiSocketBufferClass::~WiFiSocketBufferClass()
                0x0000000000004c88                WiFiSocketBufferClass::~WiFiSocketBufferClass()
 .text._ZN21WiFiSocketBufferClass9availableEi
                0x0000000000004ca0       0x58 /tmp/arduino-sketch-7C1300CC4FF8AF73F58C6F35276C335C/libraries/WiFiNINA/utility/WiFiSocketBuffer.cpp.o
                0x0000000000004ca0                WiFiSocketBufferClass::available(int)
 .text._ZN21WiFiSocketBufferClass4peekEi
                0x0000000000004cf8       0x20 /tmp/arduino-sketch-7C1300CC4FF8AF73F58C6F35276C335C/libraries/WiFiNINA/utility/WiFiSocketBuffer.cpp.o
                0x0000000000004cf8                WiFiSocketBufferClass::peek(int)
 .text._ZN21WiFiSocketBufferClass4readEiPhj
                0x0000000000004d18       0x38 /tmp/arduino-sketch-7C1300CC4FF8AF73F58C6F35276C335C/libraries/WiFiNINA/utility/WiFiSocketBuffer.cpp.o
                0x0000000000004d18                WiFiSocketBufferClass::read(int, unsigned char*, unsigned int)
 .text.startup._GLOBAL__sub_I__ZN21WiFiSocketBufferClassC2Ev
                0x0000000000004d50       0x24 /tmp/arduino-sketch-7C1300CC4FF8AF73F58C6F35276C335C/libraries/WiFiNINA/utility/WiFiSocketBuffer.cpp.o
 .text._ZN9ServerDrv11startClientEmthh
                0x0000000000004d74       0x84 /tmp/arduino-sketch-7C1300CC4FF8AF73F58C6F35276C335C/libraries/WiFiNINA/utility/server_drv.cpp.o
                0x0000000000004d74                ServerDrv::startClient(unsigned long, unsigned short, unsigned char, unsigned char)
 .text._ZN9ServerDrv11startClientEPKchmthh
                0x0000000000004df8       0xa8 /tmp/arduino-sketch-7C1300CC4FF8AF73F58C6F35276C335C/libraries/WiFiNINA/utility/server_drv.cpp.o
                0x0000000000004df8                ServerDrv::startClient(char const*, unsigned char, unsigned long, unsigned short, unsigned char, unsigned char)
 .text._ZN9ServerDrv10stopClientEh
                0x0000000000004ea0       0x68 /tmp/arduino-sketch-7C1300CC4FF8AF73F58C6F35276C335C/libraries/WiFiNINA/utility/server_drv.cpp.o
                0x0000000000004ea0                ServerDrv::stopClient(unsigned char)
 .text._ZN9ServerDrv14getClientStateEh
                0x0000000000004f08       0x6c /tmp/arduino-sketch-7C1300CC4FF8AF73F58C6F35276C335C/libraries/WiFiNINA/utility/server_drv.cpp.o
                0x0000000000004f08                ServerDrv::getClientState(unsigned char)
 .text._ZN9ServerDrv10getDataBufEhPhPt
                0x0000000000004f74       0x78 /tmp/arduino-sketch-7C1300CC4FF8AF73F58C6F35276C335C/libraries/WiFiNINA/utility/server_drv.cpp.o
                0x0000000000004f74                ServerDrv::getDataBuf(unsigned char, unsigned char*, unsigned short*)
 .text._ZN9ServerDrv8sendDataEhPKht
                0x0000000000004fec       0x84 /tmp/arduino-sketch-7C1300CC4FF8AF73F58C6F35276C335C/libraries/WiFiNINA/utility/server_drv.cpp.o
                0x0000000000004fec                ServerDrv::sendData(unsigned char, unsigned char const*, unsigned short)
 .text._ZN9ServerDrv13checkDataSentEh
                0x0000000000005070       0x98 /tmp/arduino-sketch-7C1300CC4FF8AF73F58C6F35276C335C/libraries/WiFiNINA/utility/server_drv.cpp.o
                0x0000000000005070                ServerDrv::checkDataSent(unsigned char)
 .text._ZN9ServerDrv9getSocketEv
                0x0000000000005108       0x54 /tmp/arduino-sketch-7C1300CC4FF8AF73F58C6F35276C335C/libraries/WiFiNINA/utility/server_drv.cpp.o
                0x0000000000005108                ServerDrv::getSocket()
 .text._ZN6SpiDrv17waitForSlaveReadyEb
                0x000000000000515c       0x3c /tmp/arduino-sketch-7C1300CC4FF8AF73F58C6F35276C335C/libraries/WiFiNINA/utility/spi_drv.cpp.o
                0x000000000000515c                SpiDrv::waitForSlaveReady(bool)
 .text._ZN6SpiDrv9availableEv
                0x0000000000005198        0xe /tmp/arduino-sketch-7C1300CC4FF8AF73F58C6F35276C335C/libraries/WiFiNINA/utility/spi_drv.cpp.o
                0x0000000000005198                SpiDrv::available()
 *fill*         0x00000000000051a6        0x2 
 .text._ZN6SpiDrv5beginEv
                0x00000000000051a8       0xb0 /tmp/arduino-sketch-7C1300CC4FF8AF73F58C6F35276C335C/libraries/WiFiNINA/utility/spi_drv.cpp.o
                0x00000000000051a8                SpiDrv::begin()
 .text._ZN6SpiDrv14spiSlaveSelectEv
                0x0000000000005258       0x50 /tmp/arduino-sketch-7C1300CC4FF8AF73F58C6F35276C335C/libraries/WiFiNINA/utility/spi_drv.cpp.o
                0x0000000000005258                SpiDrv::spiSlaveSelect()
 .text._ZN6SpiDrv16spiSlaveDeselectEv
                0x00000000000052a8       0x1c /tmp/arduino-sketch-7C1300CC4FF8AF73F58C6F35276C335C/libraries/WiFiNINA/utility/spi_drv.cpp.o
                0x00000000000052a8                SpiDrv::spiSlaveDeselect()
 .text._ZN6SpiDrv11spiTransferEc
                0x00000000000052c4       0x18 /tmp/arduino-sketch-7C1300CC4FF8AF73F58C6F35276C335C/libraries/WiFiNINA/utility/spi_drv.cpp.o
                0x00000000000052c4                SpiDrv::spiTransfer(char)
 .text._ZN6SpiDrv8getParamEPh
                0x00000000000052dc        0xe /tmp/arduino-sketch-7C1300CC4FF8AF73F58C6F35276C335C/libraries/WiFiNINA/utility/spi_drv.cpp.o
                0x00000000000052dc                SpiDrv::getParam(unsigned char*)
 .text._ZN6SpiDrv16readAndCheckCharEcPc
                0x00000000000052ea       0x16 /tmp/arduino-sketch-7C1300CC4FF8AF73F58C6F35276C335C/libraries/WiFiNINA/utility/spi_drv.cpp.o
                0x00000000000052ea                SpiDrv::readAndCheckChar(char, char*)
 .text._ZN6SpiDrv8readCharEv
                0x0000000000005300       0x14 /tmp/arduino-sketch-7C1300CC4FF8AF73F58C6F35276C335C/libraries/WiFiNINA/utility/spi_drv.cpp.o
                0x0000000000005300                SpiDrv::readChar()
 .text._ZN6SpiDrv11waitSpiCharEh
                0x0000000000005314       0x2c /tmp/arduino-sketch-7C1300CC4FF8AF73F58C6F35276C335C/libraries/WiFiNINA/utility/spi_drv.cpp.o
                0x0000000000005314                SpiDrv::waitSpiChar(unsigned char)
 .text._ZN6SpiDrv9sendParamEPhhh
                0x0000000000005340       0x2c /tmp/arduino-sketch-7C1300CC4FF8AF73F58C6F35276C335C/libraries/WiFiNINA/utility/spi_drv.cpp.o
                0x0000000000005340                SpiDrv::sendParam(unsigned char*, unsigned char, unsigned char)
 .text._ZN6SpiDrv14sendParamLen16Et
                0x000000000000536c       0x12 /tmp/arduino-sketch-7C1300CC4FF8AF73F58C6F35276C335C/libraries/WiFiNINA/utility/spi_drv.cpp.o
                0x000000000000536c                SpiDrv::sendParamLen16(unsigned short)
 .text._ZN6SpiDrv13readParamLen8EPh
                0x000000000000537e       0x12 /tmp/arduino-sketch-7C1300CC4FF8AF73F58C6F35276C335C/libraries/WiFiNINA/utility/spi_drv.cpp.o
                0x000000000000537e                SpiDrv::readParamLen8(unsigned char*)
 .text._ZN6SpiDrv15waitResponseCmdEhhPhS0_
                0x0000000000005390       0x68 /tmp/arduino-sketch-7C1300CC4FF8AF73F58C6F35276C335C/libraries/WiFiNINA/utility/spi_drv.cpp.o
                0x0000000000005390                SpiDrv::waitResponseCmd(unsigned char, unsigned char, unsigned char*, unsigned char*)
 .text._ZN6SpiDrv17waitResponseData8EhPhS0_
                0x00000000000053f8       0x5e /tmp/arduino-sketch-7C1300CC4FF8AF73F58C6F35276C335C/libraries/WiFiNINA/utility/spi_drv.cpp.o
                0x00000000000053f8                SpiDrv::waitResponseData8(unsigned char, unsigned char*, unsigned char*)
 .text._ZN6SpiDrv18waitResponseParamsEhhP6tParam
                0x0000000000005456       0x94 /tmp/arduino-sketch-7C1300CC4FF8AF73F58C6F35276C335C/libraries/WiFiNINA/utility/spi_drv.cpp.o
                0x0000000000005456                SpiDrv::waitResponseParams(unsigned char, unsigned char, tParam*)
 .text._ZN6SpiDrv14readParamLen16EPt
                0x00000000000054ea       0x20 /tmp/arduino-sketch-7C1300CC4FF8AF73F58C6F35276C335C/libraries/WiFiNINA/utility/spi_drv.cpp.o
                0x00000000000054ea                SpiDrv::readParamLen16(unsigned short*)
 .text._ZN6SpiDrv18waitResponseData16EhPhPt
                0x000000000000550a       0x64 /tmp/arduino-sketch-7C1300CC4FF8AF73F58C6F35276C335C/libraries/WiFiNINA/utility/spi_drv.cpp.o
                0x000000000000550a                SpiDrv::waitResponseData16(unsigned char, unsigned char*, unsigned short*)
 .text._ZN6SpiDrv10sendBufferEPhth
                0x000000000000556e       0x2a /tmp/arduino-sketch-7C1300CC4FF8AF73F58C6F35276C335C/libraries/WiFiNINA/utility/spi_drv.cpp.o
                0x000000000000556e                SpiDrv::sendBuffer(unsigned char*, unsigned short, unsigned char)
 .text._ZN6SpiDrv9sendParamEth
                0x0000000000005598       0x24 /tmp/arduino-sketch-7C1300CC4FF8AF73F58C6F35276C335C/libraries/WiFiNINA/utility/spi_drv.cpp.o
                0x0000000000005598                SpiDrv::sendParam(unsigned short, unsigned char)
 .text._ZN6SpiDrv7sendCmdEhh
                0x00000000000055bc       0x26 /tmp/arduino-sketch-7C1300CC4FF8AF73F58C6F35276C335C/libraries/WiFiNINA/utility/spi_drv.cpp.o
                0x00000000000055bc                SpiDrv::sendCmd(unsigned char, unsigned char)
 *fill*         0x00000000000055e2        0x2 
 .text._ZN7WiFiDrv14getNetworkDataEPhS0_S0_
                0x00000000000055e4       0x9c /tmp/arduino-sketch-7C1300CC4FF8AF73F58C6F35276C335C/libraries/WiFiNINA/utility/wifi_drv.cpp.o
                0x00000000000055e4                WiFiDrv::getNetworkData(unsigned char*, unsigned char*, unsigned char*)
 .text._ZN7WiFiDrv13getRemoteDataEhPhS0_
                0x0000000000005680       0x88 /tmp/arduino-sketch-7C1300CC4FF8AF73F58C6F35276C335C/libraries/WiFiNINA/utility/wifi_drv.cpp.o
                0x0000000000005680                WiFiDrv::getRemoteData(unsigned char, unsigned char*, unsigned char*)
 .text._ZN7WiFiDrv17wifiSetPassphraseEPKchS1_h
                0x0000000000005708       0x88 /tmp/arduino-sketch-7C1300CC4FF8AF73F58C6F35276C335C/libraries/WiFiNINA/utility/wifi_drv.cpp.o
                0x0000000000005708                WiFiDrv::wifiSetPassphrase(char const*, unsigned char, char const*, unsigned char)
 .text._ZN7WiFiDrv19getConnectionStatusEv
                0x0000000000005790       0x54 /tmp/arduino-sketch-7C1300CC4FF8AF73F58C6F35276C335C/libraries/WiFiNINA/utility/wifi_drv.cpp.o
                0x0000000000005790                WiFiDrv::getConnectionStatus()
 .text._ZN7WiFiDrv12getIpAddressERN7arduino9IPAddressE
                0x00000000000057e4       0x28 /tmp/arduino-sketch-7C1300CC4FF8AF73F58C6F35276C335C/libraries/WiFiNINA/utility/wifi_drv.cpp.o
                0x00000000000057e4                WiFiDrv::getIpAddress(arduino::IPAddress&)
 .text._ZN7WiFiDrv13reqHostByNameEPKc
                0x000000000000580c       0x88 /tmp/arduino-sketch-7C1300CC4FF8AF73F58C6F35276C335C/libraries/WiFiNINA/utility/wifi_drv.cpp.o
                0x000000000000580c                WiFiDrv::reqHostByName(char const*)
 .text._ZN7WiFiDrv13getHostByNameERN7arduino9IPAddressE
                0x0000000000005894       0x78 /tmp/arduino-sketch-7C1300CC4FF8AF73F58C6F35276C335C/libraries/WiFiNINA/utility/wifi_drv.cpp.o
                0x0000000000005894                WiFiDrv::getHostByName(arduino::IPAddress&)
 .text._ZN7WiFiDrv13getHostByNameEPKcRN7arduino9IPAddressE
                0x000000000000590c       0x18 /tmp/arduino-sketch-7C1300CC4FF8AF73F58C6F35276C335C/libraries/WiFiNINA/utility/wifi_drv.cpp.o
                0x000000000000590c                WiFiDrv::getHostByName(char const*, arduino::IPAddress&)
 .text.PINCOUNT_fn
                0x0000000000005924        0x4 /tmp/arduino-sketch-7C1300CC4FF8AF73F58C6F35276C335C/core/variant.cpp.o
                0x0000000000005924                PINCOUNT_fn
 .text.initVariant
                0x0000000000005928       0xf8 /tmp/arduino-sketch-7C1300CC4FF8AF73F58C6F35276C335C/core/variant.cpp.o
                0x0000000000005928                initVariant
 .text.SERCOM5_Handler
                0x0000000000005a20       0x10 /tmp/arduino-sketch-7C1300CC4FF8AF73F58C6F35276C335C/core/variant.cpp.o
                0x0000000000005a20                SERCOM5_Handler
 .text.SERCOM4_Handler
                0x0000000000005a30       0x10 /tmp/arduino-sketch-7C1300CC4FF8AF73F58C6F35276C335C/core/variant.cpp.o
                0x0000000000005a30                SERCOM4_Handler
 .text.startup._GLOBAL__sub_I_g_APinDescription
                0x0000000000005a40       0xa0 /tmp/arduino-sketch-7C1300CC4FF8AF73F58C6F35276C335C/core/variant.cpp.o
 .text.Dummy_Handler
                0x0000000000005ae0        0x2 /tmp/arduino-sketch-7C1300CC4FF8AF73F58C6F35276C335C/../arduino-core-cache/core_arduino_samd_mkrwifi1010_0d900ac78734c9038bbcc9caccb00992.a(cortex_handlers.c.o)
                0x0000000000005ae0                DMAC_Handler
                0x0000000000005ae0                HardFault_Handler
                0x0000000000005ae0                AC_Handler
                0x0000000000005ae0                PendSV_Handler
                0x0000000000005ae0                NMI_Handler
                0x0000000000005ae0                TC7_Handler
                0x0000000000005ae0                SERCOM1_Handler
                0x0000000000005ae0                ADC_Handler
                0x0000000000005ae0                TCC1_Handler
                0x0000000000005ae0                TCC0_Handler
                0x0000000000005ae0                RTC_Handler
                0x0000000000005ae0                EIC_Handler
                0x0000000000005ae0                TC6_Handler
                0x0000000000005ae0                WDT_Handler
                0x0000000000005ae0                TC4_Handler
                0x0000000000005ae0                TC3_Handler
                0x0000000000005ae0                Dummy_Handler
                0x0000000000005ae0                PM_Handler
                0x0000000000005ae0                SVC_Handler
                0x0000000000005ae0                TCC2_Handler
                0x0000000000005ae0                EVSYS_Handler
                0x0000000000005ae0                SERCOM3_Handler
                0x0000000000005ae0                I2S_Handler
                0x0000000000005ae0                NVMCTRL_Handler
                0x0000000000005ae0                SERCOM0_Handler
                0x0000000000005ae0                DAC_Handler
                0x0000000000005ae0                PTC_Handler
                0x0000000000005ae0                SYSCTRL_Handler
 *fill*         0x0000000000005ae2        0x2 
 .text.USB_Handler
                0x0000000000005ae4       0x14 /tmp/arduino-sketch-7C1300CC4FF8AF73F58C6F35276C335C/../arduino-core-cache/core_arduino_samd_mkrwifi1010_0d900ac78734c9038bbcc9caccb00992.a(cortex_handlers.c.o)
                0x0000000000005ae4                USB_Handler
 .text.Reset_Handler
                0x0000000000005af8       0x54 /tmp/arduino-sketch-7C1300CC4FF8AF73F58C6F35276C335C/../arduino-core-cache/core_arduino_samd_mkrwifi1010_0d900ac78734c9038bbcc9caccb00992.a(cortex_handlers.c.o)
                0x0000000000005af8                Reset_Handler
 .text.SysTick_Handler
                0x0000000000005b4c       0x10 /tmp/arduino-sketch-7C1300CC4FF8AF73F58C6F35276C335C/../arduino-core-cache/core_arduino_samd_mkrwifi1010_0d900ac78734c9038bbcc9caccb00992.a(cortex_handlers.c.o)
                0x0000000000005b4c                SysTick_Handler
 .text.USB_SetHandler
                0x0000000000005b5c        0xc /tmp/arduino-sketch-7C1300CC4FF8AF73F58C6F35276C335C/../arduino-core-cache/core_arduino_samd_mkrwifi1010_0d900ac78734c9038bbcc9caccb00992.a(cortex_handlers.c.o)
                0x0000000000005b5c                USB_SetHandler
 .text.millis   0x0000000000005b68        0xc /tmp/arduino-sketch-7C1300CC4FF8AF73F58C6F35276C335C/../arduino-core-cache/core_arduino_samd_mkrwifi1010_0d900ac78734c9038bbcc9caccb00992.a(delay.c.o)
                0x0000000000005b68                millis
 .text.micros   0x0000000000005b74       0x60 /tmp/arduino-sketch-7C1300CC4FF8AF73F58C6F35276C335C/../arduino-core-cache/core_arduino_samd_mkrwifi1010_0d900ac78734c9038bbcc9caccb00992.a(delay.c.o)
                0x0000000000005b74                micros
 .text.delay    0x0000000000005bd4       0x30 /tmp/arduino-sketch-7C1300CC4FF8AF73F58C6F35276C335C/../arduino-core-cache/core_arduino_samd_mkrwifi1010_0d900ac78734c9038bbcc9caccb00992.a(delay.c.o)
                0x0000000000005bd4                delay
 .text.resetExternalChip
                0x0000000000005c04        0x2 /tmp/arduino-sketch-7C1300CC4FF8AF73F58C6F35276C335C/../arduino-core-cache/core_arduino_samd_mkrwifi1010_0d900ac78734c9038bbcc9caccb00992.a(delay.c.o)
                0x0000000000005c04                resetExternalChip
 *fill*         0x0000000000005c06        0x2 
 .text.SysTick_DefaultHandler
                0x0000000000005c08       0x14 /tmp/arduino-sketch-7C1300CC4FF8AF73F58C6F35276C335C/../arduino-core-cache/core_arduino_samd_mkrwifi1010_0d900ac78734c9038bbcc9caccb00992.a(delay.c.o)
                0x0000000000005c08                SysTick_DefaultHandler
 .text.__empty  0x0000000000005c1c        0x2 /tmp/arduino-sketch-7C1300CC4FF8AF73F58C6F35276C335C/../arduino-core-cache/core_arduino_samd_mkrwifi1010_0d900ac78734c9038bbcc9caccb00992.a(hooks.c.o)
                0x0000000000005c1c                yield
 .text.__false  0x0000000000005c1e        0x4 /tmp/arduino-sketch-7C1300CC4FF8AF73F58C6F35276C335C/../arduino-core-cache/core_arduino_samd_mkrwifi1010_0d900ac78734c9038bbcc9caccb00992.a(hooks.c.o)
                0x0000000000005c1e                sysTickHook
 *fill*         0x0000000000005c22        0x2 
 .text.SystemInit
                0x0000000000005c24      0x160 /tmp/arduino-sketch-7C1300CC4FF8AF73F58C6F35276C335C/../arduino-core-cache/core_arduino_samd_mkrwifi1010_0d900ac78734c9038bbcc9caccb00992.a(startup.c.o)
                0x0000000000005c24                SystemInit
 .text.init     0x0000000000005d84       0xf0 /tmp/arduino-sketch-7C1300CC4FF8AF73F58C6F35276C335C/../arduino-core-cache/core_arduino_samd_mkrwifi1010_0d900ac78734c9038bbcc9caccb00992.a(wiring.c.o)
                0x0000000000005d84                init
 .text.mapResolution
                0x0000000000005e74       0x12 /tmp/arduino-sketch-7C1300CC4FF8AF73F58C6F35276C335C/../arduino-core-cache/core_arduino_samd_mkrwifi1010_0d900ac78734c9038bbcc9caccb00992.a(wiring_analog.c.o)
 *fill*         0x0000000000005e86        0x2 
 .text.analogReference
                0x0000000000005e88       0x64 /tmp/arduino-sketch-7C1300CC4FF8AF73F58C6F35276C335C/../arduino-core-cache/core_arduino_samd_mkrwifi1010_0d900ac78734c9038bbcc9caccb00992.a(wiring_analog.c.o)
                0x0000000000005e88                analogReference
 .text.analogRead
                0x0000000000005eec       0xdc /tmp/arduino-sketch-7C1300CC4FF8AF73F58C6F35276C335C/../arduino-core-cache/core_arduino_samd_mkrwifi1010_0d900ac78734c9038bbcc9caccb00992.a(wiring_analog.c.o)
                0x0000000000005eec                analogRead
 .text.pinMode  0x0000000000005fc8       0x98 /tmp/arduino-sketch-7C1300CC4FF8AF73F58C6F35276C335C/../arduino-core-cache/core_arduino_samd_mkrwifi1010_0d900ac78734c9038bbcc9caccb00992.a(wiring_digital.c.o)
                0x0000000000005fc8                pinMode
 .text.digitalWrite
                0x0000000000006060       0x58 /tmp/arduino-sketch-7C1300CC4FF8AF73F58C6F35276C335C/../arduino-core-cache/core_arduino_samd_mkrwifi1010_0d900ac78734c9038bbcc9caccb00992.a(wiring_digital.c.o)
                0x0000000000006060                digitalWrite
 .text.digitalRead
                0x00000000000060b8       0x30 /tmp/arduino-sketch-7C1300CC4FF8AF73F58C6F35276C335C/../arduino-core-cache/core_arduino_samd_mkrwifi1010_0d900ac78734c9038bbcc9caccb00992.a(wiring_digital.c.o)
                0x00000000000060b8                digitalRead
 .text.pinPeripheral
                0x00000000000060e8       0xc0 /tmp/arduino-sketch-7C1300CC4FF8AF73F58C6F35276C335C/../arduino-core-cache/core_arduino_samd_mkrwifi1010_0d900ac78734c9038bbcc9caccb00992.a(wiring_private.c.o)
                0x00000000000060e8                pinPeripheral
 .text.initiateReset
                0x00000000000061a8       0x14 /tmp/arduino-sketch-7C1300CC4FF8AF73F58C6F35276C335C/../arduino-core-cache/core_arduino_samd_mkrwifi1010_0d900ac78734c9038bbcc9caccb00992.a(Reset.cpp.o)
                0x00000000000061a8                initiateReset
 .text.cancelReset
                0x00000000000061bc       0x10 /tmp/arduino-sketch-7C1300CC4FF8AF73F58C6F35276C335C/../arduino-core-cache/core_arduino_samd_mkrwifi1010_0d900ac78734c9038bbcc9caccb00992.a(Reset.cpp.o)
                0x00000000000061bc                cancelReset
 .text.tickReset
                0x00000000000061cc       0x78 /tmp/arduino-sketch-7C1300CC4FF8AF73F58C6F35276C335C/../arduino-core-cache/core_arduino_samd_mkrwifi1010_0d900ac78734c9038bbcc9caccb00992.a(Reset.cpp.o)
                0x00000000000061cc                tickReset
 .text._ZN6SERCOMC2EP6Sercom
                0x0000000000006244        0x8 /tmp/arduino-sketch-7C1300CC4FF8AF73F58C6F35276C335C/../arduino-core-cache/core_arduino_samd_mkrwifi1010_0d900ac78734c9038bbcc9caccb00992.a(SERCOM.cpp.o)
                0x0000000000006244                SERCOM::SERCOM(Sercom*)
                0x0000000000006244                SERCOM::SERCOM(Sercom*)
 .text._ZN6SERCOM9initFrameE18SercomUartCharSize15SercomDataOrder16SercomParityMode19SercomNumberStopBit
                0x000000000000624c       0x3a /tmp/arduino-sketch-7C1300CC4FF8AF73F58C6F35276C335C/../arduino-core-cache/core_arduino_samd_mkrwifi1010_0d900ac78734c9038bbcc9caccb00992.a(SERCOM.cpp.o)
                0x000000000000624c                SERCOM::initFrame(SercomUartCharSize, SercomDataOrder, SercomParityMode, SercomNumberStopBit)
 .text._ZN6SERCOM8initPadsE15SercomUartTXPad11SercomRXPad
                0x0000000000006286       0x26 /tmp/arduino-sketch-7C1300CC4FF8AF73F58C6F35276C335C/../arduino-core-cache/core_arduino_samd_mkrwifi1010_0d900ac78734c9038bbcc9caccb00992.a(SERCOM.cpp.o)
                0x0000000000006286                SERCOM::initPads(SercomUartTXPad, SercomRXPad)
 .text._ZN6SERCOM9resetUARTEv
                0x00000000000062ac       0x1a /tmp/arduino-sketch-7C1300CC4FF8AF73F58C6F35276C335C/../arduino-core-cache/core_arduino_samd_mkrwifi1010_0d900ac78734c9038bbcc9caccb00992.a(SERCOM.cpp.o)
                0x00000000000062ac                SERCOM::resetUART()
 .text._ZN6SERCOM10enableUARTEv
                0x00000000000062c6       0x14 /tmp/arduino-sketch-7C1300CC4FF8AF73F58C6F35276C335C/../arduino-core-cache/core_arduino_samd_mkrwifi1010_0d900ac78734c9038bbcc9caccb00992.a(SERCOM.cpp.o)
                0x00000000000062c6                SERCOM::enableUART()
 .text._ZN6SERCOM9flushUARTEv
                0x00000000000062da       0x14 /tmp/arduino-sketch-7C1300CC4FF8AF73F58C6F35276C335C/../arduino-core-cache/core_arduino_samd_mkrwifi1010_0d900ac78734c9038bbcc9caccb00992.a(SERCOM.cpp.o)
                0x00000000000062da                SERCOM::flushUART()
 .text._ZN6SERCOM15clearStatusUARTEv
                0x00000000000062ee        0x8 /tmp/arduino-sketch-7C1300CC4FF8AF73F58C6F35276C335C/../arduino-core-cache/core_arduino_samd_mkrwifi1010_0d900ac78734c9038bbcc9caccb00992.a(SERCOM.cpp.o)
                0x00000000000062ee                SERCOM::clearStatusUART()
 .text._ZN6SERCOM17availableDataUARTEv
                0x00000000000062f6        0xa /tmp/arduino-sketch-7C1300CC4FF8AF73F58C6F35276C335C/../arduino-core-cache/core_arduino_samd_mkrwifi1010_0d900ac78734c9038bbcc9caccb00992.a(SERCOM.cpp.o)
                0x00000000000062f6                SERCOM::availableDataUART()
 .text._ZN6SERCOM11isUARTErrorEv
                0x0000000000006300        0x8 /tmp/arduino-sketch-7C1300CC4FF8AF73F58C6F35276C335C/../arduino-core-cache/core_arduino_samd_mkrwifi1010_0d900ac78734c9038bbcc9caccb00992.a(SERCOM.cpp.o)
                0x0000000000006300                SERCOM::isUARTError()
 .text._ZN6SERCOM20acknowledgeUARTErrorEv
                0x0000000000006308        0xe /tmp/arduino-sketch-7C1300CC4FF8AF73F58C6F35276C335C/../arduino-core-cache/core_arduino_samd_mkrwifi1010_0d900ac78734c9038bbcc9caccb00992.a(SERCOM.cpp.o)
                0x0000000000006308                SERCOM::acknowledgeUARTError()
 .text._ZN6SERCOM16isFrameErrorUARTEv
                0x0000000000006316        0xa /tmp/arduino-sketch-7C1300CC4FF8AF73F58C6F35276C335C/../arduino-core-cache/core_arduino_samd_mkrwifi1010_0d900ac78734c9038bbcc9caccb00992.a(SERCOM.cpp.o)
                0x0000000000006316                SERCOM::isFrameErrorUART()
 .text._ZN6SERCOM19clearFrameErrorUARTEv
                0x0000000000006320        0xc /tmp/arduino-sketch-7C1300CC4FF8AF73F58C6F35276C335C/../arduino-core-cache/core_arduino_samd_mkrwifi1010_0d900ac78734c9038bbcc9caccb00992.a(SERCOM.cpp.o)
                0x0000000000006320                SERCOM::clearFrameErrorUART()
 .text._ZN6SERCOM23isDataRegisterEmptyUARTEv
                0x000000000000632c        0xa /tmp/arduino-sketch-7C1300CC4FF8AF73F58C6F35276C335C/../arduino-core-cache/core_arduino_samd_mkrwifi1010_0d900ac78734c9038bbcc9caccb00992.a(SERCOM.cpp.o)
                0x000000000000632c                SERCOM::isDataRegisterEmptyUART()
 .text._ZN6SERCOM12readDataUARTEv
                0x0000000000006336        0x8 /tmp/arduino-sketch-7C1300CC4FF8AF73F58C6F35276C335C/../arduino-core-cache/core_arduino_samd_mkrwifi1010_0d900ac78734c9038bbcc9caccb00992.a(SERCOM.cpp.o)
                0x0000000000006336                SERCOM::readDataUART()
 .text._ZN6SERCOM13writeDataUARTEh
                0x000000000000633e       0x14 /tmp/arduino-sketch-7C1300CC4FF8AF73F58C6F35276C335C/../arduino-core-cache/core_arduino_samd_mkrwifi1010_0d900ac78734c9038bbcc9caccb00992.a(SERCOM.cpp.o)
                0x000000000000633e                SERCOM::writeDataUART(unsigned char)
 .text._ZN6SERCOM36enableDataRegisterEmptyInterruptUARTEv
                0x0000000000006352        0x8 /tmp/arduino-sketch-7C1300CC4FF8AF73F58C6F35276C335C/../arduino-core-cache/core_arduino_samd_mkrwifi1010_0d900ac78734c9038bbcc9caccb00992.a(SERCOM.cpp.o)
                0x0000000000006352                SERCOM::enableDataRegisterEmptyInterruptUART()
 .text._ZN6SERCOM37disableDataRegisterEmptyInterruptUARTEv
                0x000000000000635a        0x8 /tmp/arduino-sketch-7C1300CC4FF8AF73F58C6F35276C335C/../arduino-core-cache/core_arduino_samd_mkrwifi1010_0d900ac78734c9038bbcc9caccb00992.a(SERCOM.cpp.o)
                0x000000000000635a                SERCOM::disableDataRegisterEmptyInterruptUART()
 *fill*         0x0000000000006362        0x2 
 .text._ZN6SERCOM12initSPIClockE18SercomSpiClockModem
                0x0000000000006364       0x30 /tmp/arduino-sketch-7C1300CC4FF8AF73F58C6F35276C335C/../arduino-core-cache/core_arduino_samd_mkrwifi1010_0d900ac78734c9038bbcc9caccb00992.a(SERCOM.cpp.o)
                0x0000000000006364                SERCOM::initSPIClock(SercomSpiClockMode, unsigned long)
 .text._ZN6SERCOM8resetSPIEv
                0x0000000000006394       0x1a /tmp/arduino-sketch-7C1300CC4FF8AF73F58C6F35276C335C/../arduino-core-cache/core_arduino_samd_mkrwifi1010_0d900ac78734c9038bbcc9caccb00992.a(SERCOM.cpp.o)
                0x0000000000006394                SERCOM::resetSPI()
 .text._ZN6SERCOM9enableSPIEv
                0x00000000000063ae       0x14 /tmp/arduino-sketch-7C1300CC4FF8AF73F58C6F35276C335C/../arduino-core-cache/core_arduino_samd_mkrwifi1010_0d900ac78734c9038bbcc9caccb00992.a(SERCOM.cpp.o)
                0x00000000000063ae                SERCOM::enableSPI()
 .text._ZN6SERCOM10disableSPIEv
                0x00000000000063c2       0x12 /tmp/arduino-sketch-7C1300CC4FF8AF73F58C6F35276C335C/../arduino-core-cache/core_arduino_samd_mkrwifi1010_0d900ac78734c9038bbcc9caccb00992.a(SERCOM.cpp.o)
                0x00000000000063c2                SERCOM::disableSPI()
 .text._ZN6SERCOM15getDataOrderSPIEv
                0x00000000000063d4        0xa /tmp/arduino-sketch-7C1300CC4FF8AF73F58C6F35276C335C/../arduino-core-cache/core_arduino_samd_mkrwifi1010_0d900ac78734c9038bbcc9caccb00992.a(SERCOM.cpp.o)
                0x00000000000063d4                SERCOM::getDataOrderSPI()
 .text._ZN6SERCOM15transferDataSPIEh
                0x00000000000063de       0x1a /tmp/arduino-sketch-7C1300CC4FF8AF73F58C6F35276C335C/../arduino-core-cache/core_arduino_samd_mkrwifi1010_0d900ac78734c9038bbcc9caccb00992.a(SERCOM.cpp.o)
                0x00000000000063de                SERCOM::transferDataSPI(unsigned char)
 .text._ZN6SERCOM9resetWIREEv
                0x00000000000063f8       0x1a /tmp/arduino-sketch-7C1300CC4FF8AF73F58C6F35276C335C/../arduino-core-cache/core_arduino_samd_mkrwifi1010_0d900ac78734c9038bbcc9caccb00992.a(SERCOM.cpp.o)
                0x00000000000063f8                SERCOM::resetWIRE()
 .text._ZN6SERCOM10enableWIREEv
                0x0000000000006412       0x2a /tmp/arduino-sketch-7C1300CC4FF8AF73F58C6F35276C335C/../arduino-core-cache/core_arduino_samd_mkrwifi1010_0d900ac78734c9038bbcc9caccb00992.a(SERCOM.cpp.o)
                0x0000000000006412                SERCOM::enableWIRE()
 .text._ZN6SERCOM11disableWIREEv
                0x000000000000643c       0x14 /tmp/arduino-sketch-7C1300CC4FF8AF73F58C6F35276C335C/../arduino-core-cache/core_arduino_samd_mkrwifi1010_0d900ac78734c9038bbcc9caccb00992.a(SERCOM.cpp.o)
                0x000000000000643c                SERCOM::disableWIRE()
 .text._ZN6SERCOM18prepareNackBitWIREEv
                0x0000000000006450       0x10 /tmp/arduino-sketch-7C1300CC4FF8AF73F58C6F35276C335C/../arduino-core-cache/core_arduino_samd_mkrwifi1010_0d900ac78734c9038bbcc9caccb00992.a(SERCOM.cpp.o)
                0x0000000000006450                SERCOM::prepareNackBitWIRE()
 .text._ZN6SERCOM17prepareAckBitWIREEv
                0x0000000000006460       0x14 /tmp/arduino-sketch-7C1300CC4FF8AF73F58C6F35276C335C/../arduino-core-cache/core_arduino_samd_mkrwifi1010_0d900ac78734c9038bbcc9caccb00992.a(SERCOM.cpp.o)
                0x0000000000006460                SERCOM::prepareAckBitWIRE()
 .text._ZN6SERCOM22prepareCommandBitsWireEh
                0x0000000000006474       0x2c /tmp/arduino-sketch-7C1300CC4FF8AF73F58C6F35276C335C/../arduino-core-cache/core_arduino_samd_mkrwifi1010_0d900ac78734c9038bbcc9caccb00992.a(SERCOM.cpp.o)
                0x0000000000006474                SERCOM::prepareCommandBitsWire(unsigned char)
 .text._ZN6SERCOM21startTransmissionWIREEh23SercomWireReadWriteFlag
                0x00000000000064a0       0x84 /tmp/arduino-sketch-7C1300CC4FF8AF73F58C6F35276C335C/../arduino-core-cache/core_arduino_samd_mkrwifi1010_0d900ac78734c9038bbcc9caccb00992.a(SERCOM.cpp.o)
                0x00000000000064a0                SERCOM::startTransmissionWIRE(unsigned char, SercomWireReadWriteFlag)
 .text._ZN6SERCOM18sendDataMasterWIREEh
                0x0000000000006524       0x30 /tmp/arduino-sketch-7C1300CC4FF8AF73F58C6F35276C335C/../arduino-core-cache/core_arduino_samd_mkrwifi1010_0d900ac78734c9038bbcc9caccb00992.a(SERCOM.cpp.o)
                0x0000000000006524                SERCOM::sendDataMasterWIRE(unsigned char)
 .text._ZN6SERCOM17sendDataSlaveWIREEh
                0x0000000000006554       0x1c /tmp/arduino-sketch-7C1300CC4FF8AF73F58C6F35276C335C/../arduino-core-cache/core_arduino_samd_mkrwifi1010_0d900ac78734c9038bbcc9caccb00992.a(SERCOM.cpp.o)
                0x0000000000006554                SERCOM::sendDataSlaveWIRE(unsigned char)
 .text._ZN6SERCOM11isSlaveWIREEv
                0x0000000000006570       0x12 /tmp/arduino-sketch-7C1300CC4FF8AF73F58C6F35276C335C/../arduino-core-cache/core_arduino_samd_mkrwifi1010_0d900ac78734c9038bbcc9caccb00992.a(SERCOM.cpp.o)
                0x0000000000006570                SERCOM::isSlaveWIRE()
 .text._ZN6SERCOM14isBusOwnerWIREEv
                0x0000000000006582       0x12 /tmp/arduino-sketch-7C1300CC4FF8AF73F58C6F35276C335C/../arduino-core-cache/core_arduino_samd_mkrwifi1010_0d900ac78734c9038bbcc9caccb00992.a(SERCOM.cpp.o)
                0x0000000000006582                SERCOM::isBusOwnerWIRE()
 .text._ZN6SERCOM15isDataReadyWIREEv
                0x0000000000006594        0xa /tmp/arduino-sketch-7C1300CC4FF8AF73F58C6F35276C335C/../arduino-core-cache/core_arduino_samd_mkrwifi1010_0d900ac78734c9038bbcc9caccb00992.a(SERCOM.cpp.o)
                0x0000000000006594                SERCOM::isDataReadyWIRE()
 .text._ZN6SERCOM18isStopDetectedWIREEv
                0x000000000000659e        0xa /tmp/arduino-sketch-7C1300CC4FF8AF73F58C6F35276C335C/../arduino-core-cache/core_arduino_samd_mkrwifi1010_0d900ac78734c9038bbcc9caccb00992.a(SERCOM.cpp.o)
                0x000000000000659e                SERCOM::isStopDetectedWIRE()
 .text._ZN6SERCOM21isRestartDetectedWIREEv
                0x00000000000065a8        0xa /tmp/arduino-sketch-7C1300CC4FF8AF73F58C6F35276C335C/../arduino-core-cache/core_arduino_samd_mkrwifi1010_0d900ac78734c9038bbcc9caccb00992.a(SERCOM.cpp.o)
                0x00000000000065a8                SERCOM::isRestartDetectedWIRE()
 .text._ZN6SERCOM14isAddressMatchEv
                0x00000000000065b2        0xa /tmp/arduino-sketch-7C1300CC4FF8AF73F58C6F35276C335C/../arduino-core-cache/core_arduino_samd_mkrwifi1010_0d900ac78734c9038bbcc9caccb00992.a(SERCOM.cpp.o)
                0x00000000000065b2                SERCOM::isAddressMatch()
 .text._ZN6SERCOM25isMasterReadOperationWIREEv
                0x00000000000065bc        0xa /tmp/arduino-sketch-7C1300CC4FF8AF73F58C6F35276C335C/../arduino-core-cache/core_arduino_samd_mkrwifi1010_0d900ac78734c9038bbcc9caccb00992.a(SERCOM.cpp.o)
                0x00000000000065bc                SERCOM::isMasterReadOperationWIRE()
 .text._ZN6SERCOM12readDataWIREEv
                0x00000000000065c6       0x20 /tmp/arduino-sketch-7C1300CC4FF8AF73F58C6F35276C335C/../arduino-core-cache/core_arduino_samd_mkrwifi1010_0d900ac78734c9038bbcc9caccb00992.a(SERCOM.cpp.o)
                0x00000000000065c6                SERCOM::readDataWIRE()
 *fill*         0x00000000000065e6        0x2 
 .text._ZN6SERCOM13initClockNVICEv
                0x00000000000065e8       0xa8 /tmp/arduino-sketch-7C1300CC4FF8AF73F58C6F35276C335C/../arduino-core-cache/core_arduino_samd_mkrwifi1010_0d900ac78734c9038bbcc9caccb00992.a(SERCOM.cpp.o)
                0x00000000000065e8                SERCOM::initClockNVIC()
 .text._ZN6SERCOM8initUARTE14SercomUartMode20SercomUartSampleRatem
                0x0000000000006690       0x6c /tmp/arduino-sketch-7C1300CC4FF8AF73F58C6F35276C335C/../arduino-core-cache/core_arduino_samd_mkrwifi1010_0d900ac78734c9038bbcc9caccb00992.a(SERCOM.cpp.o)
                0x0000000000006690                SERCOM::initUART(SercomUartMode, SercomUartSampleRate, unsigned long)
 .text._ZN6SERCOM7initSPIE14SercomSpiTXPad11SercomRXPad17SercomSpiCharSize15SercomDataOrder
                0x00000000000066fc       0x4a /tmp/arduino-sketch-7C1300CC4FF8AF73F58C6F35276C335C/../arduino-core-cache/core_arduino_samd_mkrwifi1010_0d900ac78734c9038bbcc9caccb00992.a(SERCOM.cpp.o)
                0x00000000000066fc                SERCOM::initSPI(SercomSpiTXPad, SercomRXPad, SercomSpiCharSize, SercomDataOrder)
 .text._ZN6SERCOM13initSlaveWIREEhb
                0x0000000000006746       0x4a /tmp/arduino-sketch-7C1300CC4FF8AF73F58C6F35276C335C/../arduino-core-cache/core_arduino_samd_mkrwifi1010_0d900ac78734c9038bbcc9caccb00992.a(SERCOM.cpp.o)
                0x0000000000006746                SERCOM::initSlaveWIRE(unsigned char, bool)
 .text._ZN6SERCOM14initMasterWIREEm
                0x0000000000006790       0x54 /tmp/arduino-sketch-7C1300CC4FF8AF73F58C6F35276C335C/../arduino-core-cache/core_arduino_samd_mkrwifi1010_0d900ac78734c9038bbcc9caccb00992.a(SERCOM.cpp.o)
                0x0000000000006790                SERCOM::initMasterWIRE(unsigned long)
 .text._ZN7Serial_13getDescriptorERN7arduino8USBSetupE
                0x00000000000067e4        0x4 /tmp/arduino-sketch-7C1300CC4FF8AF73F58C6F35276C335C/../arduino-core-cache/core_arduino_samd_mkrwifi1010_0d900ac78734c9038bbcc9caccb00992.a(CDC.cpp.o)
                0x00000000000067e4                Serial_::getDescriptor(arduino::USBSetup&)
 .text._ZL5utox8mPc
                0x00000000000067e8       0x24 /tmp/arduino-sketch-7C1300CC4FF8AF73F58C6F35276C335C/../arduino-core-cache/core_arduino_samd_mkrwifi1010_0d900ac78734c9038bbcc9caccb00992.a(CDC.cpp.o)
 .text._ZN7Serial_12getShortNameEPc
                0x000000000000680c       0x44 /tmp/arduino-sketch-7C1300CC4FF8AF73F58C6F35276C335C/../arduino-core-cache/core_arduino_samd_mkrwifi1010_0d900ac78734c9038bbcc9caccb00992.a(CDC.cpp.o)
                0x000000000000680c                Serial_::getShortName(char*)
 .text._ZThn16_N7Serial_12getShortNameEPc
                0x0000000000006850       0x10 /tmp/arduino-sketch-7C1300CC4FF8AF73F58C6F35276C335C/../arduino-core-cache/core_arduino_samd_mkrwifi1010_0d900ac78734c9038bbcc9caccb00992.a(CDC.cpp.o)
                0x0000000000006850                non-virtual thunk to Serial_::getShortName(char*)
 .text._ZN7Serial_17availableForWriteEv
                0x0000000000006860        0x4 /tmp/arduino-sketch-7C1300CC4FF8AF73F58C6F35276C335C/../arduino-core-cache/core_arduino_samd_mkrwifi1010_0d900ac78734c9038bbcc9caccb00992.a(CDC.cpp.o)
                0x0000000000006860                Serial_::availableForWrite()
 .text._ZN7Serial_5writeEh
                0x0000000000006864       0x14 /tmp/arduino-sketch-7C1300CC4FF8AF73F58C6F35276C335C/../arduino-core-cache/core_arduino_samd_mkrwifi1010_0d900ac78734c9038bbcc9caccb00992.a(CDC.cpp.o)
                0x0000000000006864                Serial_::write(unsigned char)
 .text._ZN7Serial_12getInterfaceEPh
                0x0000000000006878      0x11c /tmp/arduino-sketch-7C1300CC4FF8AF73F58C6F35276C335C/../arduino-core-cache/core_arduino_samd_mkrwifi1010_0d900ac78734c9038bbcc9caccb00992.a(CDC.cpp.o)
                0x0000000000006878                Serial_::getInterface(unsigned char*)
 .text._ZThn16_N7Serial_12getInterfaceEPh
                0x0000000000006994       0x10 /tmp/arduino-sketch-7C1300CC4FF8AF73F58C6F35276C335C/../arduino-core-cache/core_arduino_samd_mkrwifi1010_0d900ac78734c9038bbcc9caccb00992.a(CDC.cpp.o)
                0x0000000000006994                non-virtual thunk to Serial_::getInterface(unsigned char*)
 .text._ZN7Serial_5setupERN7arduino8USBSetupE
                0x00000000000069a4       0x98 /tmp/arduino-sketch-7C1300CC4FF8AF73F58C6F35276C335C/../arduino-core-cache/core_arduino_samd_mkrwifi1010_0d900ac78734c9038bbcc9caccb00992.a(CDC.cpp.o)
                0x00000000000069a4                Serial_::setup(arduino::USBSetup&)
 .text._ZThn16_N7Serial_5setupERN7arduino8USBSetupE
                0x0000000000006a3c       0x10 /tmp/arduino-sketch-7C1300CC4FF8AF73F58C6F35276C335C/../arduino-core-cache/core_arduino_samd_mkrwifi1010_0d900ac78734c9038bbcc9caccb00992.a(CDC.cpp.o)
                0x0000000000006a3c                non-virtual thunk to Serial_::setup(arduino::USBSetup&)
 .text._ZN7Serial_9availableEv
                0x0000000000006a4c       0x20 /tmp/arduino-sketch-7C1300CC4FF8AF73F58C6F35276C335C/../arduino-core-cache/core_arduino_samd_mkrwifi1010_0d900ac78734c9038bbcc9caccb00992.a(CDC.cpp.o)
                0x0000000000006a4c                Serial_::available()
 .text._ZN7Serial_5flushEv
                0x0000000000006a6c        0xe /tmp/arduino-sketch-7C1300CC4FF8AF73F58C6F35276C335C/../arduino-core-cache/core_arduino_samd_mkrwifi1010_0d900ac78734c9038bbcc9caccb00992.a(CDC.cpp.o)
                0x0000000000006a6c                Serial_::flush()
 .text._ZN7Serial_5clearEv
                0x0000000000006a7a        0xe /tmp/arduino-sketch-7C1300CC4FF8AF73F58C6F35276C335C/../arduino-core-cache/core_arduino_samd_mkrwifi1010_0d900ac78734c9038bbcc9caccb00992.a(CDC.cpp.o)
                0x0000000000006a7a                Serial_::clear()
 .text._ZN7Serial_5writeEPKhj
                0x0000000000006a88       0x1e /tmp/arduino-sketch-7C1300CC4FF8AF73F58C6F35276C335C/../arduino-core-cache/core_arduino_samd_mkrwifi1010_0d900ac78734c9038bbcc9caccb00992.a(CDC.cpp.o)
                0x0000000000006a88                Serial_::write(unsigned char const*, unsigned int)
 *fill*         0x0000000000006aa6        0x2 
 .text._ZN7Serial_4peekEv
                0x0000000000006aa8       0x1c /tmp/arduino-sketch-7C1300CC4FF8AF73F58C6F35276C335C/../arduino-core-cache/core_arduino_samd_mkrwifi1010_0d900ac78734c9038bbcc9caccb00992.a(CDC.cpp.o)
                0x0000000000006aa8                Serial_::peek()
 .text._ZN7Serial_4readEv
                0x0000000000006ac4       0x24 /tmp/arduino-sketch-7C1300CC4FF8AF73F58C6F35276C335C/../arduino-core-cache/core_arduino_samd_mkrwifi1010_0d900ac78734c9038bbcc9caccb00992.a(CDC.cpp.o)
                0x0000000000006ac4                Serial_::read()
 .text._ZThn16_N7Serial_13getDescriptorERN7arduino8USBSetupE
                0x0000000000006ae8        0x4 /tmp/arduino-sketch-7C1300CC4FF8AF73F58C6F35276C335C/../arduino-core-cache/core_arduino_samd_mkrwifi1010_0d900ac78734c9038bbcc9caccb00992.a(CDC.cpp.o)
                0x0000000000006ae8                non-virtual thunk to Serial_::getDescriptor(arduino::USBSetup&)
 .text._ZN7Serial_14handleEndpointEi
                0x0000000000006aec        0x2 /tmp/arduino-sketch-7C1300CC4FF8AF73F58C6F35276C335C/../arduino-core-cache/core_arduino_samd_mkrwifi1010_0d900ac78734c9038bbcc9caccb00992.a(CDC.cpp.o)
                0x0000000000006aec                Serial_::handleEndpoint(int)
 *fill*         0x0000000000006aee        0x2 
 .text._ZN7Serial_C2ER14USBDeviceClass
                0x0000000000006af0       0x50 /tmp/arduino-sketch-7C1300CC4FF8AF73F58C6F35276C335C/../arduino-core-cache/core_arduino_samd_mkrwifi1010_0d900ac78734c9038bbcc9caccb00992.a(CDC.cpp.o)
                0x0000000000006af0                Serial_::Serial_(USBDeviceClass&)
                0x0000000000006af0                Serial_::Serial_(USBDeviceClass&)
 .text._ZN7Serial_15enableInterruptEv
                0x0000000000006b40       0x30 /tmp/arduino-sketch-7C1300CC4FF8AF73F58C6F35276C335C/../arduino-core-cache/core_arduino_samd_mkrwifi1010_0d900ac78734c9038bbcc9caccb00992.a(CDC.cpp.o)
                0x0000000000006b40                Serial_::enableInterrupt()
 .text._ZN7Serial_5beginEm
                0x0000000000006b70        0x2 /tmp/arduino-sketch-7C1300CC4FF8AF73F58C6F35276C335C/../arduino-core-cache/core_arduino_samd_mkrwifi1010_0d900ac78734c9038bbcc9caccb00992.a(CDC.cpp.o)
                0x0000000000006b70                Serial_::begin(unsigned long)
 *fill*         0x0000000000006b72        0x2 
 .text._ZN7Serial_cvbEv
                0x0000000000006b74       0x28 /tmp/arduino-sketch-7C1300CC4FF8AF73F58C6F35276C335C/../arduino-core-cache/core_arduino_samd_mkrwifi1010_0d900ac78734c9038bbcc9caccb00992.a(CDC.cpp.o)
                0x0000000000006b74                Serial_::operator bool()
 .text.startup._GLOBAL__sub_I__ZN7Serial_12getInterfaceEPh
                0x0000000000006b9c       0x14 /tmp/arduino-sketch-7C1300CC4FF8AF73F58C6F35276C335C/../arduino-core-cache/core_arduino_samd_mkrwifi1010_0d900ac78734c9038bbcc9caccb00992.a(CDC.cpp.o)
 .text._ZN26DoubleBufferedEPOutHandlerD2Ev
                0x0000000000006bb0        0x2 /tmp/arduino-sketch-7C1300CC4FF8AF73F58C6F35276C335C/../arduino-core-cache/core_arduino_samd_mkrwifi1010_0d900ac78734c9038bbcc9caccb00992.a(USBCore.cpp.o)
                0x0000000000006bb0                DoubleBufferedEPOutHandler::~DoubleBufferedEPOutHandler()
                0x0000000000006bb0                DoubleBufferedEPOutHandler::~DoubleBufferedEPOutHandler()
 .text._ZN26DoubleBufferedEPOutHandlerD0Ev
                0x0000000000006bb2        0xc /tmp/arduino-sketch-7C1300CC4FF8AF73F58C6F35276C335C/../arduino-core-cache/core_arduino_samd_mkrwifi1010_0d900ac78734c9038bbcc9caccb00992.a(USBCore.cpp.o)
                0x0000000000006bb2                DoubleBufferedEPOutHandler::~DoubleBufferedEPOutHandler()
 *fill*         0x0000000000006bbe        0x2 
 .text._ZN14USBDeviceClass6initEPEmm.part.7
                0x0000000000006bc0       0xc4 /tmp/arduino-sketch-7C1300CC4FF8AF73F58C6F35276C335C/../arduino-core-cache/core_arduino_samd_mkrwifi1010_0d900ac78734c9038bbcc9caccb00992.a(USBCore.cpp.o)
 .text._ZN7__GuardC2Ev
                0x0000000000006c84        0xe /tmp/arduino-sketch-7C1300CC4FF8AF73F58C6F35276C335C/../arduino-core-cache/core_arduino_samd_mkrwifi1010_0d900ac78734c9038bbcc9caccb00992.a(USBCore.cpp.o)
                0x0000000000006c84                __Guard::__Guard()
                0x0000000000006c84                __Guard::__Guard()
 .text._ZN7__GuardD2Ev
                0x0000000000006c92        0xe /tmp/arduino-sketch-7C1300CC4FF8AF73F58C6F35276C335C/../arduino-core-cache/core_arduino_samd_mkrwifi1010_0d900ac78734c9038bbcc9caccb00992.a(USBCore.cpp.o)
                0x0000000000006c92                __Guard::~__Guard()
                0x0000000000006c92                __Guard::~__Guard()
 .text._ZNK26DoubleBufferedEPOutHandler10_availableEv
                0x0000000000006ca0       0x70 /tmp/arduino-sketch-7C1300CC4FF8AF73F58C6F35276C335C/../arduino-core-cache/core_arduino_samd_mkrwifi1010_0d900ac78734c9038bbcc9caccb00992.a(USBCore.cpp.o)
                0x0000000000006ca0                DoubleBufferedEPOutHandler::_available() const
 .text._ZN26DoubleBufferedEPOutHandler7releaseEv
                0x0000000000006d10       0x38 /tmp/arduino-sketch-7C1300CC4FF8AF73F58C6F35276C335C/../arduino-core-cache/core_arduino_samd_mkrwifi1010_0d900ac78734c9038bbcc9caccb00992.a(USBCore.cpp.o)
                0x0000000000006d10                DoubleBufferedEPOutHandler::release()
 .text._ZN26DoubleBufferedEPOutHandler14handleEndpointEv
                0x0000000000006d48       0xe2 /tmp/arduino-sketch-7C1300CC4FF8AF73F58C6F35276C335C/../arduino-core-cache/core_arduino_samd_mkrwifi1010_0d900ac78734c9038bbcc9caccb00992.a(USBCore.cpp.o)
                0x0000000000006d48                DoubleBufferedEPOutHandler::handleEndpoint()
 .text._ZN14USBDeviceClass14SendInterfacesEPm
                0x0000000000006e2a       0x20 /tmp/arduino-sketch-7C1300CC4FF8AF73F58C6F35276C335C/../arduino-core-cache/core_arduino_samd_mkrwifi1010_0d900ac78734c9038bbcc9caccb00992.a(USBCore.cpp.o)
                0x0000000000006e2a                USBDeviceClass::SendInterfaces(unsigned long*)
 *fill*         0x0000000000006e4a        0x2 
 .text._ZN14USBDeviceClass4initEv
                0x0000000000006e4c      0x15c /tmp/arduino-sketch-7C1300CC4FF8AF73F58C6F35276C335C/../arduino-core-cache/core_arduino_samd_mkrwifi1010_0d900ac78734c9038bbcc9caccb00992.a(USBCore.cpp.o)
                0x0000000000006e4c                USBDeviceClass::init()
 .text._ZN14USBDeviceClass6attachEv
                0x0000000000006fa8       0x34 /tmp/arduino-sketch-7C1300CC4FF8AF73F58C6F35276C335C/../arduino-core-cache/core_arduino_samd_mkrwifi1010_0d900ac78734c9038bbcc9caccb00992.a(USBCore.cpp.o)
                0x0000000000006fa8                USBDeviceClass::attach()
 .text._ZN14USBDeviceClass10setAddressEm
                0x0000000000006fdc       0x48 /tmp/arduino-sketch-7C1300CC4FF8AF73F58C6F35276C335C/../arduino-core-cache/core_arduino_samd_mkrwifi1010_0d900ac78734c9038bbcc9caccb00992.a(USBCore.cpp.o)
                0x0000000000006fdc                USBDeviceClass::setAddress(unsigned long)
 .text._ZN14USBDeviceClass25handleClassInterfaceSetupERN7arduino8USBSetupE
                0x0000000000007024       0x24 /tmp/arduino-sketch-7C1300CC4FF8AF73F58C6F35276C335C/../arduino-core-cache/core_arduino_samd_mkrwifi1010_0d900ac78734c9038bbcc9caccb00992.a(USBCore.cpp.o)
                0x0000000000007024                USBDeviceClass::handleClassInterfaceSetup(arduino::USBSetup&)
 .text._ZN14USBDeviceClass6initEPEmm
                0x0000000000007048      0x10c /tmp/arduino-sketch-7C1300CC4FF8AF73F58C6F35276C335C/../arduino-core-cache/core_arduino_samd_mkrwifi1010_0d900ac78734c9038bbcc9caccb00992.a(USBCore.cpp.o)
                0x0000000000007048                USBDeviceClass::initEP(unsigned long, unsigned long)
 .text._ZN14USBDeviceClass13initEndpointsEv