Archive member included to satisfy reference by file (symbol)

/tmp/arduino-sketch-784082FDA851E77D9D28AAC5941983EB/../arduino-core-cache/core_arduino_samd_mkrwifi1010_0d900ac78734c9038bbcc9caccb00992.a(cortex_handlers.c.o)
                              (Reset_Handler)
/tmp/arduino-sketch-784082FDA851E77D9D28AAC5941983EB/../arduino-core-cache/core_arduino_samd_mkrwifi1010_0d900ac78734c9038bbcc9caccb00992.a(delay.c.o)
                              /tmp/arduino-sketch-784082FDA851E77D9D28AAC5941983EB/libraries/Firebase_Arduino_based_on_WiFiNINA/Firebase.cpp.o (millis)
/tmp/arduino-sketch-784082FDA851E77D9D28AAC5941983EB/../arduino-core-cache/core_arduino_samd_mkrwifi1010_0d900ac78734c9038bbcc9caccb00992.a(hooks.c.o)
                              /tmp/arduino-sketch-784082FDA851E77D9D28AAC5941983EB/../arduino-core-cache/core_arduino_samd_mkrwifi1010_0d900ac78734c9038bbcc9caccb00992.a(delay.c.o) (yield)
/tmp/arduino-sketch-784082FDA851E77D9D28AAC5941983EB/../arduino-core-cache/core_arduino_samd_mkrwifi1010_0d900ac78734c9038bbcc9caccb00992.a(startup.c.o)
                              /tmp/arduino-sketch-784082FDA851E77D9D28AAC5941983EB/../arduino-core-cache/core_arduino_samd_mkrwifi1010_0d900ac78734c9038bbcc9caccb00992.a(cortex_handlers.c.o) (SystemInit)
/tmp/arduino-sketch-784082FDA851E77D9D28AAC5941983EB/../arduino-core-cache/core_arduino_samd_mkrwifi1010_0d900ac78734c9038bbcc9caccb00992.a(wiring.c.o)
                              /tmp/arduino-sketch-784082FDA851E77D9D28AAC5941983EB/../arduino-core-cache/core_arduino_samd_mkrwifi1010_0d900ac78734c9038bbcc9caccb00992.a(startup.c.o) (SystemCoreClock)
/tmp/arduino-sketch-784082FDA851E77D9D28AAC5941983EB/../arduino-core-cache/core_arduino_samd_mkrwifi1010_0d900ac78734c9038bbcc9caccb00992.a(wiring_analog.c.o)
                              /tmp/arduino-sketch-784082FDA851E77D9D28AAC5941983EB/../arduino-core-cache/core_arduino_samd_mkrwifi1010_0d900ac78734c9038bbcc9caccb00992.a(wiring.c.o) (analogReference)
/tmp/arduino-sketch-784082FDA851E77D9D28AAC5941983EB/../arduino-core-cache/core_arduino_samd_mkrwifi1010_0d900ac78734c9038bbcc9caccb00992.a(wiring_digital.c.o)
                              /tmp/arduino-sketch-784082FDA851E77D9D28AAC5941983EB/libraries/WiFiNINA/utility/spi_drv.cpp.o (pinMode)
/tmp/arduino-sketch-784082FDA851E77D9D28AAC5941983EB/../arduino-core-cache/core_arduino_samd_mkrwifi1010_0d900ac78734c9038bbcc9caccb00992.a(wiring_private.c.o)
                              /tmp/arduino-sketch-784082FDA851E77D9D28AAC5941983EB/libraries/Wire/Wire.cpp.o (pinPeripheral)
/tmp/arduino-sketch-784082FDA851E77D9D28AAC5941983EB/../arduino-core-cache/core_arduino_samd_mkrwifi1010_0d900ac78734c9038bbcc9caccb00992.a(Reset.cpp.o)
                              /tmp/arduino-sketch-784082FDA851E77D9D28AAC5941983EB/../arduino-core-cache/core_arduino_samd_mkrwifi1010_0d900ac78734c9038bbcc9caccb00992.a(delay.c.o) (tickReset)
/tmp/arduino-sketch-784082FDA851E77D9D28AAC5941983EB/../arduino-core-cache/core_arduino_samd_mkrwifi1010_0d900ac78734c9038bbcc9caccb00992.a(SERCOM.cpp.o)
                              /tmp/arduino-sketch-784082FDA851E77D9D28AAC5941983EB/core/variant.cpp.o (SERCOM::SERCOM(Sercom*))
/tmp/arduino-sketch-784082FDA851E77D9D28AAC5941983EB/../arduino-core-cache/core_arduino_samd_mkrwifi1010_0d900ac78734c9038bbcc9caccb00992.a(CDC.cpp.o)
                              /tmp/arduino-sketch-784082FDA851E77D9D28AAC5941983EB/sketch/SaveBox.ino.cpp.o (Serial_::begin(unsigned long))
/tmp/arduino-sketch-784082FDA851E77D9D28AAC5941983EB/../arduino-core-cache/core_arduino_samd_mkrwifi1010_0d900ac78734c9038bbcc9caccb00992.a(USBCore.cpp.o)
                              /tmp/arduino-sketch-784082FDA851E77D9D28AAC5941983EB/../arduino-core-cache/core_arduino_samd_mkrwifi1010_0d900ac78734c9038bbcc9caccb00992.a(CDC.cpp.o) (usbd)
/tmp/arduino-sketch-784082FDA851E77D9D28AAC5941983EB/../arduino-core-cache/core_arduino_samd_mkrwifi1010_0d900ac78734c9038bbcc9caccb00992.a(Uart.cpp.o)
                              /tmp/arduino-sketch-784082FDA851E77D9D28AAC5941983EB/core/variant.cpp.o (Uart::Uart(SERCOM*, unsigned char, unsigned char, SercomRXPad, SercomUartTXPad, unsigned char, unsigned char))
/tmp/arduino-sketch-784082FDA851E77D9D28AAC5941983EB/../arduino-core-cache/core_arduino_samd_mkrwifi1010_0d900ac78734c9038bbcc9caccb00992.a(abi.cpp.o)
                              /tmp/arduino-sketch-784082FDA851E77D9D28AAC5941983EB/libraries/Firebase_Arduino_based_on_WiFiNINA/Firebase.cpp.o (__cxa_pure_virtual)
/tmp/arduino-sketch-784082FDA851E77D9D28AAC5941983EB/../arduino-core-cache/core_arduino_samd_mkrwifi1010_0d900ac78734c9038bbcc9caccb00992.a(IPAddress.cpp.o)
                              /tmp/arduino-sketch-784082FDA851E77D9D28AAC5941983EB/libraries/WiFiNINA/WiFi.cpp.o (arduino::IPAddress::IPAddress())
/tmp/arduino-sketch-784082FDA851E77D9D28AAC5941983EB/../arduino-core-cache/core_arduino_samd_mkrwifi1010_0d900ac78734c9038bbcc9caccb00992.a(PluggableUSB.cpp.o)
[...]
Memory Configuration

Name             Origin             Length             Attributes
FLASH            0x0000000000002000 0x000000000003e000 xr
RAM              0x0000000020000000 0x0000000000008000 xrw
*default*        0x0000000000000000 0xffffffffffffffff

Linker script and memory map

LOAD /home/boy/.arduino15/packages/arduino/tools/arm-none-eabi-gcc/7-2017q4/bin/../lib/gcc/arm-none-eabi/7.2.1/thumb/v6-m/crti.o
LOAD /home/boy/.arduino15/packages/arduino/tools/arm-none-eabi-gcc/7-2017q4/bin/../lib/gcc/arm-none-eabi/7.2.1/thumb/v6-m/crtbegin.o
LOAD /home/boy/.arduino15/packages/arduino/tools/arm-none-eabi-gcc/7-2017q4/bin/../lib/gcc/arm-none-eabi/7.2.1/../../../../arm-none-eabi/lib/thumb/v6-m/crt0.o
LOAD /tmp/arduino-sketch-784082FDA851E77D9D28AAC5941983EB/sketch/SaveBox.ino.cpp.o
LOAD /tmp/arduino-sketch-784082FDA851E77D9D28AAC5941983EB/sketch/src/SB.cpp.o
LOAD /tmp/arduino-sketch-784082FDA851E77D9D28AAC5941983EB/sketch/src/utility/Connection.cpp.o
LOAD /tmp/arduino-sketch-784082FDA851E77D9D28AAC5941983EB/libraries/Wire/Wire.cpp.o
LOAD /tmp/arduino-sketch-784082FDA851E77D9D28AAC5941983EB/libraries/Firebase_Arduino_based_on_WiFiNINA/Firebase.cpp.o
LOAD /tmp/arduino-sketch-784082FDA851E77D9D28AAC5941983EB/libraries/Firebase_Arduino_based_on_WiFiNINA/Firebase_TCP_Client.cpp.o
LOAD /tmp/arduino-sketch-784082FDA851E77D9D28AAC5941983EB/libraries/Firebase_Arduino_based_on_WiFiNINA/WCS.cpp.o
LOAD /tmp/arduino-sketch-784082FDA851E77D9D28AAC5941983EB/libraries/SPI/SPI.cpp.o
LOAD /tmp/arduino-sketch-784082FDA851E77D9D28AAC5941983EB/libraries/WiFiNINA/WiFi.cpp.o
LOAD /tmp/arduino-sketch-784082FDA851E77D9D28AAC5941983EB/libraries/WiFiNINA/WiFiClient.cpp.o
LOAD /tmp/arduino-sketch-784082FDA851E77D9D28AAC5941983EB/libraries/WiFiNINA/WiFiSSLClient.cpp.o
LOAD /tmp/arduino-sketch-784082FDA851E77D9D28AAC5941983EB/libraries/WiFiNINA/WiFiServer.cpp.o
LOAD /tmp/arduino-sketch-784082FDA851E77D9D28AAC5941983EB/libraries/WiFiNINA/WiFiStorage.cpp.o
LOAD /tmp/arduino-sketch-784082FDA851E77D9D28AAC5941983EB/libraries/WiFiNINA/WiFiUdp.cpp.o
LOAD /tmp/arduino-sketch-784082FDA851E77D9D28AAC5941983EB/libraries/WiFiNINA/utility/WiFiSocketBuffer.cpp.o
LOAD /tmp/arduino-sketch-784082FDA851E77D9D28AAC5941983EB/libraries/WiFiNINA/utility/nano_rp2040_support.cpp.o
LOAD /tmp/arduino-sketch-784082FDA851E77D9D28AAC5941983EB/libraries/WiFiNINA/utility/server_drv.cpp.o
LOAD /tmp/arduino-sketch-784082FDA851E77D9D28AAC5941983EB/libraries/WiFiNINA/utility/spi_drv.cpp.o
LOAD /tmp/arduino-sketch-784082FDA851E77D9D28AAC5941983EB/libraries/WiFiNINA/utility/wifi_drv.cpp.o
LOAD /tmp/arduino-sketch-784082FDA851E77D9D28AAC5941983EB/core/variant.cpp.o
START GROUP
LOAD /home/boy/.arduino15/packages/arduino/tools/CMSIS/4.5.0/CMSIS/Lib/GCC//libarm_cortexM0l_math.a
LOAD /tmp/arduino-sketch-784082FDA851E77D9D28AAC5941983EB/../arduino-core-cache/core_arduino_samd_mkrwifi1010_0d900ac78734c9038bbcc9caccb00992.a
END GROUP
LOAD /home/boy/.arduino15/packages/arduino/tools/arm-none-eabi-gcc/7-2017q4/bin/../lib/gcc/arm-none-eabi/7.2.1/../../../../arm-none-eabi/lib/thumb/v6-m/libstdc++_nano.a
LOAD /home/boy/.arduino15/packages/arduino/tools/arm-none-eabi-gcc/7-2017q4/bin/../lib/gcc/arm-none-eabi/7.2.1/../../../../arm-none-eabi/lib/thumb/v6-m/libm.a
START GROUP
LOAD /home/boy/.arduino15/packages/arduino/tools/arm-none-eabi-gcc/7-2017q4/bin/../lib/gcc/arm-none-eabi/7.2.1/thumb/v6-m/libgcc.a
LOAD /home/boy/.arduino15/packages/arduino/tools/arm-none-eabi-gcc/7-2017q4/bin/../lib/gcc/arm-none-eabi/7.2.1/../../../../arm-none-eabi/lib/thumb/v6-m/libc_nano.a
END GROUP
START GROUP
LOAD /home/boy/.arduino15/packages/arduino/tools/arm-none-eabi-gcc/7-2017q4/bin/../lib/gcc/arm-none-eabi/7.2.1/thumb/v6-m/libgcc.a
LOAD /home/boy/.arduino15/packages/arduino/tools/arm-none-eabi-gcc/7-2017q4/bin/../lib/gcc/arm-none-eabi/7.2.1/../../../../arm-none-eabi/lib/thumb/v6-m/libc_nano.a
LOAD /home/boy/.arduino15/packages/arduino/tools/arm-none-eabi-gcc/7-2017q4/bin/../lib/gcc/arm-none-eabi/7.2.1/../../../../arm-none-eabi/lib/thumb/v6-m/libnosys.a
END GROUP
START GROUP
LOAD /home/boy/.arduino15/packages/arduino/tools/arm-none-eabi-gcc/7-2017q4/bin/../lib/gcc/arm-none-eabi/7.2.1/thumb/v6-m/libgcc.a
LOAD /home/boy/.arduino15/packages/arduino/tools/arm-none-eabi-gcc/7-2017q4/bin/../lib/gcc/arm-none-eabi/7.2.1/../../../../arm-none-eabi/lib/thumb/v6-m/libc_nano.a
LOAD /home/boy/.arduino15/packages/arduino/tools/arm-none-eabi-gcc/7-2017q4/bin/../lib/gcc/arm-none-eabi/7.2.1/../../../../arm-none-eabi/lib/thumb/v6-m/libnosys.a
END GROUP
LOAD /home/boy/.arduino15/packages/arduino/tools/arm-none-eabi-gcc/7-2017q4/bin/../lib/gcc/arm-none-eabi/7.2.1/thumb/v6-m/crtend.o
LOAD /home/boy/.arduino15/packages/arduino/tools/arm-none-eabi-gcc/7-2017q4/bin/../lib/gcc/arm-none-eabi/7.2.1/thumb/v6-m/crtn.o

.text           0x0000000000002000     0xbf24
                0x0000000000002000                __text_start__ = .
 *(.sketch_boot)
                0x0000000000002000                . = ALIGN (0x2000)
 *(.isr_vector)
 .isr_vector    0x0000000000002000       0xb4 /tmp/arduino-sketch-784082FDA851E77D9D28AAC5941983EB/../arduino-core-cache/core_arduino_samd_mkrwifi1010_0d900ac78734c9038bbcc9caccb00992.a(cortex_handlers.c.o)
                0x0000000000002000                exception_table
 *(.text*)
 .text          0x00000000000020b4       0x48 /home/boy/.arduino15/packages/arduino/tools/arm-none-eabi-gcc/7-2017q4/bin/../lib/gcc/arm-none-eabi/7.2.1/thumb/v6-m/crtbegin.o
 .text.loop     0x00000000000020fc       0x14 /tmp/arduino-sketch-784082FDA851E77D9D28AAC5941983EB/sketch/SaveBox.ino.cpp.o
                0x00000000000020fc                loop
 .text.setup    0x0000000000002110       0x54 /tmp/arduino-sketch-784082FDA851E77D9D28AAC5941983EB/sketch/SaveBox.ino.cpp.o
                0x0000000000002110                setup
 .text._ZN7savebox2SB8accidentEv
                0x0000000000002164       0x1c /tmp/arduino-sketch-784082FDA851E77D9D28AAC5941983EB/sketch/src/SB.cpp.o
                0x0000000000002164                savebox::SB::accident()
 .text._ZN7savebox2SBD2Ev
                0x0000000000002180       0x24 /tmp/arduino-sketch-784082FDA851E77D9D28AAC5941983EB/sketch/src/SB.cpp.o
                0x0000000000002180                savebox::SB::~SB()
                0x0000000000002180                savebox::SB::~SB()
 .text._ZN7savebox2SBD0Ev
                0x00000000000021a4       0x12 /tmp/arduino-sketch-784082FDA851E77D9D28AAC5941983EB/sketch/src/SB.cpp.o
                0x00000000000021a4                savebox::SB::~SB()
 .text._ZN7savebox2SB8sendDataEv
                0x00000000000021b6        0xa /tmp/arduino-sketch-784082FDA851E77D9D28AAC5941983EB/sketch/src/SB.cpp.o
                0x00000000000021b6                savebox::SB::sendData()
 .text._ZN7savebox2SB10connectionEPKcS2_S2_S2_
                0x00000000000021c0       0x34 /tmp/arduino-sketch-784082FDA851E77D9D28AAC5941983EB/sketch/src/SB.cpp.o
                0x00000000000021c0                savebox::SB::connection(char const*, char const*, char const*, char const*)
 .text._ZN7savebox2SBC2Ev
                0x00000000000021f4       0x48 /tmp/arduino-sketch-784082FDA851E77D9D28AAC5941983EB/sketch/src/SB.cpp.o
                0x00000000000021f4                savebox::SB::SB()
                0x00000000000021f4                savebox::SB::SB()
 .text._ZN7savebox2SB3runEv
                0x000000000000223c      0x10c /tmp/arduino-sketch-784082FDA851E77D9D28AAC5941983EB/sketch/src/SB.cpp.o
                0x000000000000223c                savebox::SB::run()
 .text._ZN7savebox10ConnectionC2EPKcS2_S2_S2_
                0x0000000000002348        0xc /tmp/arduino-sketch-784082FDA851E77D9D28AAC5941983EB/sketch/src/utility/Connection.cpp.o
                0x0000000000002348                savebox::Connection::Connection(char const*, char const*, char const*, char const*)
                0x0000000000002348                savebox::Connection::Connection(char const*, char const*, char const*, char const*)
 .text._ZN7savebox10ConnectionD2Ev
                0x0000000000002354       0x28 /tmp/arduino-sketch-784082FDA851E77D9D28AAC5941983EB/sketch/src/utility/Connection.cpp.o
                0x0000000000002354                savebox::Connection::~Connection()
                0x0000000000002354                savebox::Connection::~Connection()
 .text._ZNK7savebox10Connection10connectionEv
                0x000000000000237c       0xc0 /tmp/arduino-sketch-784082FDA851E77D9D28AAC5941983EB/sketch/src/utility/Connection.cpp.o
                0x000000000000237c                savebox::Connection::connection() const
 .text._ZNK7savebox10Connection8sendDataEv
                0x000000000000243c      0x11c /tmp/arduino-sketch-784082FDA851E77D9D28AAC5941983EB/sketch/src/utility/Connection.cpp.o
                0x000000000000243c                savebox::Connection::sendData() const
 .text._ZN7arduino5Print17availableForWriteEv
                0x0000000000002558        0x4 /tmp/arduino-sketch-784082FDA851E77D9D28AAC5941983EB/libraries/Wire/Wire.cpp.o
                0x0000000000002558                arduino::Print::availableForWrite()
 .text._ZN7arduino7TwoWire11requestFromEhj
                0x000000000000255c        0xc /tmp/arduino-sketch-784082FDA851E77D9D28AAC5941983EB/libraries/Wire/Wire.cpp.o
                0x000000000000255c                arduino::TwoWire::requestFrom(unsigned char, unsigned int)
 .text._ZN7arduino7TwoWire17beginTransmissionEh
                0x0000000000002568       0x18 /tmp/arduino-sketch-784082FDA851E77D9D28AAC5941983EB/libraries/Wire/Wire.cpp.o
                0x0000000000002568                arduino::TwoWire::beginTransmission(unsigned char)
 .text._ZN7arduino7TwoWire15endTransmissionEv
                0x0000000000002580        0xc /tmp/arduino-sketch-784082FDA851E77D9D28AAC5941983EB/libraries/Wire/Wire.cpp.o
                0x0000000000002580                arduino::TwoWire::endTransmission()
 .text._ZN7arduino7TwoWire5writeEPKhj
                0x000000000000258c       0x24 /tmp/arduino-sketch-784082FDA851E77D9D28AAC5941983EB/libraries/Wire/Wire.cpp.o
                0x000000000000258c                arduino::TwoWire::write(unsigned char const*, unsigned int)
 .text._ZN7arduino7TwoWire9availableEv
                0x00000000000025b0        0x6 /tmp/arduino-sketch-784082FDA851E77D9D28AAC5941983EB/libraries/Wire/Wire.cpp.o
                0x00000000000025b0                arduino::TwoWire::available()
 .text._ZN7arduino7TwoWire5flushEv
                0x00000000000025b6        0x2 /tmp/arduino-sketch-784082FDA851E77D9D28AAC5941983EB/libraries/Wire/Wire.cpp.o
                0x00000000000025b6                arduino::TwoWire::flush()
 .text._ZN7arduino7TwoWire9onReceiveEPFviE
                0x00000000000025b8        0x8 /tmp/arduino-sketch-784082FDA851E77D9D28AAC5941983EB/libraries/Wire/Wire.cpp.o
                0x00000000000025b8                arduino::TwoWire::onReceive(void (*)(int))
 .text._ZN7arduino7TwoWire9onRequestEPFvvE
                0x00000000000025c0        0x8 /tmp/arduino-sketch-784082FDA851E77D9D28AAC5941983EB/libraries/Wire/Wire.cpp.o
                0x00000000000025c0                arduino::TwoWire::onRequest(void (*)())
 .text._ZN7arduino7TwoWire4peekEv
                0x00000000000025c8       0x18 /tmp/arduino-sketch-784082FDA851E77D9D28AAC5941983EB/libraries/Wire/Wire.cpp.o
                0x00000000000025c8                arduino::TwoWire::peek()
 .text._ZN7arduino7TwoWire5beginEv
                0x00000000000025e0       0x40 /tmp/arduino-sketch-784082FDA851E77D9D28AAC5941983EB/libraries/Wire/Wire.cpp.o
                0x00000000000025e0                arduino::TwoWire::begin()
 .text._ZN7arduino7TwoWire8setClockEm
                0x0000000000002620       0x1c /tmp/arduino-sketch-784082FDA851E77D9D28AAC5941983EB/libraries/Wire/Wire.cpp.o
                0x0000000000002620                arduino::TwoWire::setClock(unsigned long)
 .text._ZN7arduino7TwoWire3endEv
                0x000000000000263c        0xa /tmp/arduino-sketch-784082FDA851E77D9D28AAC5941983EB/libraries/Wire/Wire.cpp.o
                0x000000000000263c                arduino::TwoWire::end()
 *fill*         0x0000000000002646        0x2 
 .text._ZN7arduino7TwoWireC2EP6SERCOMhh
                0x0000000000002648       0x64 /tmp/arduino-sketch-784082FDA851E77D9D28AAC5941983EB/libraries/Wire/Wire.cpp.o
                0x0000000000002648                arduino::TwoWire::TwoWire(SERCOM*, unsigned char, unsigned char)
                0x0000000000002648                arduino::TwoWire::TwoWire(SERCOM*, unsigned char, unsigned char)
 .text._ZN7arduino7TwoWire5beginEhb
                0x00000000000026ac       0x38 /tmp/arduino-sketch-784082FDA851E77D9D28AAC5941983EB/libraries/Wire/Wire.cpp.o
                0x00000000000026ac                arduino::TwoWire::begin(unsigned char, bool)
 .text._ZN7arduino7TwoWire5beginEh
                0x00000000000026e4        0xa /tmp/arduino-sketch-784082FDA851E77D9D28AAC5941983EB/libraries/Wire/Wire.cpp.o
                0x00000000000026e4                arduino::TwoWire::begin(unsigned char)
 .text._ZN7arduino11RingBufferNILi256EE10store_charEh
                0x00000000000026ee       0x24 /tmp/arduino-sketch-784082FDA851E77D9D28AAC5941983EB/libraries/Wire/Wire.cpp.o
                0x00000000000026ee                arduino::RingBufferN<256>::store_char(unsigned char)
 .text._ZN7arduino7TwoWire11requestFromEhjb
                0x0000000000002712       0x90 /tmp/arduino-sketch-784082FDA851E77D9D28AAC5941983EB/libraries/Wire/Wire.cpp.o
                0x0000000000002712                arduino::TwoWire::requestFrom(unsigned char, unsigned int, bool)
 .text._ZN7arduino7TwoWire5writeEh
                0x00000000000027a2       0x28 /tmp/arduino-sketch-784082FDA851E77D9D28AAC5941983EB/libraries/Wire/Wire.cpp.o
                0x00000000000027a2                arduino::TwoWire::write(unsigned char)
 .text._ZN7arduino11RingBufferNILi256EE9read_charEv
                0x00000000000027ca       0x24 /tmp/arduino-sketch-784082FDA851E77D9D28AAC5941983EB/libraries/Wire/Wire.cpp.o
                0x00000000000027ca                arduino::RingBufferN<256>::read_char()
 .text._ZN7arduino7TwoWire15endTransmissionEb
                0x00000000000027ee       0x66 /tmp/arduino-sketch-784082FDA851E77D9D28AAC5941983EB/libraries/Wire/Wire.cpp.o
                0x00000000000027ee                arduino::TwoWire::endTransmission(bool)
 .text._ZN7arduino7TwoWire4readEv
                0x0000000000002854        0xa /tmp/arduino-sketch-784082FDA851E77D9D28AAC5941983EB/libraries/Wire/Wire.cpp.o
                0x0000000000002854                arduino::TwoWire::read()
 .text._ZN7arduino7TwoWire9onServiceEv
                0x000000000000285e      0x114 /tmp/arduino-sketch-784082FDA851E77D9D28AAC5941983EB/libraries/Wire/Wire.cpp.o
                0x000000000000285e                arduino::TwoWire::onService()
 *fill*         0x0000000000002972        0x2 
 .text.SERCOM2_Handler
                0x0000000000002974       0x10 /tmp/arduino-sketch-784082FDA851E77D9D28AAC5941983EB/libraries/Wire/Wire.cpp.o
                0x0000000000002974                SERCOM2_Handler
 .text.startup._GLOBAL__sub_I__ZN7arduino7TwoWireC2EP6SERCOMhh
                0x0000000000002984       0x18 /tmp/arduino-sketch-784082FDA851E77D9D28AAC5941983EB/libraries/Wire/Wire.cpp.o
 .text._ZN14Firebase_ClassD2Ev
                0x000000000000299c       0x24 /tmp/arduino-sketch-784082FDA851E77D9D28AAC5941983EB/libraries/Firebase_Arduino_based_on_WiFiNINA/Firebase.cpp.o
                0x000000000000299c                Firebase_Class::~Firebase_Class()
                0x000000000000299c                Firebase_Class::~Firebase_Class()
 .text._ZN11NumToString4newPEj.isra.2
                0x00000000000029c0       0x16 /tmp/arduino-sketch-784082FDA851E77D9D28AAC5941983EB/libraries/Firebase_Arduino_based_on_WiFiNINA/Firebase.cpp.o
 .text._ZN11NumToString4delPEPc.isra.3
                0x00000000000029d6        0xc /tmp/arduino-sketch-784082FDA851E77D9D28AAC5941983EB/libraries/Firebase_Arduino_based_on_WiFiNINA/Firebase.cpp.o
 .text._ZN14Firebase_Class4delPEPc.constprop.13
                0x00000000000029e2        0xc /tmp/arduino-sketch-784082FDA851E77D9D28AAC5941983EB/libraries/Firebase_Arduino_based_on_WiFiNINA/Firebase.cpp.o
 .text._ZN14Firebase_Class8clearStrERN7arduino6StringE.constprop.14
                0x00000000000029ee        0xc /tmp/arduino-sketch-784082FDA851E77D9D28AAC5941983EB/libraries/Firebase_Arduino_based_on_WiFiNINA/Firebase.cpp.o
 .text._ZN11NumToStringD2Ev
                0x00000000000029fa        0xe /tmp/arduino-sketch-784082FDA851E77D9D28AAC5941983EB/libraries/Firebase_Arduino_based_on_WiFiNINA/Firebase.cpp.o
                0x00000000000029fa                NumToString::~NumToString()
                0x00000000000029fa                NumToString::~NumToString()
 .text._ZN11NumToString4initEj
                0x0000000000002a08       0x16 /tmp/arduino-sketch-784082FDA851E77D9D28AAC5941983EB/libraries/Firebase_Arduino_based_on_WiFiNINA/Firebase.cpp.o
                0x0000000000002a08                NumToString::init(unsigned int)
 *fill*         0x0000000000002a1e        0x2 
 .text._ZN11NumToString8int32StrEl
                0x0000000000002a20       0x1c /tmp/arduino-sketch-784082FDA851E77D9D28AAC5941983EB/libraries/Firebase_Arduino_based_on_WiFiNINA/Firebase.cpp.o
                0x0000000000002a20                NumToString::int32Str(long)
 .text._ZN11NumToStringC2Ei
                0x0000000000002a3c       0x10 /tmp/arduino-sketch-784082FDA851E77D9D28AAC5941983EB/libraries/Firebase_Arduino_based_on_WiFiNINA/Firebase.cpp.o
                0x0000000000002a3c                NumToString::NumToString(int)
                0x0000000000002a3c                NumToString::NumToString(int)
 .text._ZN14Firebase_ClassC2Ev
                0x0000000000002a4c       0x40 /tmp/arduino-sketch-784082FDA851E77D9D28AAC5941983EB/libraries/Firebase_Arduino_based_on_WiFiNINA/Firebase.cpp.o
                0x0000000000002a4c                Firebase_Class::Firebase_Class()
                0x0000000000002a4c                Firebase_Class::Firebase_Class()
 .text._ZN14Firebase_Class5beginERKN7arduino6StringES3_S3_S3_
                0x0000000000002a8c       0x32 /tmp/arduino-sketch-784082FDA851E77D9D28AAC5941983EB/libraries/Firebase_Arduino_based_on_WiFiNINA/Firebase.cpp.o
                0x0000000000002a8c                Firebase_Class::begin(arduino::String const&, arduino::String const&, arduino::String const&, arduino::String const&)
 .text._ZN14Firebase_Class13reconnectWiFiEb
                0x0000000000002abe        0x6 /tmp/arduino-sketch-784082FDA851E77D9D28AAC5941983EB/libraries/Firebase_Arduino_based_on_WiFiNINA/Firebase.cpp.o
                0x0000000000002abe                Firebase_Class::reconnectWiFi(bool)
 .text._ZN14Firebase_Class11apConnectedER12FirebaseData
                0x0000000000002ac4       0x20 /tmp/arduino-sketch-784082FDA851E77D9D28AAC5941983EB/libraries/Firebase_Arduino_based_on_WiFiNINA/Firebase.cpp.o
                0x0000000000002ac4                Firebase_Class::apConnected(FirebaseData&)
 .text._ZN14Firebase_Class15autoConnectWiFiEv
                0x0000000000002ae4       0x38 /tmp/arduino-sketch-784082FDA851E77D9D28AAC5941983EB/libraries/Firebase_Arduino_based_on_WiFiNINA/Firebase.cpp.o
                0x0000000000002ae4                Firebase_Class::autoConnectWiFi()
 .text._ZN14Firebase_Class9reconnectEv
                0x0000000000002b1c       0x64 /tmp/arduino-sketch-784082FDA851E77D9D28AAC5941983EB/libraries/Firebase_Arduino_based_on_WiFiNINA/Firebase.cpp.o
                0x0000000000002b1c                Firebase_Class::reconnect()
 .text._ZN14Firebase_Class9reconnectER12FirebaseData
                0x0000000000002b80       0x16 /tmp/arduino-sketch-784082FDA851E77D9D28AAC5941983EB/libraries/Firebase_Arduino_based_on_WiFiNINA/Firebase.cpp.o
                0x0000000000002b80                Firebase_Class::reconnect(FirebaseData&)
 *fill*         0x0000000000002b96        0x2 
 .text._ZN14Firebase_Class6calCRCEPKc
                0x0000000000002b98       0x38 /tmp/arduino-sketch-784082FDA851E77D9D28AAC5941983EB/libraries/Firebase_Arduino_based_on_WiFiNINA/Firebase.cpp.o
                0x0000000000002b98                Firebase_Class::calCRC(char const*)
 .text._ZN14Firebase_Class4newPEj
                0x0000000000002bd0       0x18 /tmp/arduino-sketch-784082FDA851E77D9D28AAC5941983EB/libraries/Firebase_Arduino_based_on_WiFiNINA/Firebase.cpp.o
                0x0000000000002bd0                Firebase_Class::newP(unsigned int)
 .text._ZN14Firebase_Class4strPEPKc
                0x0000000000002be8       0x20 /tmp/arduino-sketch-784082FDA851E77D9D28AAC5941983EB/libraries/Firebase_Arduino_based_on_WiFiNINA/Firebase.cpp.o
                0x0000000000002be8                Firebase_Class::strP(char const*)
 .text._ZN14Firebase_Class20buildFirebaseRequestERN7arduino6StringER12FirebaseDataPKchS6_S6_i
                0x0000000000002c08      0x264 /tmp/arduino-sketch-784082FDA851E77D9D28AAC5941983EB/libraries/Firebase_Arduino_based_on_WiFiNINA/Firebase.cpp.o
                0x0000000000002c08                Firebase_Class::buildFirebaseRequest(arduino::String&, FirebaseData&, char const*, unsigned char, char const*, char const*, int)
 .text._ZN14Firebase_Class9clearFlagER12FirebaseData
                0x0000000000002e6c       0x1a /tmp/arduino-sketch-784082FDA851E77D9D28AAC5941983EB/libraries/Firebase_Arduino_based_on_WiFiNINA/Firebase.cpp.o
                0x0000000000002e6c                Firebase_Class::clearFlag(FirebaseData&)
 *fill*         0x0000000000002e86        0x2 
 .text._ZN14Firebase_Class7connectER12FirebaseDataPKchhS3_
                0x0000000000002e88      0x1f0 /tmp/arduino-sketch-784082FDA851E77D9D28AAC5941983EB/libraries/Firebase_Arduino_based_on_WiFiNINA/Firebase.cpp.o
                0x0000000000002e88                Firebase_Class::connect(FirebaseData&, char const*, unsigned char, unsigned char, char const*)
 .text._ZN14Firebase_Class13connectStreamER12FirebaseDataPKc
                0x0000000000003078       0x8c /tmp/arduino-sketch-784082FDA851E77D9D28AAC5941983EB/libraries/Firebase_Arduino_based_on_WiFiNINA/Firebase.cpp.o
                0x0000000000003078                Firebase_Class::connectStream(FirebaseData&, char const*)
 .text._ZN14Firebase_Class13errorToStringEi
                0x0000000000003104      0x204 /tmp/arduino-sketch-784082FDA851E77D9D28AAC5941983EB/libraries/Firebase_Arduino_based_on_WiFiNINA/Firebase.cpp.o
                0x0000000000003104                Firebase_Class::errorToString(int)
 .text._ZN14Firebase_Class6strposEPKcS1_i
                0x0000000000003308       0x4e /tmp/arduino-sketch-784082FDA851E77D9D28AAC5941983EB/libraries/Firebase_Arduino_based_on_WiFiNINA/Firebase.cpp.o
                0x0000000000003308                Firebase_Class::strpos(char const*, char const*, int)
 .text._ZN14Firebase_Class7strposPEPKcS1_i
                0x0000000000003356       0x28 /tmp/arduino-sketch-784082FDA851E77D9D28AAC5941983EB/libraries/Firebase_Arduino_based_on_WiFiNINA/Firebase.cpp.o
                0x0000000000003356                Firebase_Class::strposP(char const*, char const*, int)
 .text._ZN14Firebase_Class9getHeaderEPKcRN7arduino6StringES1_
                0x000000000000337e       0x70 /tmp/arduino-sketch-784082FDA851E77D9D28AAC5941983EB/libraries/Firebase_Arduino_based_on_WiFiNINA/Firebase.cpp.o
                0x000000000000337e                Firebase_Class::getHeader(char const*, arduino::String&, char const*)
 *fill*         0x00000000000033ee        0x2 
 .text._ZN14Firebase_Class11setDataTypeER12FirebaseDataPKc
                0x00000000000033f0       0xc0 /tmp/arduino-sketch-784082FDA851E77D9D28AAC5941983EB/libraries/Firebase_Arduino_based_on_WiFiNINA/Firebase.cpp.o
                0x00000000000033f0                Firebase_Class::setDataType(FirebaseData&, char const*)
 .text._ZN14Firebase_Class14handleResponseER12FirebaseData
                0x00000000000034b0      0x5f4 /tmp/arduino-sketch-784082FDA851E77D9D28AAC5941983EB/libraries/Firebase_Arduino_based_on_WiFiNINA/Firebase.cpp.o
                0x00000000000034b0                Firebase_Class::handleResponse(FirebaseData&)
 .text._ZN14Firebase_Class12handleStreamER12FirebaseData
                0x0000000000003aa4       0xa8 /tmp/arduino-sketch-784082FDA851E77D9D28AAC5941983EB/libraries/Firebase_Arduino_based_on_WiFiNINA/Firebase.cpp.o
                0x0000000000003aa4                Firebase_Class::handleStream(FirebaseData&)
 .text._ZN14Firebase_Class11sendRequestER12FirebaseDataPKchhS3_
                0x0000000000003b4c      0x134 /tmp/arduino-sketch-784082FDA851E77D9D28AAC5941983EB/libraries/Firebase_Arduino_based_on_WiFiNINA/Firebase.cpp.o
                0x0000000000003b4c                Firebase_Class::sendRequest(FirebaseData&, char const*, unsigned char, unsigned char, char const*)
 .text._ZN14Firebase_Class8pushJSONER12FirebaseDataRKN7arduino6StringES5_
                0x0000000000003c80       0x14 /tmp/arduino-sketch-784082FDA851E77D9D28AAC5941983EB/libraries/Firebase_Arduino_based_on_WiFiNINA/Firebase.cpp.o
                0x0000000000003c80                Firebase_Class::pushJSON(FirebaseData&, arduino::String const&, arduino::String const&)
 .text._ZN12FirebaseData5clearEv
                0x0000000000003c94       0x46 /tmp/arduino-sketch-784082FDA851E77D9D28AAC5941983EB/libraries/Firebase_Arduino_based_on_WiFiNINA/Firebase.cpp.o
                0x0000000000003c94                FirebaseData::clear()
 .text._ZN12FirebaseData3endEv
                0x0000000000003cda       0x1a /tmp/arduino-sketch-784082FDA851E77D9D28AAC5941983EB/libraries/Firebase_Arduino_based_on_WiFiNINA/Firebase.cpp.o
                0x0000000000003cda                FirebaseData::end()
 .text._ZN12FirebaseData8jsonDataEv
                0x0000000000003cf4       0x28 /tmp/arduino-sketch-784082FDA851E77D9D28AAC5941983EB/libraries/Firebase_Arduino_based_on_WiFiNINA/Firebase.cpp.o
                0x0000000000003cf4                FirebaseData::jsonData()
 .text._ZN12FirebaseData11errorReasonEv
                0x0000000000003d1c       0x80 /tmp/arduino-sketch-784082FDA851E77D9D28AAC5941983EB/libraries/Firebase_Arduino_based_on_WiFiNINA/Firebase.cpp.o
                0x0000000000003d1c                FirebaseData::errorReason()
 .text._ZN11QueryFilter10clearQueryEv
                0x0000000000003d9c       0x3a /tmp/arduino-sketch-784082FDA851E77D9D28AAC5941983EB/libraries/Firebase_Arduino_based_on_WiFiNINA/Firebase.cpp.o
                0x0000000000003d9c                QueryFilter::clearQuery()
 *fill*         0x0000000000003dd6        0x2 
 .text._ZN14Firebase_Class7getJSONER12FirebaseDataRKN7arduino6StringE
                0x0000000000003dd8       0x34 /tmp/arduino-sketch-784082FDA851E77D9D28AAC5941983EB/libraries/Firebase_Arduino_based_on_WiFiNINA/Firebase.cpp.o
                0x0000000000003dd8                Firebase_Class::getJSON(FirebaseData&, arduino::String const&)
 .text._ZN14Firebase_Class8setQueryER12FirebaseDataR11QueryFilter
                0x0000000000003e0c       0x58 /tmp/arduino-sketch-784082FDA851E77D9D28AAC5941983EB/libraries/Firebase_Arduino_based_on_WiFiNINA/Firebase.cpp.o
                0x0000000000003e0c                Firebase_Class::setQuery(FirebaseData&, QueryFilter&)
 .text._ZN14Firebase_Class7getJSONER12FirebaseDataRKN7arduino6StringER11QueryFilter
                0x0000000000003e64       0x1a /tmp/arduino-sketch-784082FDA851E77D9D28AAC5941983EB/libraries/Firebase_Arduino_based_on_WiFiNINA/Firebase.cpp.o
                0x0000000000003e64                Firebase_Class::getJSON(FirebaseData&, arduino::String const&, QueryFilter&)
 *fill*         0x0000000000003e7e        0x2 
 .text._ZN11QueryFilterC2Ev
                0x0000000000003e80       0x4c /tmp/arduino-sketch-784082FDA851E77D9D28AAC5941983EB/libraries/Firebase_Arduino_based_on_WiFiNINA/Firebase.cpp.o
                0x0000000000003e80                QueryFilter::QueryFilter()
                0x0000000000003e80                QueryFilter::QueryFilter()
 .text._ZN12FirebaseDataC2Ev
                0x0000000000003ecc       0x6c /tmp/arduino-sketch-784082FDA851E77D9D28AAC5941983EB/libraries/Firebase_Arduino_based_on_WiFiNINA/Firebase.cpp.o
                0x0000000000003ecc                FirebaseData::FirebaseData()
                0x0000000000003ecc                FirebaseData::FirebaseData()
 .text._ZN11QueryFilter3endEv
                0x0000000000003f38        0x8 /tmp/arduino-sketch-784082FDA851E77D9D28AAC5941983EB/libraries/Firebase_Arduino_based_on_WiFiNINA/Firebase.cpp.o
                0x0000000000003f38                QueryFilter::end()
 .text._ZN11QueryFilterD2Ev
                0x0000000000003f40       0x3a /tmp/arduino-sketch-784082FDA851E77D9D28AAC5941983EB/libraries/Firebase_Arduino_based_on_WiFiNINA/Firebase.cpp.o
                0x0000000000003f40                QueryFilter::~QueryFilter()
                0x0000000000003f40                QueryFilter::~QueryFilter()
 .text._ZN12FirebaseDataD2Ev
                0x0000000000003f7a       0x52 /tmp/arduino-sketch-784082FDA851E77D9D28AAC5941983EB/libraries/Firebase_Arduino_based_on_WiFiNINA/Firebase.cpp.o
                0x0000000000003f7a                FirebaseData::~FirebaseData()
                0x0000000000003f7a                FirebaseData::~FirebaseData()
 .text.startup._GLOBAL__sub_I__ZN14Firebase_ClassC2Ev
                0x0000000000003fcc       0x24 /tmp/arduino-sketch-784082FDA851E77D9D28AAC5941983EB/libraries/Firebase_Arduino_based_on_WiFiNINA/Firebase.cpp.o
 .text._ZN19Firebase_TCP_ClientC2Ev
                0x0000000000003ff0       0x28 /tmp/arduino-sketch-784082FDA851E77D9D28AAC5941983EB/libraries/Firebase_Arduino_based_on_WiFiNINA/Firebase_TCP_Client.cpp.o
                0x0000000000003ff0                Firebase_TCP_Client::Firebase_TCP_Client()
                0x0000000000003ff0                Firebase_TCP_Client::Firebase_TCP_Client()
 .text._ZN19Firebase_TCP_Client5beginEPKct
                0x0000000000004018       0x1a /tmp/arduino-sketch-784082FDA851E77D9D28AAC5941983EB/libraries/Firebase_Arduino_based_on_WiFiNINA/Firebase_TCP_Client.cpp.o
                0x0000000000004018                Firebase_TCP_Client::begin(char const*, unsigned short)
 .text._ZN19Firebase_TCP_ClientD2Ev
                0x0000000000004032       0x20 /tmp/arduino-sketch-784082FDA851E77D9D28AAC5941983EB/libraries/Firebase_Arduino_based_on_WiFiNINA/Firebase_TCP_Client.cpp.o
                0x0000000000004032                Firebase_TCP_Client::~Firebase_TCP_Client()
                0x0000000000004032                Firebase_TCP_Client::~Firebase_TCP_Client()
 .text._ZN19Firebase_TCP_Client9connectedEv
                0x0000000000004052        0xe /tmp/arduino-sketch-784082FDA851E77D9D28AAC5941983EB/libraries/Firebase_Arduino_based_on_WiFiNINA/Firebase_TCP_Client.cpp.o
                0x0000000000004052                Firebase_TCP_Client::connected()
 .text._ZN19Firebase_TCP_Client9availableEv
                0x0000000000004060        0x8 /tmp/arduino-sketch-784082FDA851E77D9D28AAC5941983EB/libraries/Firebase_Arduino_based_on_WiFiNINA/Firebase_TCP_Client.cpp.o
                0x0000000000004060                Firebase_TCP_Client::available()
 .text._ZN19Firebase_TCP_Client4readEv
                0x0000000000004068        0x8 /tmp/arduino-sketch-784082FDA851E77D9D28AAC5941983EB/libraries/Firebase_Arduino_based_on_WiFiNINA/Firebase_TCP_Client.cpp.o
                0x0000000000004068                Firebase_TCP_Client::read()
 .text._ZN19Firebase_TCP_Client5closeEv
                0x0000000000004070       0x32 /tmp/arduino-sketch-784082FDA851E77D9D28AAC5941983EB/libraries/Firebase_Arduino_based_on_WiFiNINA/Firebase_TCP_Client.cpp.o
                0x0000000000004070                Firebase_TCP_Client::close()
 .text._ZN19Firebase_TCP_Client7connectEv
                0x00000000000040a2       0x38 /tmp/arduino-sketch-784082FDA851E77D9D28AAC5941983EB/libraries/Firebase_Arduino_based_on_WiFiNINA/Firebase_TCP_Client.cpp.o
                0x00000000000040a2                Firebase_TCP_Client::connect()
 .text._ZN19Firebase_TCP_Client4sendEPKc
                0x00000000000040da       0x36 /tmp/arduino-sketch-784082FDA851E77D9D28AAC5941983EB/libraries/Firebase_Arduino_based_on_WiFiNINA/Firebase_TCP_Client.cpp.o
                0x00000000000040da                Firebase_TCP_Client::send(char const*)
 .text._ZN12SPIClassSAMD8transferEPvj
                0x0000000000004110       0x1e /tmp/arduino-sketch-784082FDA851E77D9D28AAC5941983EB/libraries/SPI/SPI.cpp.o
                0x0000000000004110                SPIClassSAMD::transfer(void*, unsigned int)
 .text._ZN12SPIClassSAMD15attachInterruptEv
                0x000000000000412e        0x2 /tmp/arduino-sketch-784082FDA851E77D9D28AAC5941983EB/libraries/SPI/SPI.cpp.o
                0x000000000000412e                SPIClassSAMD::attachInterrupt()
                0x000000000000412e                SPIClassSAMD::detachInterrupt()
 .text._ZN12SPIClassSAMDD2Ev
                0x0000000000004130        0x2 /tmp/arduino-sketch-784082FDA851E77D9D28AAC5941983EB/libraries/SPI/SPI.cpp.o
                0x0000000000004130                SPIClassSAMD::~SPIClassSAMD()
                0x0000000000004130                SPIClassSAMD::~SPIClassSAMD()
 .text._ZN12SPIClassSAMD3endEv
                0x0000000000004132       0x10 /tmp/arduino-sketch-784082FDA851E77D9D28AAC5941983EB/libraries/SPI/SPI.cpp.o
                0x0000000000004132                SPIClassSAMD::end()
 .text._ZN12SPIClassSAMD8transferEh
                0x0000000000004142        0xa /tmp/arduino-sketch-784082FDA851E77D9D28AAC5941983EB/libraries/SPI/SPI.cpp.o
                0x0000000000004142                SPIClassSAMD::transfer(unsigned char)
 .text._ZN12SPIClassSAMD10transfer16Et
                0x000000000000414c       0x58 /tmp/arduino-sketch-784082FDA851E77D9D28AAC5941983EB/libraries/SPI/SPI.cpp.o
                0x000000000000414c                SPIClassSAMD::transfer16(unsigned short)
 .text._ZN12SPIClassSAMDD0Ev
                0x00000000000041a4        0xc /tmp/arduino-sketch-784082FDA851E77D9D28AAC5941983EB/libraries/SPI/SPI.cpp.o
                0x00000000000041a4                SPIClassSAMD::~SPIClassSAMD()
 .text._ZN12SPIClassSAMD14usingInterruptEi
                0x00000000000041b0       0x44 /tmp/arduino-sketch-784082FDA851E77D9D28AAC5941983EB/libraries/SPI/SPI.cpp.o
                0x00000000000041b0                SPIClassSAMD::usingInterrupt(int)
 .text._ZN12SPIClassSAMD17notUsingInterruptEi
                0x00000000000041f4       0x3c /tmp/arduino-sketch-784082FDA851E77D9D28AAC5941983EB/libraries/SPI/SPI.cpp.o
                0x00000000000041f4                SPIClassSAMD::notUsingInterrupt(int)
 .text._ZN12SPIClassSAMD14endTransactionEv
                0x0000000000004230       0x28 /tmp/arduino-sketch-784082FDA851E77D9D28AAC5941983EB/libraries/SPI/SPI.cpp.o
                0x0000000000004230                SPIClassSAMD::endTransaction()
 .text._ZN12SPIClassSAMD4initEv
                0x0000000000004258       0x12 /tmp/arduino-sketch-784082FDA851E77D9D28AAC5941983EB/libraries/SPI/SPI.cpp.o
                0x0000000000004258                SPIClassSAMD::init()
 *fill*         0x000000000000426a        0x2 
 .text._ZN12SPIClassSAMD6configEN7arduino11SPISettingsE
                0x000000000000426c       0x74 /tmp/arduino-sketch-784082FDA851E77D9D28AAC5941983EB/libraries/SPI/SPI.cpp.o
                0x000000000000426c                SPIClassSAMD::config(arduino::SPISettings)
 .text._ZN12SPIClassSAMD5beginEv
                0x00000000000042e0       0x50 /tmp/arduino-sketch-784082FDA851E77D9D28AAC5941983EB/libraries/SPI/SPI.cpp.o
                0x00000000000042e0                SPIClassSAMD::begin()
 .text._ZN12SPIClassSAMD16beginTransactionEN7arduino11SPISettingsE
                0x0000000000004330       0x38 /tmp/arduino-sketch-784082FDA851E77D9D28AAC5941983EB/libraries/SPI/SPI.cpp.o
                0x0000000000004330                SPIClassSAMD::beginTransaction(arduino::SPISettings)
 .text.startup._GLOBAL__sub_I__ZN12SPIClassSAMDC2EP6SERCOMhhh14SercomSpiTXPad11SercomRXPad
                0x0000000000004368       0x98 /tmp/arduino-sketch-784082FDA851E77D9D28AAC5941983EB/libraries/SPI/SPI.cpp.o
 .text._ZN9WiFiClass7localIPEv
                0x0000000000004400       0x12 /tmp/arduino-sketch-784082FDA851E77D9D28AAC5941983EB/libraries/WiFiNINA/WiFi.cpp.o
                0x0000000000004400                WiFiClass::localIP()
 .text._ZN9WiFiClass6statusEv
                0x0000000000004412        0x8 /tmp/arduino-sketch-784082FDA851E77D9D28AAC5941983EB/libraries/WiFiNINA/WiFi.cpp.o
                0x0000000000004412                WiFiClass::status()
 .text._ZN9WiFiClass10hostByNameEPKcRN7arduino9IPAddressE
                0x000000000000441a        0xc /tmp/arduino-sketch-784082FDA851E77D9D28AAC5941983EB/libraries/WiFiNINA/WiFi.cpp.o
                0x000000000000441a                WiFiClass::hostByName(char const*, arduino::IPAddress&)
 .text._ZN9WiFiClass12feedWatchdogEv
                0x0000000000004426        0xc /tmp/arduino-sketch-784082FDA851E77D9D28AAC5941983EB/libraries/WiFiNINA/WiFi.cpp.o
                0x0000000000004426                WiFiClass::feedWatchdog()
 .text._ZN9WiFiClass5beginEPKcS1_
                0x0000000000004432       0x56 /tmp/arduino-sketch-784082FDA851E77D9D28AAC5941983EB/libraries/WiFiNINA/WiFi.cpp.o
                0x0000000000004432                WiFiClass::begin(char const*, char const*)
 .text.startup._GLOBAL__sub_I__ZN9WiFiClassC2Ev
                0x0000000000004488       0x14 /tmp/arduino-sketch-784082FDA851E77D9D28AAC5941983EB/libraries/WiFiNINA/WiFi.cpp.o
 .text._ZN10WiFiClient5writeEh
                0x000000000000449c       0x14 /tmp/arduino-sketch-784082FDA851E77D9D28AAC5941983EB/libraries/WiFiNINA/WiFiClient.cpp.o
                0x000000000000449c                WiFiClient::write(unsigned char)
 .text._ZN10WiFiClient8setRetryEb
                0x00000000000044b0        0x4 /tmp/arduino-sketch-784082FDA851E77D9D28AAC5941983EB/libraries/WiFiNINA/WiFiClient.cpp.o
                0x00000000000044b0                WiFiClient::setRetry(bool)
 .text._ZN10WiFiClient5flushEv
                0x00000000000044b4        0x2 /tmp/arduino-sketch-784082FDA851E77D9D28AAC5941983EB/libraries/WiFiNINA/WiFiClient.cpp.o
                0x00000000000044b4                WiFiClient::flush()
 .text._ZN10WiFiClientcvbEv
                0x00000000000044b6        0xc /tmp/arduino-sketch-784082FDA851E77D9D28AAC5941983EB/libraries/WiFiNINA/WiFiClient.cpp.o
                0x00000000000044b6                WiFiClient::operator bool()
 *fill*         0x00000000000044c2        0x2 
 .text._ZN10WiFiClient7connectEPKct
                0x00000000000044c4       0x40 /tmp/arduino-sketch-784082FDA851E77D9D28AAC5941983EB/libraries/WiFiNINA/WiFiClient.cpp.o
                0x00000000000044c4                WiFiClient::connect(char const*, unsigned short)
 .text._ZN10WiFiClient7connectEN7arduino9IPAddressEt
                0x0000000000004504       0x78 /tmp/arduino-sketch-784082FDA851E77D9D28AAC5941983EB/libraries/WiFiNINA/WiFiClient.cpp.o
                0x0000000000004504                WiFiClient::connect(arduino::IPAddress, unsigned short)
 .text._ZN10WiFiClient10connectSSLEN7arduino9IPAddressEt
                0x000000000000457c       0x78 /tmp/arduino-sketch-784082FDA851E77D9D28AAC5941983EB/libraries/WiFiNINA/WiFiClient.cpp.o
                0x000000000000457c                WiFiClient::connectSSL(arduino::IPAddress, unsigned short)
 .text._ZN10WiFiClient14connectBearSSLEN7arduino9IPAddressEt
                0x00000000000045f4       0x78 /tmp/arduino-sketch-784082FDA851E77D9D28AAC5941983EB/libraries/WiFiNINA/WiFiClient.cpp.o
                0x00000000000045f4                WiFiClient::connectBearSSL(arduino::IPAddress, unsigned short)
 .text._ZN10WiFiClient10connectSSLEPKct
                0x000000000000466c       0x84 /tmp/arduino-sketch-784082FDA851E77D9D28AAC5941983EB/libraries/WiFiNINA/WiFiClient.cpp.o
                0x000000000000466c                WiFiClient::connectSSL(char const*, unsigned short)
 .text._ZN10WiFiClient14connectBearSSLEPKct
                0x00000000000046f0       0x84 /tmp/arduino-sketch-784082FDA851E77D9D28AAC5941983EB/libraries/WiFiNINA/WiFiClient.cpp.o
                0x00000000000046f0                WiFiClient::connectBearSSL(char const*, unsigned short)
 .text._ZN10WiFiClient5writeEPKhj
                0x0000000000004774       0x56 /tmp/arduino-sketch-784082FDA851E77D9D28AAC5941983EB/libraries/WiFiNINA/WiFiClient.cpp.o
                0x0000000000004774                WiFiClient::write(unsigned char const*, unsigned int)
 *fill*         0x00000000000047ca        0x2 
 .text._ZN10WiFiClient9availableEv
                0x00000000000047cc       0x18 /tmp/arduino-sketch-784082FDA851E77D9D28AAC5941983EB/libraries/WiFiNINA/WiFiClient.cpp.o
                0x00000000000047cc                WiFiClient::available()
 .text._ZN10WiFiClient4readEv
                0x00000000000047e4       0x2c /tmp/arduino-sketch-784082FDA851E77D9D28AAC5941983EB/libraries/WiFiNINA/WiFiClient.cpp.o
                0x00000000000047e4                WiFiClient::read()
 .text._ZN10WiFiClient4readEPhj
                0x0000000000004810       0x18 /tmp/arduino-sketch-784082FDA851E77D9D28AAC5941983EB/libraries/WiFiNINA/WiFiClient.cpp.o
                0x0000000000004810                WiFiClient::read(unsigned char*, unsigned int)
 .text._ZN10WiFiClient4peekEv
                0x0000000000004828       0x10 /tmp/arduino-sketch-784082FDA851E77D9D28AAC5941983EB/libraries/WiFiNINA/WiFiClient.cpp.o
                0x0000000000004828                WiFiClient::peek()
 .text._ZN10WiFiClient10remotePortEv
                0x0000000000004838       0x22 /tmp/arduino-sketch-784082FDA851E77D9D28AAC5941983EB/libraries/WiFiNINA/WiFiClient.cpp.o
                0x0000000000004838                WiFiClient::remotePort()
 .text._ZN10WiFiClient8remoteIPEv
                0x000000000000485a       0x20 /tmp/arduino-sketch-784082FDA851E77D9D28AAC5941983EB/libraries/WiFiNINA/WiFiClient.cpp.o
                0x000000000000485a                WiFiClient::remoteIP()
 .text._ZN10WiFiClient5retryEPKhjb
                0x000000000000487a       0x26 /tmp/arduino-sketch-784082FDA851E77D9D28AAC5941983EB/libraries/WiFiNINA/WiFiClient.cpp.o
                0x000000000000487a                WiFiClient::retry(unsigned char const*, unsigned int, bool)
 .text._ZN10WiFiClientC2Ev
                0x00000000000048a0       0x20 /tmp/arduino-sketch-784082FDA851E77D9D28AAC5941983EB/libraries/WiFiNINA/WiFiClient.cpp.o
                0x00000000000048a0                WiFiClient::WiFiClient()
                0x00000000000048a0                WiFiClient::WiFiClient()
 .text._ZN10WiFiClient6statusEv
                0x00000000000048c0       0x12 /tmp/arduino-sketch-784082FDA851E77D9D28AAC5941983EB/libraries/WiFiNINA/WiFiClient.cpp.o
                0x00000000000048c0                WiFiClient::status()
 *fill*         0x00000000000048d2        0x2 
 .text._ZN10WiFiClient4stopEv
                0x00000000000048d4       0x3c /tmp/arduino-sketch-784082FDA851E77D9D28AAC5941983EB/libraries/WiFiNINA/WiFiClient.cpp.o
                0x00000000000048d4                WiFiClient::stop()
 .text._ZN10WiFiClient9connectedEv
                0x0000000000004910       0x44 /tmp/arduino-sketch-784082FDA851E77D9D28AAC5941983EB/libraries/WiFiNINA/WiFiClient.cpp.o
                0x0000000000004910                WiFiClient::connected()
 .text._ZN13WiFiSSLClient7connectEN7arduino9IPAddressEt
                0x0000000000004954       0x1c /tmp/arduino-sketch-784082FDA851E77D9D28AAC5941983EB/libraries/WiFiNINA/WiFiSSLClient.cpp.o
                0x0000000000004954                WiFiSSLClient::connect(arduino::IPAddress, unsigned short)
 .text._ZN13WiFiSSLClient7connectEPKct
                0x0000000000004970        0x8 /tmp/arduino-sketch-784082FDA851E77D9D28AAC5941983EB/libraries/WiFiNINA/WiFiSSLClient.cpp.o
                0x0000000000004970                WiFiSSLClient::connect(char const*, unsigned short)
 .text._ZN13WiFiSSLClientC2Ev
                0x0000000000004978       0x18 /tmp/arduino-sketch-784082FDA851E77D9D28AAC5941983EB/libraries/WiFiNINA/WiFiSSLClient.cpp.o
                0x0000000000004978                WiFiSSLClient::WiFiSSLClient()
                0x0000000000004978                WiFiSSLClient::WiFiSSLClient()
 .text._ZN21WiFiSocketBufferClassC2Ev
                0x0000000000004990       0x10 /tmp/arduino-sketch-784082FDA851E77D9D28AAC5941983EB/libraries/WiFiNINA/utility/WiFiSocketBuffer.cpp.o
                0x0000000000004990                WiFiSocketBufferClass::WiFiSocketBufferClass()
                0x0000000000004990                WiFiSocketBufferClass::WiFiSocketBufferClass()
 .text._ZN21WiFiSocketBufferClass5closeEi
                0x00000000000049a0       0x1c /tmp/arduino-sketch-784082FDA851E77D9D28AAC5941983EB/libraries/WiFiNINA/utility/WiFiSocketBuffer.cpp.o
                0x00000000000049a0                WiFiSocketBufferClass::close(int)
 .text._ZN21WiFiSocketBufferClassD2Ev
                0x00000000000049bc       0x18 /tmp/arduino-sketch-784082FDA851E77D9D28AAC5941983EB/libraries/WiFiNINA/utility/WiFiSocketBuffer.cpp.o
                0x00000000000049bc                WiFiSocketBufferClass::~WiFiSocketBufferClass()
                0x00000000000049bc                WiFiSocketBufferClass::~WiFiSocketBufferClass()
 .text._ZN21WiFiSocketBufferClass9availableEi
                0x00000000000049d4       0x58 /tmp/arduino-sketch-784082FDA851E77D9D28AAC5941983EB/libraries/WiFiNINA/utility/WiFiSocketBuffer.cpp.o
                0x00000000000049d4                WiFiSocketBufferClass::available(int)
 .text._ZN21WiFiSocketBufferClass4peekEi
                0x0000000000004a2c       0x20 /tmp/arduino-sketch-784082FDA851E77D9D28AAC5941983EB/libraries/WiFiNINA/utility/WiFiSocketBuffer.cpp.o
                0x0000000000004a2c                WiFiSocketBufferClass::peek(int)
 .text._ZN21WiFiSocketBufferClass4readEiPhj
                0x0000000000004a4c       0x38 /tmp/arduino-sketch-784082FDA851E77D9D28AAC5941983EB/libraries/WiFiNINA/utility/WiFiSocketBuffer.cpp.o
                0x0000000000004a4c                WiFiSocketBufferClass::read(int, unsigned char*, unsigned int)
 .text.startup._GLOBAL__sub_I__ZN21WiFiSocketBufferClassC2Ev
                0x0000000000004a84       0x24 /tmp/arduino-sketch-784082FDA851E77D9D28AAC5941983EB/libraries/WiFiNINA/utility/WiFiSocketBuffer.cpp.o
 .text._ZN9ServerDrv11startClientEmthh
                0x0000000000004aa8       0x84 /tmp/arduino-sketch-784082FDA851E77D9D28AAC5941983EB/libraries/WiFiNINA/utility/server_drv.cpp.o
                0x0000000000004aa8                ServerDrv::startClient(unsigned long, unsigned short, unsigned char, unsigned char)
 .text._ZN9ServerDrv11startClientEPKchmthh
                0x0000000000004b2c       0xa8 /tmp/arduino-sketch-784082FDA851E77D9D28AAC5941983EB/libraries/WiFiNINA/utility/server_drv.cpp.o
                0x0000000000004b2c                ServerDrv::startClient(char const*, unsigned char, unsigned long, unsigned short, unsigned char, unsigned char)
 .text._ZN9ServerDrv10stopClientEh
                0x0000000000004bd4       0x68 /tmp/arduino-sketch-784082FDA851E77D9D28AAC5941983EB/libraries/WiFiNINA/utility/server_drv.cpp.o
                0x0000000000004bd4                ServerDrv::stopClient(unsigned char)
 .text._ZN9ServerDrv14getClientStateEh
                0x0000000000004c3c       0x6c /tmp/arduino-sketch-784082FDA851E77D9D28AAC5941983EB/libraries/WiFiNINA/utility/server_drv.cpp.o
                0x0000000000004c3c                ServerDrv::getClientState(unsigned char)
 .text._ZN9ServerDrv10getDataBufEhPhPt
                0x0000000000004ca8       0x78 /tmp/arduino-sketch-784082FDA851E77D9D28AAC5941983EB/libraries/WiFiNINA/utility/server_drv.cpp.o
                0x0000000000004ca8                ServerDrv::getDataBuf(unsigned char, unsigned char*, unsigned short*)
 .text._ZN9ServerDrv8sendDataEhPKht
                0x0000000000004d20       0x84 /tmp/arduino-sketch-784082FDA851E77D9D28AAC5941983EB/libraries/WiFiNINA/utility/server_drv.cpp.o
                0x0000000000004d20                ServerDrv::sendData(unsigned char, unsigned char const*, unsigned short)
 .text._ZN9ServerDrv13checkDataSentEh
                0x0000000000004da4       0x98 /tmp/arduino-sketch-784082FDA851E77D9D28AAC5941983EB/libraries/WiFiNINA/utility/server_drv.cpp.o
                0x0000000000004da4                ServerDrv::checkDataSent(unsigned char)
 .text._ZN9ServerDrv9getSocketEv
                0x0000000000004e3c       0x54 /tmp/arduino-sketch-784082FDA851E77D9D28AAC5941983EB/libraries/WiFiNINA/utility/server_drv.cpp.o
                0x0000000000004e3c                ServerDrv::getSocket()
 .text._ZN6SpiDrv17waitForSlaveReadyEb
                0x0000000000004e90       0x3c /tmp/arduino-sketch-784082FDA851E77D9D28AAC5941983EB/libraries/WiFiNINA/utility/spi_drv.cpp.o
                0x0000000000004e90                SpiDrv::waitForSlaveReady(bool)
 .text._ZN6SpiDrv9availableEv
                0x0000000000004ecc        0xe /tmp/arduino-sketch-784082FDA851E77D9D28AAC5941983EB/libraries/WiFiNINA/utility/spi_drv.cpp.o
                0x0000000000004ecc                SpiDrv::available()
 *fill*         0x0000000000004eda        0x2 
 .text._ZN6SpiDrv5beginEv
                0x0000000000004edc       0xb0 /tmp/arduino-sketch-784082FDA851E77D9D28AAC5941983EB/libraries/WiFiNINA/utility/spi_drv.cpp.o
                0x0000000000004edc                SpiDrv::begin()
 .text._ZN6SpiDrv14spiSlaveSelectEv
                0x0000000000004f8c       0x50 /tmp/arduino-sketch-784082FDA851E77D9D28AAC5941983EB/libraries/WiFiNINA/utility/spi_drv.cpp.o
                0x0000000000004f8c                SpiDrv::spiSlaveSelect()
 .text._ZN6SpiDrv16spiSlaveDeselectEv
                0x0000000000004fdc       0x1c /tmp/arduino-sketch-784082FDA851E77D9D28AAC5941983EB/libraries/WiFiNINA/utility/spi_drv.cpp.o
                0x0000000000004fdc                SpiDrv::spiSlaveDeselect()
 .text._ZN6SpiDrv11spiTransferEc
                0x0000000000004ff8       0x18 /tmp/arduino-sketch-784082FDA851E77D9D28AAC5941983EB/libraries/WiFiNINA/utility/spi_drv.cpp.o
                0x0000000000004ff8                SpiDrv::spiTransfer(char)
 .text._ZN6SpiDrv8getParamEPh
                0x0000000000005010        0xe /tmp/arduino-sketch-784082FDA851E77D9D28AAC5941983EB/libraries/WiFiNINA/utility/spi_drv.cpp.o
                0x0000000000005010                SpiDrv::getParam(unsigned char*)
 .text._ZN6SpiDrv16readAndCheckCharEcPc
                0x000000000000501e       0x16 /tmp/arduino-sketch-784082FDA851E77D9D28AAC5941983EB/libraries/WiFiNINA/utility/spi_drv.cpp.o
                0x000000000000501e                SpiDrv::readAndCheckChar(char, char*)
 .text._ZN6SpiDrv8readCharEv
                0x0000000000005034       0x14 /tmp/arduino-sketch-784082FDA851E77D9D28AAC5941983EB/libraries/WiFiNINA/utility/spi_drv.cpp.o
                0x0000000000005034                SpiDrv::readChar()
 .text._ZN6SpiDrv11waitSpiCharEh
                0x0000000000005048       0x2c /tmp/arduino-sketch-784082FDA851E77D9D28AAC5941983EB/libraries/WiFiNINA/utility/spi_drv.cpp.o
                0x0000000000005048                SpiDrv::waitSpiChar(unsigned char)
 .text._ZN6SpiDrv9sendParamEPhhh
                0x0000000000005074       0x2c /tmp/arduino-sketch-784082FDA851E77D9D28AAC5941983EB/libraries/WiFiNINA/utility/spi_drv.cpp.o
                0x0000000000005074                SpiDrv::sendParam(unsigned char*, unsigned char, unsigned char)
 .text._ZN6SpiDrv14sendParamLen16Et
                0x00000000000050a0       0x12 /tmp/arduino-sketch-784082FDA851E77D9D28AAC5941983EB/libraries/WiFiNINA/utility/spi_drv.cpp.o
                0x00000000000050a0                SpiDrv::sendParamLen16(unsigned short)
 .text._ZN6SpiDrv13readParamLen8EPh
                0x00000000000050b2       0x12 /tmp/arduino-sketch-784082FDA851E77D9D28AAC5941983EB/libraries/WiFiNINA/utility/spi_drv.cpp.o
                0x00000000000050b2                SpiDrv::readParamLen8(unsigned char*)
 .text._ZN6SpiDrv15waitResponseCmdEhhPhS0_
                0x00000000000050c4       0x68 /tmp/arduino-sketch-784082FDA851E77D9D28AAC5941983EB/libraries/WiFiNINA/utility/spi_drv.cpp.o
                0x00000000000050c4                SpiDrv::waitResponseCmd(unsigned char, unsigned char, unsigned char*, unsigned char*)
 .text._ZN6SpiDrv17waitResponseData8EhPhS0_
                0x000000000000512c       0x5e /tmp/arduino-sketch-784082FDA851E77D9D28AAC5941983EB/libraries/WiFiNINA/utility/spi_drv.cpp.o
                0x000000000000512c                SpiDrv::waitResponseData8(unsigned char, unsigned char*, unsigned char*)
 .text._ZN6SpiDrv18waitResponseParamsEhhP6tParam
                0x000000000000518a       0x94 /tmp/arduino-sketch-784082FDA851E77D9D28AAC5941983EB/libraries/WiFiNINA/utility/spi_drv.cpp.o
                0x000000000000518a                SpiDrv::waitResponseParams(unsigned char, unsigned char, tParam*)
 .text._ZN6SpiDrv14readParamLen16EPt
                0x000000000000521e       0x20 /tmp/arduino-sketch-784082FDA851E77D9D28AAC5941983EB/libraries/WiFiNINA/utility/spi_drv.cpp.o
                0x000000000000521e                SpiDrv::readParamLen16(unsigned short*)
 .text._ZN6SpiDrv18waitResponseData16EhPhPt
                0x000000000000523e       0x64 /tmp/arduino-sketch-784082FDA851E77D9D28AAC5941983EB/libraries/WiFiNINA/utility/spi_drv.cpp.o
                0x000000000000523e                SpiDrv::waitResponseData16(unsigned char, unsigned char*, unsigned short*)
 .text._ZN6SpiDrv10sendBufferEPhth
                0x00000000000052a2       0x2a /tmp/arduino-sketch-784082FDA851E77D9D28AAC5941983EB/libraries/WiFiNINA/utility/spi_drv.cpp.o
                0x00000000000052a2                SpiDrv::sendBuffer(unsigned char*, unsigned short, unsigned char)
 .text._ZN6SpiDrv9sendParamEth
                0x00000000000052cc       0x24 /tmp/arduino-sketch-784082FDA851E77D9D28AAC5941983EB/libraries/WiFiNINA/utility/spi_drv.cpp.o
                0x00000000000052cc                SpiDrv::sendParam(unsigned short, unsigned char)
 .text._ZN6SpiDrv7sendCmdEhh
                0x00000000000052f0       0x26 /tmp/arduino-sketch-784082FDA851E77D9D28AAC5941983EB/libraries/WiFiNINA/utility/spi_drv.cpp.o
                0x00000000000052f0                SpiDrv::sendCmd(unsigned char, unsigned char)
 *fill*         0x0000000000005316        0x2 
 .text._ZN7WiFiDrv14getNetworkDataEPhS0_S0_
                0x0000000000005318       0x9c /tmp/arduino-sketch-784082FDA851E77D9D28AAC5941983EB/libraries/WiFiNINA/utility/wifi_drv.cpp.o
                0x0000000000005318                WiFiDrv::getNetworkData(unsigned char*, unsigned char*, unsigned char*)
 .text._ZN7WiFiDrv13getRemoteDataEhPhS0_
                0x00000000000053b4       0x88 /tmp/arduino-sketch-784082FDA851E77D9D28AAC5941983EB/libraries/WiFiNINA/utility/wifi_drv.cpp.o
                0x00000000000053b4                WiFiDrv::getRemoteData(unsigned char, unsigned char*, unsigned char*)
 .text._ZN7WiFiDrv17wifiSetPassphraseEPKchS1_h
                0x000000000000543c       0x88 /tmp/arduino-sketch-784082FDA851E77D9D28AAC5941983EB/libraries/WiFiNINA/utility/wifi_drv.cpp.o
                0x000000000000543c                WiFiDrv::wifiSetPassphrase(char const*, unsigned char, char const*, unsigned char)
 .text._ZN7WiFiDrv19getConnectionStatusEv
                0x00000000000054c4       0x54 /tmp/arduino-sketch-784082FDA851E77D9D28AAC5941983EB/libraries/WiFiNINA/utility/wifi_drv.cpp.o
                0x00000000000054c4                WiFiDrv::getConnectionStatus()
 .text._ZN7WiFiDrv12getIpAddressERN7arduino9IPAddressE
                0x0000000000005518       0x28 /tmp/arduino-sketch-784082FDA851E77D9D28AAC5941983EB/libraries/WiFiNINA/utility/wifi_drv.cpp.o
                0x0000000000005518                WiFiDrv::getIpAddress(arduino::IPAddress&)
 .text._ZN7WiFiDrv13reqHostByNameEPKc
                0x0000000000005540       0x88 /tmp/arduino-sketch-784082FDA851E77D9D28AAC5941983EB/libraries/WiFiNINA/utility/wifi_drv.cpp.o
                0x0000000000005540                WiFiDrv::reqHostByName(char const*)
 .text._ZN7WiFiDrv13getHostByNameERN7arduino9IPAddressE
                0x00000000000055c8       0x78 /tmp/arduino-sketch-784082FDA851E77D9D28AAC5941983EB/libraries/WiFiNINA/utility/wifi_drv.cpp.o
                0x00000000000055c8                WiFiDrv::getHostByName(arduino::IPAddress&)
 .text._ZN7WiFiDrv13getHostByNameEPKcRN7arduino9IPAddressE
                0x0000000000005640       0x18 /tmp/arduino-sketch-784082FDA851E77D9D28AAC5941983EB/libraries/WiFiNINA/utility/wifi_drv.cpp.o
                0x0000000000005640                WiFiDrv::getHostByName(char const*, arduino::IPAddress&)
 .text.PINCOUNT_fn
                0x0000000000005658        0x4 /tmp/arduino-sketch-784082FDA851E77D9D28AAC5941983EB/core/variant.cpp.o
                0x0000000000005658                PINCOUNT_fn
 .text.initVariant
                0x000000000000565c       0xf8 /tmp/arduino-sketch-784082FDA851E77D9D28AAC5941983EB/core/variant.cpp.o
                0x000000000000565c                initVariant
 .text.SERCOM5_Handler
                0x0000000000005754       0x10 /tmp/arduino-sketch-784082FDA851E77D9D28AAC5941983EB/core/variant.cpp.o
                0x0000000000005754                SERCOM5_Handler
 .text.SERCOM4_Handler
                0x0000000000005764       0x10 /tmp/arduino-sketch-784082FDA851E77D9D28AAC5941983EB/core/variant.cpp.o
                0x0000000000005764                SERCOM4_Handler
 .text.startup._GLOBAL__sub_I_g_APinDescription
                0x0000000000005774       0xa0 /tmp/arduino-sketch-784082FDA851E77D9D28AAC5941983EB/core/variant.cpp.o
 .text.Dummy_Handler
                0x0000000000005814        0x2 /tmp/arduino-sketch-784082FDA851E77D9D28AAC5941983EB/../arduino-core-cache/core_arduino_samd_mkrwifi1010_0d900ac78734c9038bbcc9caccb00992.a(cortex_handlers.c.o)
                0x0000000000005814                DMAC_Handler
                0x0000000000005814                HardFault_Handler
                0x0000000000005814                AC_Handler
                0x0000000000005814                PendSV_Handler
                0x0000000000005814                NMI_Handler
                0x0000000000005814                TC7_Handler
                0x0000000000005814                SERCOM1_Handler
                0x0000000000005814                ADC_Handler
                0x0000000000005814                TCC1_Handler
                0x0000000000005814                TCC0_Handler
                0x0000000000005814                RTC_Handler
                0x0000000000005814                EIC_Handler
                0x0000000000005814                TC6_Handler
                0x0000000000005814                WDT_Handler
                0x0000000000005814                TC4_Handler
                0x0000000000005814                TC3_Handler
                0x0000000000005814                Dummy_Handler
                0x0000000000005814                PM_Handler
                0x0000000000005814                SVC_Handler
                0x0000000000005814                TCC2_Handler
                0x0000000000005814                EVSYS_Handler
                0x0000000000005814                SERCOM3_Handler
                0x0000000000005814                I2S_Handler
                0x0000000000005814                NVMCTRL_Handler
                0x0000000000005814                SERCOM0_Handler
                0x0000000000005814                DAC_Handler
                0x0000000000005814                PTC_Handler
                0x0000000000005814                SYSCTRL_Handler
 *fill*         0x0000000000005816        0x2 
 .text.USB_Handler
                0x0000000000005818       0x14 /tmp/arduino-sketch-784082FDA851E77D9D28AAC5941983EB/../arduino-core-cache/core_arduino_samd_mkrwifi1010_0d900ac78734c9038bbcc9caccb00992.a(cortex_handlers.c.o)
                0x0000000000005818                USB_Handler
 .text.Reset_Handler
                0x000000000000582c       0x54 /tmp/arduino-sketch-784082FDA851E77D9D28AAC5941983EB/../arduino-core-cache/core_arduino_samd_mkrwifi1010_0d900ac78734c9038bbcc9caccb00992.a(cortex_handlers.c.o)
                0x000000000000582c                Reset_Handler
 .text.SysTick_Handler
                0x0000000000005880       0x10 /tmp/arduino-sketch-784082FDA851E77D9D28AAC5941983EB/../arduino-core-cache/core_arduino_samd_mkrwifi1010_0d900ac78734c9038bbcc9caccb00992.a(cortex_handlers.c.o)
                0x0000000000005880                SysTick_Handler
 .text.USB_SetHandler
                0x0000000000005890        0xc /tmp/arduino-sketch-784082FDA851E77D9D28AAC5941983EB/../arduino-core-cache/core_arduino_samd_mkrwifi1010_0d900ac78734c9038bbcc9caccb00992.a(cortex_handlers.c.o)
                0x0000000000005890                USB_SetHandler
 .text.millis   0x000000000000589c        0xc /tmp/arduino-sketch-784082FDA851E77D9D28AAC5941983EB/../arduino-core-cache/core_arduino_samd_mkrwifi1010_0d900ac78734c9038bbcc9caccb00992.a(delay.c.o)
                0x000000000000589c                millis
 .text.micros   0x00000000000058a8       0x60 /tmp/arduino-sketch-784082FDA851E77D9D28AAC5941983EB/../arduino-core-cache/core_arduino_samd_mkrwifi1010_0d900ac78734c9038bbcc9caccb00992.a(delay.c.o)
                0x00000000000058a8                micros
 .text.delay    0x0000000000005908       0x30 /tmp/arduino-sketch-784082FDA851E77D9D28AAC5941983EB/../arduino-core-cache/core_arduino_samd_mkrwifi1010_0d900ac78734c9038bbcc9caccb00992.a(delay.c.o)
                0x0000000000005908                delay
 .text.resetExternalChip
                0x0000000000005938        0x2 /tmp/arduino-sketch-784082FDA851E77D9D28AAC5941983EB/../arduino-core-cache/core_arduino_samd_mkrwifi1010_0d900ac78734c9038bbcc9caccb00992.a(delay.c.o)
                0x0000000000005938                resetExternalChip
 *fill*         0x000000000000593a        0x2 
 .text.SysTick_DefaultHandler
                0x000000000000593c       0x14 /tmp/arduino-sketch-784082FDA851E77D9D28AAC5941983EB/../arduino-core-cache/core_arduino_samd_mkrwifi1010_0d900ac78734c9038bbcc9caccb00992.a(delay.c.o)
                0x000000000000593c                SysTick_DefaultHandler
 .text.__empty  0x0000000000005950        0x2 /tmp/arduino-sketch-784082FDA851E77D9D28AAC5941983EB/../arduino-core-cache/core_arduino_samd_mkrwifi1010_0d900ac78734c9038bbcc9caccb00992.a(hooks.c.o)
                0x0000000000005950                yield
 .text.__false  0x0000000000005952        0x4 /tmp/arduino-sketch-784082FDA851E77D9D28AAC5941983EB/../arduino-core-cache/core_arduino_samd_mkrwifi1010_0d900ac78734c9038bbcc9caccb00992.a(hooks.c.o)
                0x0000000000005952                sysTickHook
 *fill*         0x0000000000005956        0x2 
 .text.SystemInit
                0x0000000000005958      0x160 /tmp/arduino-sketch-784082FDA851E77D9D28AAC5941983EB/../arduino-core-cache/core_arduino_samd_mkrwifi1010_0d900ac78734c9038bbcc9caccb00992.a(startup.c.o)
                0x0000000000005958                SystemInit
 .text.init     0x0000000000005ab8       0xf0 /tmp/arduino-sketch-784082FDA851E77D9D28AAC5941983EB/../arduino-core-cache/core_arduino_samd_mkrwifi1010_0d900ac78734c9038bbcc9caccb00992.a(wiring.c.o)
                0x0000000000005ab8                init
 .text.mapResolution
                0x0000000000005ba8       0x12 /tmp/arduino-sketch-784082FDA851E77D9D28AAC5941983EB/../arduino-core-cache/core_arduino_samd_mkrwifi1010_0d900ac78734c9038bbcc9caccb00992.a(wiring_analog.c.o)
 *fill*         0x0000000000005bba        0x2 
 .text.analogReference
                0x0000000000005bbc       0x64 /tmp/arduino-sketch-784082FDA851E77D9D28AAC5941983EB/../arduino-core-cache/core_arduino_samd_mkrwifi1010_0d900ac78734c9038bbcc9caccb00992.a(wiring_analog.c.o)
                0x0000000000005bbc                analogReference
 .text.analogRead
                0x0000000000005c20       0xdc /tmp/arduino-sketch-784082FDA851E77D9D28AAC5941983EB/../arduino-core-cache/core_arduino_samd_mkrwifi1010_0d900ac78734c9038bbcc9caccb00992.a(wiring_analog.c.o)
                0x0000000000005c20                analogRead
 .text.pinMode  0x0000000000005cfc       0x98 /tmp/arduino-sketch-784082FDA851E77D9D28AAC5941983EB/../arduino-core-cache/core_arduino_samd_mkrwifi1010_0d900ac78734c9038bbcc9caccb00992.a(wiring_digital.c.o)
                0x0000000000005cfc                pinMode
 .text.digitalWrite
                0x0000000000005d94       0x58 /tmp/arduino-sketch-784082FDA851E77D9D28AAC5941983EB/../arduino-core-cache/core_arduino_samd_mkrwifi1010_0d900ac78734c9038bbcc9caccb00992.a(wiring_digital.c.o)
                0x0000000000005d94                digitalWrite
 .text.digitalRead
                0x0000000000005dec       0x30 /tmp/arduino-sketch-784082FDA851E77D9D28AAC5941983EB/../arduino-core-cache/core_arduino_samd_mkrwifi1010_0d900ac78734c9038bbcc9caccb00992.a(wiring_digital.c.o)
                0x0000000000005dec                digitalRead
 .text.pinPeripheral
                0x0000000000005e1c       0xc0 /tmp/arduino-sketch-784082FDA851E77D9D28AAC5941983EB/../arduino-core-cache/core_arduino_samd_mkrwifi1010_0d900ac78734c9038bbcc9caccb00992.a(wiring_private.c.o)
                0x0000000000005e1c                pinPeripheral
 .text.initiateReset
                0x0000000000005edc       0x14 /tmp/arduino-sketch-784082FDA851E77D9D28AAC5941983EB/../arduino-core-cache/core_arduino_samd_mkrwifi1010_0d900ac78734c9038bbcc9caccb00992.a(Reset.cpp.o)
                0x0000000000005edc                initiateReset
 .text.cancelReset
                0x0000000000005ef0       0x10 /tmp/arduino-sketch-784082FDA851E77D9D28AAC5941983EB/../arduino-core-cache/core_arduino_samd_mkrwifi1010_0d900ac78734c9038bbcc9caccb00992.a(Reset.cpp.o)
                0x0000000000005ef0                cancelReset
 .text.tickReset
                0x0000000000005f00       0x78 /tmp/arduino-sketch-784082FDA851E77D9D28AAC5941983EB/../arduino-core-cache/core_arduino_samd_mkrwifi1010_0d900ac78734c9038bbcc9caccb00992.a(Reset.cpp.o)
                0x0000000000005f00                tickReset
 .text._ZN6SERCOMC2EP6Sercom
                0x0000000000005f78        0x8 /tmp/arduino-sketch-784082FDA851E77D9D28AAC5941983EB/../arduino-core-cache/core_arduino_samd_mkrwifi1010_0d900ac78734c9038bbcc9caccb00992.a(SERCOM.cpp.o)
                0x0000000000005f78                SERCOM::SERCOM(Sercom*)
                0x0000000000005f78                SERCOM::SERCOM(Sercom*)
 .text._ZN6SERCOM9initFrameE18SercomUartCharSize15SercomDataOrder16SercomParityMode19SercomNumberStopBit
                0x0000000000005f80       0x3a /tmp/arduino-sketch-784082FDA851E77D9D28AAC5941983EB/../arduino-core-cache/core_arduino_samd_mkrwifi1010_0d900ac78734c9038bbcc9caccb00992.a(SERCOM.cpp.o)
                0x0000000000005f80                SERCOM::initFrame(SercomUartCharSize, SercomDataOrder, SercomParityMode, SercomNumberStopBit)
 .text._ZN6SERCOM8initPadsE15SercomUartTXPad11SercomRXPad
                0x0000000000005fba       0x26 /tmp/arduino-sketch-784082FDA851E77D9D28AAC5941983EB/../arduino-core-cache/core_arduino_samd_mkrwifi1010_0d900ac78734c9038bbcc9caccb00992.a(SERCOM.cpp.o)
                0x0000000000005fba                SERCOM::initPads(SercomUartTXPad, SercomRXPad)
 .text._ZN6SERCOM9resetUARTEv
                0x0000000000005fe0       0x1a /tmp/arduino-sketch-784082FDA851E77D9D28AAC5941983EB/../arduino-core-cache/core_arduino_samd_mkrwifi1010_0d900ac78734c9038bbcc9caccb00992.a(SERCOM.cpp.o)
                0x0000000000005fe0                SERCOM::resetUART()
 .text._ZN6SERCOM10enableUARTEv
                0x0000000000005ffa       0x14 /tmp/arduino-sketch-784082FDA851E77D9D28AAC5941983EB/../arduino-core-cache/core_arduino_samd_mkrwifi1010_0d900ac78734c9038bbcc9caccb00992.a(SERCOM.cpp.o)
                0x0000000000005ffa                SERCOM::enableUART()
 .text._ZN6SERCOM9flushUARTEv
                0x000000000000600e       0x14 /tmp/arduino-sketch-784082FDA851E77D9D28AAC5941983EB/../arduino-core-cache/core_arduino_samd_mkrwifi1010_0d900ac78734c9038bbcc9caccb00992.a(SERCOM.cpp.o)
                0x000000000000600e                SERCOM::flushUART()
 .text._ZN6SERCOM15clearStatusUARTEv
                0x0000000000006022        0x8 /tmp/arduino-sketch-784082FDA851E77D9D28AAC5941983EB/../arduino-core-cache/core_arduino_samd_mkrwifi1010_0d900ac78734c9038bbcc9caccb00992.a(SERCOM.cpp.o)
                0x0000000000006022                SERCOM::clearStatusUART()
 .text._ZN6SERCOM17availableDataUARTEv
                0x000000000000602a        0xa /tmp/arduino-sketch-784082FDA851E77D9D28AAC5941983EB/../arduino-core-cache/core_arduino_samd_mkrwifi1010_0d900ac78734c9038bbcc9caccb00992.a(SERCOM.cpp.o)
                0x000000000000602a                SERCOM::availableDataUART()
 .text._ZN6SERCOM11isUARTErrorEv
                0x0000000000006034        0x8 /tmp/arduino-sketch-784082FDA851E77D9D28AAC5941983EB/../arduino-core-cache/core_arduino_samd_mkrwifi1010_0d900ac78734c9038bbcc9caccb00992.a(SERCOM.cpp.o)
                0x0000000000006034                SERCOM::isUARTError()
 .text._ZN6SERCOM20acknowledgeUARTErrorEv
                0x000000000000603c        0xe /tmp/arduino-sketch-784082FDA851E77D9D28AAC5941983EB/../arduino-core-cache/core_arduino_samd_mkrwifi1010_0d900ac78734c9038bbcc9caccb00992.a(SERCOM.cpp.o)
                0x000000000000603c                SERCOM::acknowledgeUARTError()
 .text._ZN6SERCOM16isFrameErrorUARTEv
                0x000000000000604a        0xa /tmp/arduino-sketch-784082FDA851E77D9D28AAC5941983EB/../arduino-core-cache/core_arduino_samd_mkrwifi1010_0d900ac78734c9038bbcc9caccb00992.a(SERCOM.cpp.o)
                0x000000000000604a                SERCOM::isFrameErrorUART()
 .text._ZN6SERCOM19clearFrameErrorUARTEv
                0x0000000000006054        0xc /tmp/arduino-sketch-784082FDA851E77D9D28AAC5941983EB/../arduino-core-cache/core_arduino_samd_mkrwifi1010_0d900ac78734c9038bbcc9caccb00992.a(SERCOM.cpp.o)
                0x0000000000006054                SERCOM::clearFrameErrorUART()
 .text._ZN6SERCOM23isDataRegisterEmptyUARTEv
                0x0000000000006060        0xa /tmp/arduino-sketch-784082FDA851E77D9D28AAC5941983EB/../arduino-core-cache/core_arduino_samd_mkrwifi1010_0d900ac78734c9038bbcc9caccb00992.a(SERCOM.cpp.o)
                0x0000000000006060                SERCOM::isDataRegisterEmptyUART()
 .text._ZN6SERCOM12readDataUARTEv
                0x000000000000606a        0x8 /tmp/arduino-sketch-784082FDA851E77D9D28AAC5941983EB/../arduino-core-cache/core_arduino_samd_mkrwifi1010_0d900ac78734c9038bbcc9caccb00992.a(SERCOM.cpp.o)
                0x000000000000606a                SERCOM::readDataUART()
 .text._ZN6SERCOM13writeDataUARTEh
                0x0000000000006072       0x14 /tmp/arduino-sketch-784082FDA851E77D9D28AAC5941983EB/../arduino-core-cache/core_arduino_samd_mkrwifi1010_0d900ac78734c9038bbcc9caccb00992.a(SERCOM.cpp.o)
                0x0000000000006072                SERCOM::writeDataUART(unsigned char)
 .text._ZN6SERCOM36enableDataRegisterEmptyInterruptUARTEv
                0x0000000000006086        0x8 /tmp/arduino-sketch-784082FDA851E77D9D28AAC5941983EB/../arduino-core-cache/core_arduino_samd_mkrwifi1010_0d900ac78734c9038bbcc9caccb00992.a(SERCOM.cpp.o)
                0x0000000000006086                SERCOM::enableDataRegisterEmptyInterruptUART()
 .text._ZN6SERCOM37disableDataRegisterEmptyInterruptUARTEv
                0x000000000000608e        0x8 /tmp/arduino-sketch-784082FDA851E77D9D28AAC5941983EB/../arduino-core-cache/core_arduino_samd_mkrwifi1010_0d900ac78734c9038bbcc9caccb00992.a(SERCOM.cpp.o)
                0x000000000000608e                SERCOM::disableDataRegisterEmptyInterruptUART()
 *fill*         0x0000000000006096        0x2 
 .text._ZN6SERCOM12initSPIClockE18SercomSpiClockModem
                0x0000000000006098       0x30 /tmp/arduino-sketch-784082FDA851E77D9D28AAC5941983EB/../arduino-core-cache/core_arduino_samd_mkrwifi1010_0d900ac78734c9038bbcc9caccb00992.a(SERCOM.cpp.o)
                0x0000000000006098                SERCOM::initSPIClock(SercomSpiClockMode, unsigned long)
 .text._ZN6SERCOM8resetSPIEv
                0x00000000000060c8       0x1a /tmp/arduino-sketch-784082FDA851E77D9D28AAC5941983EB/../arduino-core-cache/core_arduino_samd_mkrwifi1010_0d900ac78734c9038bbcc9caccb00992.a(SERCOM.cpp.o)
                0x00000000000060c8                SERCOM::resetSPI()
 .text._ZN6SERCOM9enableSPIEv
                0x00000000000060e2       0x14 /tmp/arduino-sketch-784082FDA851E77D9D28AAC5941983EB/../arduino-core-cache/core_arduino_samd_mkrwifi1010_0d900ac78734c9038bbcc9caccb00992.a(SERCOM.cpp.o)
                0x00000000000060e2                SERCOM::enableSPI()
 .text._ZN6SERCOM10disableSPIEv
                0x00000000000060f6       0x12 /tmp/arduino-sketch-784082FDA851E77D9D28AAC5941983EB/../arduino-core-cache/core_arduino_samd_mkrwifi1010_0d900ac78734c9038bbcc9caccb00992.a(SERCOM.cpp.o)
                0x00000000000060f6                SERCOM::disableSPI()
 .text._ZN6SERCOM15getDataOrderSPIEv
                0x0000000000006108        0xa /tmp/arduino-sketch-784082FDA851E77D9D28AAC5941983EB/../arduino-core-cache/core_arduino_samd_mkrwifi1010_0d900ac78734c9038bbcc9caccb00992.a(SERCOM.cpp.o)
                0x0000000000006108                SERCOM::getDataOrderSPI()
 .text._ZN6SERCOM15transferDataSPIEh
                0x0000000000006112       0x1a /tmp/arduino-sketch-784082FDA851E77D9D28AAC5941983EB/../arduino-core-cache/core_arduino_samd_mkrwifi1010_0d900ac78734c9038bbcc9caccb00992.a(SERCOM.cpp.o)
                0x0000000000006112                SERCOM::transferDataSPI(unsigned char)
 .text._ZN6SERCOM9resetWIREEv
                0x000000000000612c       0x1a /tmp/arduino-sketch-784082FDA851E77D9D28AAC5941983EB/../arduino-core-cache/core_arduino_samd_mkrwifi1010_0d900ac78734c9038bbcc9caccb00992.a(SERCOM.cpp.o)
                0x000000000000612c                SERCOM::resetWIRE()
 .text._ZN6SERCOM10enableWIREEv
                0x0000000000006146       0x2a /tmp/arduino-sketch-784082FDA851E77D9D28AAC5941983EB/../arduino-core-cache/core_arduino_samd_mkrwifi1010_0d900ac78734c9038bbcc9caccb00992.a(SERCOM.cpp.o)
                0x0000000000006146                SERCOM::enableWIRE()
 .text._ZN6SERCOM11disableWIREEv
                0x0000000000006170       0x14 /tmp/arduino-sketch-784082FDA851E77D9D28AAC5941983EB/../arduino-core-cache/core_arduino_samd_mkrwifi1010_0d900ac78734c9038bbcc9caccb00992.a(SERCOM.cpp.o)
                0x0000000000006170                SERCOM::disableWIRE()
 .text._ZN6SERCOM18prepareNackBitWIREEv
                0x0000000000006184       0x10 /tmp/arduino-sketch-784082FDA851E77D9D28AAC5941983EB/../arduino-core-cache/core_arduino_samd_mkrwifi1010_0d900ac78734c9038bbcc9caccb00992.a(SERCOM.cpp.o)
                0x0000000000006184                SERCOM::prepareNackBitWIRE()
 .text._ZN6SERCOM17prepareAckBitWIREEv
                0x0000000000006194       0x14 /tmp/arduino-sketch-784082FDA851E77D9D28AAC5941983EB/../arduino-core-cache/core_arduino_samd_mkrwifi1010_0d900ac78734c9038bbcc9caccb00992.a(SERCOM.cpp.o)
                0x0000000000006194                SERCOM::prepareAckBitWIRE()
 .text._ZN6SERCOM22prepareCommandBitsWireEh
                0x00000000000061a8       0x2c /tmp/arduino-sketch-784082FDA851E77D9D28AAC5941983EB/../arduino-core-cache/core_arduino_samd_mkrwifi1010_0d900ac78734c9038bbcc9caccb00992.a(SERCOM.cpp.o)
                0x00000000000061a8                SERCOM::prepareCommandBitsWire(unsigned char)
 .text._ZN6SERCOM21startTransmissionWIREEh23SercomWireReadWriteFlag
                0x00000000000061d4       0x84 /tmp/arduino-sketch-784082FDA851E77D9D28AAC5941983EB/../arduino-core-cache/core_arduino_samd_mkrwifi1010_0d900ac78734c9038bbcc9caccb00992.a(SERCOM.cpp.o)
                0x00000000000061d4                SERCOM::startTransmissionWIRE(unsigned char, SercomWireReadWriteFlag)
 .text._ZN6SERCOM18sendDataMasterWIREEh
                0x0000000000006258       0x30 /tmp/arduino-sketch-784082FDA851E77D9D28AAC5941983EB/../arduino-core-cache/core_arduino_samd_mkrwifi1010_0d900ac78734c9038bbcc9caccb00992.a(SERCOM.cpp.o)
                0x0000000000006258                SERCOM::sendDataMasterWIRE(unsigned char)
 .text._ZN6SERCOM17sendDataSlaveWIREEh
                0x0000000000006288       0x1c /tmp/arduino-sketch-784082FDA851E77D9D28AAC5941983EB/../arduino-core-cache/core_arduino_samd_mkrwifi1010_0d900ac78734c9038bbcc9caccb00992.a(SERCOM.cpp.o)
                0x0000000000006288                SERCOM::sendDataSlaveWIRE(unsigned char)
 .text._ZN6SERCOM11isSlaveWIREEv
                0x00000000000062a4       0x12 /tmp/arduino-sketch-784082FDA851E77D9D28AAC5941983EB/../arduino-core-cache/core_arduino_samd_mkrwifi1010_0d900ac78734c9038bbcc9caccb00992.a(SERCOM.cpp.o)
                0x00000000000062a4                SERCOM::isSlaveWIRE()
 .text._ZN6SERCOM14isBusOwnerWIREEv
                0x00000000000062b6       0x12 /tmp/arduino-sketch-784082FDA851E77D9D28AAC5941983EB/../arduino-core-cache/core_arduino_samd_mkrwifi1010_0d900ac78734c9038bbcc9caccb00992.a(SERCOM.cpp.o)
                0x00000000000062b6                SERCOM::isBusOwnerWIRE()
 .text._ZN6SERCOM15isDataReadyWIREEv
                0x00000000000062c8        0xa /tmp/arduino-sketch-784082FDA851E77D9D28AAC5941983EB/../arduino-core-cache/core_arduino_samd_mkrwifi1010_0d900ac78734c9038bbcc9caccb00992.a(SERCOM.cpp.o)
                0x00000000000062c8                SERCOM::isDataReadyWIRE()
 .text._ZN6SERCOM18isStopDetectedWIREEv
                0x00000000000062d2        0xa /tmp/arduino-sketch-784082FDA851E77D9D28AAC5941983EB/../arduino-core-cache/core_arduino_samd_mkrwifi1010_0d900ac78734c9038bbcc9caccb00992.a(SERCOM.cpp.o)
                0x00000000000062d2                SERCOM::isStopDetectedWIRE()
 .text._ZN6SERCOM21isRestartDetectedWIREEv
                0x00000000000062dc        0xa /tmp/arduino-sketch-784082FDA851E77D9D28AAC5941983EB/../arduino-core-cache/core_arduino_samd_mkrwifi1010_0d900ac78734c9038bbcc9caccb00992.a(SERCOM.cpp.o)
                0x00000000000062dc                SERCOM::isRestartDetectedWIRE()
 .text._ZN6SERCOM14isAddressMatchEv
                0x00000000000062e6        0xa /tmp/arduino-sketch-784082FDA851E77D9D28AAC5941983EB/../arduino-core-cache/core_arduino_samd_mkrwifi1010_0d900ac78734c9038bbcc9caccb00992.a(SERCOM.cpp.o)
                0x00000000000062e6                SERCOM::isAddressMatch()
 .text._ZN6SERCOM25isMasterReadOperationWIREEv
                0x00000000000062f0        0xa /tmp/arduino-sketch-784082FDA851E77D9D28AAC5941983EB/../arduino-core-cache/core_arduino_samd_mkrwifi1010_0d900ac78734c9038bbcc9caccb00992.a(SERCOM.cpp.o)
                0x00000000000062f0                SERCOM::isMasterReadOperationWIRE()
 .text._ZN6SERCOM12readDataWIREEv
                0x00000000000062fa       0x20 /tmp/arduino-sketch-784082FDA851E77D9D28AAC5941983EB/../arduino-core-cache/core_arduino_samd_mkrwifi1010_0d900ac78734c9038bbcc9caccb00992.a(SERCOM.cpp.o)
                0x00000000000062fa                SERCOM::readDataWIRE()
 *fill*         0x000000000000631a        0x2 
 .text._ZN6SERCOM13initClockNVICEv
                0x000000000000631c       0xa8 /tmp/arduino-sketch-784082FDA851E77D9D28AAC5941983EB/../arduino-core-cache/core_arduino_samd_mkrwifi1010_0d900ac78734c9038bbcc9caccb00992.a(SERCOM.cpp.o)
                0x000000000000631c                SERCOM::initClockNVIC()
 .text._ZN6SERCOM8initUARTE14SercomUartMode20SercomUartSampleRatem
                0x00000000000063c4       0x6c /tmp/arduino-sketch-784082FDA851E77D9D28AAC5941983EB/../arduino-core-cache/core_arduino_samd_mkrwifi1010_0d900ac78734c9038bbcc9caccb00992.a(SERCOM.cpp.o)
                0x00000000000063c4                SERCOM::initUART(SercomUartMode, SercomUartSampleRate, unsigned long)
 .text._ZN6SERCOM7initSPIE14SercomSpiTXPad11SercomRXPad17SercomSpiCharSize15SercomDataOrder
                0x0000000000006430       0x4a /tmp/arduino-sketch-784082FDA851E77D9D28AAC5941983EB/../arduino-core-cache/core_arduino_samd_mkrwifi1010_0d900ac78734c9038bbcc9caccb00992.a(SERCOM.cpp.o)
                0x0000000000006430                SERCOM::initSPI(SercomSpiTXPad, SercomRXPad, SercomSpiCharSize, SercomDataOrder)
 .text._ZN6SERCOM13initSlaveWIREEhb
                0x000000000000647a       0x4a /tmp/arduino-sketch-784082FDA851E77D9D28AAC5941983EB/../arduino-core-cache/core_arduino_samd_mkrwifi1010_0d900ac78734c9038bbcc9caccb00992.a(SERCOM.cpp.o)
                0x000000000000647a                SERCOM::initSlaveWIRE(unsigned char, bool)
 .text._ZN6SERCOM14initMasterWIREEm
                0x00000000000064c4       0x54 /tmp/arduino-sketch-784082FDA851E77D9D28AAC5941983EB/../arduino-core-cache/core_arduino_samd_mkrwifi1010_0d900ac78734c9038bbcc9caccb00992.a(SERCOM.cpp.o)
                0x00000000000064c4                SERCOM::initMasterWIRE(unsigned long)
 .text._ZN7Serial_13getDescriptorERN7arduino8USBSetupE
                0x0000000000006518        0x4 /tmp/arduino-sketch-784082FDA851E77D9D28AAC5941983EB/../arduino-core-cache/core_arduino_samd_mkrwifi1010_0d900ac78734c9038bbcc9caccb00992.a(CDC.cpp.o)
                0x0000000000006518                Serial_::getDescriptor(arduino::USBSetup&)
 .text._ZL5utox8mPc
                0x000000000000651c       0x24 /tmp/arduino-sketch-784082FDA851E77D9D28AAC5941983EB/../arduino-core-cache/core_arduino_samd_mkrwifi1010_0d900ac78734c9038bbcc9caccb00992.a(CDC.cpp.o)
 .text._ZN7Serial_12getShortNameEPc
                0x0000000000006540       0x44 /tmp/arduino-sketch-784082FDA851E77D9D28AAC5941983EB/../arduino-core-cache/core_arduino_samd_mkrwifi1010_0d900ac78734c9038bbcc9caccb00992.a(CDC.cpp.o)
                0x0000000000006540                Serial_::getShortName(char*)
 .text._ZThn16_N7Serial_12getShortNameEPc
                0x0000000000006584       0x10 /tmp/arduino-sketch-784082FDA851E77D9D28AAC5941983EB/../arduino-core-cache/core_arduino_samd_mkrwifi1010_0d900ac78734c9038bbcc9caccb00992.a(CDC.cpp.o)
                0x0000000000006584                non-virtual thunk to Serial_::getShortName(char*)
 .text._ZN7Serial_17availableForWriteEv
                0x0000000000006594        0x4 /tmp/arduino-sketch-784082FDA851E77D9D28AAC5941983EB/../arduino-core-cache/core_arduino_samd_mkrwifi1010_0d900ac78734c9038bbcc9caccb00992.a(CDC.cpp.o)
                0x0000000000006594                Serial_::availableForWrite()
 .text._ZN7Serial_5writeEh
                0x0000000000006598       0x14 /tmp/arduino-sketch-784082FDA851E77D9D28AAC5941983EB/../arduino-core-cache/core_arduino_samd_mkrwifi1010_0d900ac78734c9038bbcc9caccb00992.a(CDC.cpp.o)
                0x0000000000006598                Serial_::write(unsigned char)
 .text._ZN7Serial_12getInterfaceEPh
                0x00000000000065ac      0x11c /tmp/arduino-sketch-784082FDA851E77D9D28AAC5941983EB/../arduino-core-cache/core_arduino_samd_mkrwifi1010_0d900ac78734c9038bbcc9caccb00992.a(CDC.cpp.o)
                0x00000000000065ac                Serial_::getInterface(unsigned char*)
 .text._ZThn16_N7Serial_12getInterfaceEPh
                0x00000000000066c8       0x10 /tmp/arduino-sketch-784082FDA851E77D9D28AAC5941983EB/../arduino-core-cache/core_arduino_samd_mkrwifi1010_0d900ac78734c9038bbcc9caccb00992.a(CDC.cpp.o)
                0x00000000000066c8                non-virtual thunk to Serial_::getInterface(unsigned char*)
 .text._ZN7Serial_5setupERN7arduino8USBSetupE
                0x00000000000066d8       0x98 /tmp/arduino-sketch-784082FDA851E77D9D28AAC5941983EB/../arduino-core-cache/core_arduino_samd_mkrwifi1010_0d900ac78734c9038bbcc9caccb00992.a(CDC.cpp.o)
                0x00000000000066d8                Serial_::setup(arduino::USBSetup&)
 .text._ZThn16_N7Serial_5setupERN7arduino8USBSetupE
                0x0000000000006770       0x10 /tmp/arduino-sketch-784082FDA851E77D9D28AAC5941983EB/../arduino-core-cache/core_arduino_samd_mkrwifi1010_0d900ac78734c9038bbcc9caccb00992.a(CDC.cpp.o)
                0x0000000000006770                non-virtual thunk to Serial_::setup(arduino::USBSetup&)
 .text._ZN7Serial_9availableEv
                0x0000000000006780       0x20 /tmp/arduino-sketch-784082FDA851E77D9D28AAC5941983EB/../arduino-core-cache/core_arduino_samd_mkrwifi1010_0d900ac78734c9038bbcc9caccb00992.a(CDC.cpp.o)
                0x0000000000006780                Serial_::available()
 .text._ZN7Serial_5flushEv
                0x00000000000067a0        0xe /tmp/arduino-sketch-784082FDA851E77D9D28AAC5941983EB/../arduino-core-cache/core_arduino_samd_mkrwifi1010_0d900ac78734c9038bbcc9caccb00992.a(CDC.cpp.o)
                0x00000000000067a0                Serial_::flush()
 .text._ZN7Serial_5clearEv
                0x00000000000067ae        0xe /tmp/arduino-sketch-784082FDA851E77D9D28AAC5941983EB/../arduino-core-cache/core_arduino_samd_mkrwifi1010_0d900ac78734c9038bbcc9caccb00992.a(CDC.cpp.o)
                0x00000000000067ae                Serial_::clear()
 .text._ZN7Serial_5writeEPKhj
                0x00000000000067bc       0x1e /tmp/arduino-sketch-784082FDA851E77D9D28AAC5941983EB/../arduino-core-cache/core_arduino_samd_mkrwifi1010_0d900ac78734c9038bbcc9caccb00992.a(CDC.cpp.o)
                0x00000000000067bc                Serial_::write(unsigned char const*, unsigned int)
 *fill*         0x00000000000067da        0x2 
 .text._ZN7Serial_4peekEv
                0x00000000000067dc       0x1c /tmp/arduino-sketch-784082FDA851E77D9D28AAC5941983EB/../arduino-core-cache/core_arduino_samd_mkrwifi1010_0d900ac78734c9038bbcc9caccb00992.a(CDC.cpp.o)
                0x00000000000067dc                Serial_::peek()
 .text._ZN7Serial_4readEv
                0x00000000000067f8       0x24 /tmp/arduino-sketch-784082FDA851E77D9D28AAC5941983EB/../arduino-core-cache/core_arduino_samd_mkrwifi1010_0d900ac78734c9038bbcc9caccb00992.a(CDC.cpp.o)
                0x00000000000067f8                Serial_::read()
 .text._ZThn16_N7Serial_13getDescriptorERN7arduino8USBSetupE
                0x000000000000681c        0x4 /tmp/arduino-sketch-784082FDA851E77D9D28AAC5941983EB/../arduino-core-cache/core_arduino_samd_mkrwifi1010_0d900ac78734c9038bbcc9caccb00992.a(CDC.cpp.o)
                0x000000000000681c                non-virtual thunk to Serial_::getDescriptor(arduino::USBSetup&)
 .text._ZN7Serial_14handleEndpointEi
                0x0000000000006820        0x2 /tmp/arduino-sketch-784082FDA851E77D9D28AAC5941983EB/../arduino-core-cache/core_arduino_samd_mkrwifi1010_0d900ac78734c9038bbcc9caccb00992.a(CDC.cpp.o)
                0x0000000000006820                Serial_::handleEndpoint(int)
 *fill*         0x0000000000006822        0x2 
 .text._ZN7Serial_C2ER14USBDeviceClass
                0x0000000000006824       0x50 /tmp/arduino-sketch-784082FDA851E77D9D28AAC5941983EB/../arduino-core-cache/core_arduino_samd_mkrwifi1010_0d900ac78734c9038bbcc9caccb00992.a(CDC.cpp.o)
                0x0000000000006824                Serial_::Serial_(USBDeviceClass&)
                0x0000000000006824                Serial_::Serial_(USBDeviceClass&)
 .text._ZN7Serial_15enableInterruptEv
                0x0000000000006874       0x30 /tmp/arduino-sketch-784082FDA851E77D9D28AAC5941983EB/../arduino-core-cache/core_arduino_samd_mkrwifi1010_0d900ac78734c9038bbcc9caccb00992.a(CDC.cpp.o)
                0x0000000000006874                Serial_::enableInterrupt()
 .text._ZN7Serial_5beginEm
                0x00000000000068a4        0x2 /tmp/arduino-sketch-784082FDA851E77D9D28AAC5941983EB/../arduino-core-cache/core_arduino_samd_mkrwifi1010_0d900ac78734c9038bbcc9caccb00992.a(CDC.cpp.o)
                0x00000000000068a4                Serial_::begin(unsigned long)
 *fill*         0x00000000000068a6        0x2 
 .text._ZN7Serial_cvbEv
                0x00000000000068a8       0x28 /tmp/arduino-sketch-784082FDA851E77D9D28AAC5941983EB/../arduino-core-cache/core_arduino_samd_mkrwifi1010_0d900ac78734c9038bbcc9caccb00992.a(CDC.cpp.o)
                0x00000000000068a8                Serial_::operator bool()
 .text.startup._GLOBAL__sub_I__ZN7Serial_12getInterfaceEPh
                0x00000000000068d0       0x14 /tmp/arduino-sketch-784082FDA851E77D9D28AAC5941983EB/../arduino-core-cache/core_arduino_samd_mkrwifi1010_0d900ac78734c9038bbcc9caccb00992.a(CDC.cpp.o)
 .text._ZN26DoubleBufferedEPOutHandlerD2Ev
                0x00000000000068e4        0x2 /tmp/arduino-sketch-784082FDA851E77D9D28AAC5941983EB/../arduino-core-cache/core_arduino_samd_mkrwifi1010_0d900ac78734c9038bbcc9caccb00992.a(USBCore.cpp.o)
                0x00000000000068e4                DoubleBufferedEPOutHandler::~DoubleBufferedEPOutHandler()
                0x00000000000068e4                DoubleBufferedEPOutHandler::~DoubleBufferedEPOutHandler()
 .text._ZN26DoubleBufferedEPOutHandlerD0Ev
                0x00000000000068e6        0xc /tmp/arduino-sketch-784082FDA851E77D9D28AAC5941983EB/../arduino-core-cache/core_arduino_samd_mkrwifi1010_0d900ac78734c9038bbcc9caccb00992.a(USBCore.cpp.o)
                0x00000000000068e6                DoubleBufferedEPOutHandler::~DoubleBufferedEPOutHandler()
 *fill*         0x00000000000068f2        0x2 
 .text._ZN14USBDeviceClass6initEPEmm.part.7
                0x00000000000068f4       0xc4 /tmp/arduino-sketch-784082FDA851E77D9D28AAC5941983EB/../arduino-core-cache/core_arduino_samd_mkrwifi1010_0d900ac78734c9038bbcc9caccb00992.a(USBCore.cpp.o)
 .text._ZN7__GuardC2Ev
                0x00000000000069b8        0xe /tmp/arduino-sketch-784082FDA851E77D9D28AAC5941983EB/../arduino-core-cache/core_arduino_samd_mkrwifi1010_0d900ac78734c9038bbcc9caccb00992.a(USBCore.cpp.o)
                0x00000000000069b8                __Guard::__Guard()
                0x00000000000069b8                __Guard::__Guard()
 .text._ZN7__GuardD2Ev
                0x00000000000069c6        0xe /tmp/arduino-sketch-784082FDA851E77D9D28AAC5941983EB/../arduino-core-cache/core_arduino_samd_mkrwifi1010_0d900ac78734c9038bbcc9caccb00992.a(USBCore.cpp.o)
                0x00000000000069c6                __Guard::~__Guard()
                0x00000000000069c6                __Guard::~__Guard()
 .text._ZNK26DoubleBufferedEPOutHandler10_availableEv
                0x00000000000069d4       0x70 /tmp/arduino-sketch-784082FDA851E77D9D28AAC5941983EB/../arduino-core-cache/core_arduino_samd_mkrwifi1010_0d900ac78734c9038bbcc9caccb00992.a(USBCore.cpp.o)
                0x00000000000069d4                DoubleBufferedEPOutHandler::_available() const
 .text._ZN26DoubleBufferedEPOutHandler7releaseEv
                0x0000000000006a44       0x38 /tmp/arduino-sketch-784082FDA851E77D9D28AAC5941983EB/../arduino-core-cache/core_arduino_samd_mkrwifi1010_0d900ac78734c9038bbcc9caccb00992.a(USBCore.cpp.o)
                0x0000000000006a44                DoubleBufferedEPOutHandler::release()
 .text._ZN26DoubleBufferedEPOutHandler14handleEndpointEv
                0x0000000000006a7c       0xe2 /tmp/arduino-sketch-784082FDA851E77D9D28AAC5941983EB/../arduino-core-cache/core_arduino_samd_mkrwifi1010_0d900ac78734c9038bbcc9caccb00992.a(USBCore.cpp.o)
                0x0000000000006a7c                DoubleBufferedEPOutHandler::handleEndpoint()
 .text._ZN14USBDeviceClass14SendInterfacesEPm
                0x0000000000006b5e       0x20 /tmp/arduino-sketch-784082FDA851E77D9D28AAC5941983EB/../arduino-core-cache/core_arduino_samd_mkrwifi1010_0d900ac78734c9038bbcc9caccb00992.a(USBCore.cpp.o)
                0x0000000000006b5e                USBDeviceClass::SendInterfaces(unsigned long*)
 *fill*         0x0000000000006b7e        0x2 
 .text._ZN14USBDeviceClass4initEv
                0x0000000000006b80      0x15c /tmp/arduino-sketch-784082FDA851E77D9D28AAC5941983EB/../arduino-core-cache/core_arduino_samd_mkrwifi1010_0d900ac78734c9038bbcc9caccb00992.a(USBCore.cpp.o)
                0x0000000000006b80                USBDeviceClass::init()
 .text._ZN14USBDeviceClass6attachEv
                0x0000000000006cdc       0x34 /tmp/arduino-sketch-784082FDA851E77D9D28AAC5941983EB/../arduino-core-cache/core_arduino_samd_mkrwifi1010_0d900ac78734c9038bbcc9caccb00992.a(USBCore.cpp.o)
                0x0000000000006cdc                USBDeviceClass::attach()
 .text._ZN14USBDeviceClass10setAddressEm
                0x0000000000006d10       0x48 /tmp/arduino-sketch-784082FDA851E77D9D28AAC5941983EB/../arduino-core-cache/core_arduino_samd_mkrwifi1010_0d900ac78734c9038bbcc9caccb00992.a(USBCore.cpp.o)
                0x0000000000006d10                USBDeviceClass::setAddress(unsigned long)
 .text._ZN14USBDeviceClass25handleClassInterfaceSetupERN7arduino8USBSetupE
                0x0000000000006d58       0x24 /tmp/arduino-sketch-784082FDA851E77D9D28AAC5941983EB/../arduino-core-cache/core_arduino_samd_mkrwifi1010_0d900ac78734c9038bbcc9caccb00992.a(USBCore.cpp.o)
                0x0000000000006d58                USBDeviceClass::handleClassInterfaceSetup(arduino::USBSetup&)
 .text._ZN14USBDeviceClass6initEPEmm
                0x0000000000006d7c      0x10c /tmp/arduino-sketch-784082FDA851E77D9D28AAC5941983EB/../arduino-core-cache/core_arduino_samd_mkrwifi1010_0d900ac78734c9038bbcc9caccb00992.a(USBCore.cpp.o)
                0x0000000000006d7c                USBDeviceClass::initEP(unsigned long, unsigned long)
 .text._ZN14USBDeviceClass13initEndpointsEv
                0x0000000000006e88       0x24 /tmp/arduino-sketch-784082FDA851E77D9D28AAC5941983EB/../arduino-core-cache/core_arduino_samd_mkrwifi1010_0d900ac78734c9038bbcc9caccb00992.a(USBCore.cpp.o)
                0x0000000000006e88                USBDeviceClass::initEndpoints()
 .text._ZN14USBDeviceClass5clearEm
                0x0000000000006eac       0x38 /tmp/arduino-sketch-784082FDA851E77D9D28AAC5941983EB/../arduino-core-cache/core_arduino_samd_mkrwifi1010_0d900ac78734c9038bbcc9caccb00992.a(USBCore.cpp.o)
                0x0000000000006eac                USBDeviceClass::clear(unsigned long)
 .text._ZN14USBDeviceClass9availableEm
                0x0000000000006ee4       0x2c /tmp/arduino-sketch-784082FDA851E77D9D28AAC5941983EB/../arduino-core-cache/core_arduino_samd_mkrwifi1010_0d900ac78734c9038bbcc9caccb00992.a(USBCore.cpp.o)
                0x0000000000006ee4                USBDeviceClass::available(unsigned long)
 .text._ZN14USBDeviceClass5flushEm