Archive member included to satisfy reference by file (symbol)

/tmp/arduino-sketch-7C1300CC4FF8AF73F58C6F35276C335C/../arduino-core-cache/core_arduino_samd_mkrwifi1010_0d900ac78734c9038bbcc9caccb00992.a(cortex_handlers.c.o)
                              (Reset_Handler)
/tmp/arduino-sketch-7C1300CC4FF8AF73F58C6F35276C335C/../arduino-core-cache/core_arduino_samd_mkrwifi1010_0d900ac78734c9038bbcc9caccb00992.a(delay.c.o)
                              /tmp/arduino-sketch-7C1300CC4FF8AF73F58C6F35276C335C/libraries/WiFiNINA/WiFi.cpp.o (millis)
/tmp/arduino-sketch-7C1300CC4FF8AF73F58C6F35276C335C/../arduino-core-cache/core_arduino_samd_mkrwifi1010_0d900ac78734c9038bbcc9caccb00992.a(hooks.c.o)
                              /tmp/arduino-sketch-7C1300CC4FF8AF73F58C6F35276C335C/../arduino-core-cache/core_arduino_samd_mkrwifi1010_0d900ac78734c9038bbcc9caccb00992.a(delay.c.o) (yield)
/tmp/arduino-sketch-7C1300CC4FF8AF73F58C6F35276C335C/../arduino-core-cache/core_arduino_samd_mkrwifi1010_0d900ac78734c9038bbcc9caccb00992.a(startup.c.o)
                              /tmp/arduino-sketch-7C1300CC4FF8AF73F58C6F35276C335C/../arduino-core-cache/core_arduino_samd_mkrwifi1010_0d900ac78734c9038bbcc9caccb00992.a(cortex_handlers.c.o) (SystemInit)
/tmp/arduino-sketch-7C1300CC4FF8AF73F58C6F35276C335C/../arduino-core-cache/core_arduino_samd_mkrwifi1010_0d900ac78734c9038bbcc9caccb00992.a(wiring.c.o)
                              /tmp/arduino-sketch-7C1300CC4FF8AF73F58C6F35276C335C/../arduino-core-cache/core_arduino_samd_mkrwifi1010_0d900ac78734c9038bbcc9caccb00992.a(startup.c.o) (SystemCoreClock)
/tmp/arduino-sketch-7C1300CC4FF8AF73F58C6F35276C335C/../arduino-core-cache/core_arduino_samd_mkrwifi1010_0d900ac78734c9038bbcc9caccb00992.a(wiring_analog.c.o)
                              /tmp/arduino-sketch-7C1300CC4FF8AF73F58C6F35276C335C/../arduino-core-cache/core_arduino_samd_mkrwifi1010_0d900ac78734c9038bbcc9caccb00992.a(wiring.c.o) (analogReference)
/tmp/arduino-sketch-7C1300CC4FF8AF73F58C6F35276C335C/../arduino-core-cache/core_arduino_samd_mkrwifi1010_0d900ac78734c9038bbcc9caccb00992.a(wiring_digital.c.o)
                              /tmp/arduino-sketch-7C1300CC4FF8AF73F58C6F35276C335C/libraries/WiFiNINA/utility/spi_drv.cpp.o (pinMode)
/tmp/arduino-sketch-7C1300CC4FF8AF73F58C6F35276C335C/../arduino-core-cache/core_arduino_samd_mkrwifi1010_0d900ac78734c9038bbcc9caccb00992.a(wiring_private.c.o)
                              /tmp/arduino-sketch-7C1300CC4FF8AF73F58C6F35276C335C/libraries/Wire/Wire.cpp.o (pinPeripheral)
/tmp/arduino-sketch-7C1300CC4FF8AF73F58C6F35276C335C/../arduino-core-cache/core_arduino_samd_mkrwifi1010_0d900ac78734c9038bbcc9caccb00992.a(Reset.cpp.o)
                              /tmp/arduino-sketch-7C1300CC4FF8AF73F58C6F35276C335C/../arduino-core-cache/core_arduino_samd_mkrwifi1010_0d900ac78734c9038bbcc9caccb00992.a(delay.c.o) (tickReset)
/tmp/arduino-sketch-7C1300CC4FF8AF73F58C6F35276C335C/../arduino-core-cache/core_arduino_samd_mkrwifi1010_0d900ac78734c9038bbcc9caccb00992.a(SERCOM.cpp.o)
                              /tmp/arduino-sketch-7C1300CC4FF8AF73F58C6F35276C335C/core/variant.cpp.o (SERCOM::SERCOM(Sercom*))
/tmp/arduino-sketch-7C1300CC4FF8AF73F58C6F35276C335C/../arduino-core-cache/core_arduino_samd_mkrwifi1010_0d900ac78734c9038bbcc9caccb00992.a(CDC.cpp.o)
                              /tmp/arduino-sketch-7C1300CC4FF8AF73F58C6F35276C335C/sketch/SafeBox.ino.cpp.o (Serial_::begin(unsigned long))
/tmp/arduino-sketch-7C1300CC4FF8AF73F58C6F35276C335C/../arduino-core-cache/core_arduino_samd_mkrwifi1010_0d900ac78734c9038bbcc9caccb00992.a(USBCore.cpp.o)
                              /tmp/arduino-sketch-7C1300CC4FF8AF73F58C6F35276C335C/../arduino-core-cache/core_arduino_samd_mkrwifi1010_0d900ac78734c9038bbcc9caccb00992.a(CDC.cpp.o) (usbd)
/tmp/arduino-sketch-7C1300CC4FF8AF73F58C6F35276C335C/../arduino-core-cache/core_arduino_samd_mkrwifi1010_0d900ac78734c9038bbcc9caccb00992.a(Uart.cpp.o)
                              /tmp/arduino-sketch-7C1300CC4FF8AF73F58C6F35276C335C/core/variant.cpp.o (Uart::Uart(SERCOM*, unsigned char, unsigned char, SercomRXPad, SercomUartTXPad, unsigned char, unsigned char))
/tmp/arduino-sketch-7C1300CC4FF8AF73F58C6F35276C335C/../arduino-core-cache/core_arduino_samd_mkrwifi1010_0d900ac78734c9038bbcc9caccb00992.a(IPAddress.cpp.o)
                              /tmp/arduino-sketch-7C1300CC4FF8AF73F58C6F35276C335C/libraries/WiFiNINA/WiFi.cpp.o (arduino::IPAddress::IPAddress())
/tmp/arduino-sketch-7C1300CC4FF8AF73F58C6F35276C335C/../arduino-core-cache/core_arduino_samd_mkrwifi1010_0d900ac78734c9038bbcc9caccb00992.a(PluggableUSB.cpp.o)
                              /tmp/arduino-sketch-7C1300CC4FF8AF73F58C6F35276C335C/../arduino-core-cache/core_arduino_samd_mkrwifi1010_0d900ac78734c9038bbcc9caccb00992.a(USBCore.cpp.o) (arduino::PluggableUSB_::getInterface(unsigned char*))
[...]
Memory Configuration

Name             Origin             Length             Attributes
FLASH            0x0000000000002000 0x000000000003e000 xr
RAM              0x0000000020000000 0x0000000000008000 xrw
*default*        0x0000000000000000 0xffffffffffffffff

Linker script and memory map

LOAD /home/boy/.arduino15/packages/arduino/tools/arm-none-eabi-gcc/7-2017q4/bin/../lib/gcc/arm-none-eabi/7.2.1/thumb/v6-m/crti.o
LOAD /home/boy/.arduino15/packages/arduino/tools/arm-none-eabi-gcc/7-2017q4/bin/../lib/gcc/arm-none-eabi/7.2.1/thumb/v6-m/crtbegin.o
LOAD /home/boy/.arduino15/packages/arduino/tools/arm-none-eabi-gcc/7-2017q4/bin/../lib/gcc/arm-none-eabi/7.2.1/../../../../arm-none-eabi/lib/thumb/v6-m/crt0.o
LOAD /tmp/arduino-sketch-7C1300CC4FF8AF73F58C6F35276C335C/sketch/SafeBox.ino.cpp.o
LOAD /tmp/arduino-sketch-7C1300CC4FF8AF73F58C6F35276C335C/sketch/src/Accelerometer.cpp.o
LOAD /tmp/arduino-sketch-7C1300CC4FF8AF73F58C6F35276C335C/sketch/src/Action.cpp.o
LOAD /tmp/arduino-sketch-7C1300CC4FF8AF73F58C6F35276C335C/sketch/src/Connection.cpp.o
LOAD /tmp/arduino-sketch-7C1300CC4FF8AF73F58C6F35276C335C/libraries/Wire/Wire.cpp.o
LOAD /tmp/arduino-sketch-7C1300CC4FF8AF73F58C6F35276C335C/libraries/SPI/SPI.cpp.o
LOAD /tmp/arduino-sketch-7C1300CC4FF8AF73F58C6F35276C335C/libraries/WiFiNINA/WiFi.cpp.o
LOAD /tmp/arduino-sketch-7C1300CC4FF8AF73F58C6F35276C335C/libraries/WiFiNINA/WiFiClient.cpp.o
LOAD /tmp/arduino-sketch-7C1300CC4FF8AF73F58C6F35276C335C/libraries/WiFiNINA/WiFiSSLClient.cpp.o
LOAD /tmp/arduino-sketch-7C1300CC4FF8AF73F58C6F35276C335C/libraries/WiFiNINA/WiFiServer.cpp.o
LOAD /tmp/arduino-sketch-7C1300CC4FF8AF73F58C6F35276C335C/libraries/WiFiNINA/WiFiStorage.cpp.o
LOAD /tmp/arduino-sketch-7C1300CC4FF8AF73F58C6F35276C335C/libraries/WiFiNINA/WiFiUdp.cpp.o
LOAD /tmp/arduino-sketch-7C1300CC4FF8AF73F58C6F35276C335C/libraries/WiFiNINA/utility/WiFiSocketBuffer.cpp.o
LOAD /tmp/arduino-sketch-7C1300CC4FF8AF73F58C6F35276C335C/libraries/WiFiNINA/utility/nano_rp2040_support.cpp.o
LOAD /tmp/arduino-sketch-7C1300CC4FF8AF73F58C6F35276C335C/libraries/WiFiNINA/utility/server_drv.cpp.o
LOAD /tmp/arduino-sketch-7C1300CC4FF8AF73F58C6F35276C335C/libraries/WiFiNINA/utility/spi_drv.cpp.o
LOAD /tmp/arduino-sketch-7C1300CC4FF8AF73F58C6F35276C335C/libraries/WiFiNINA/utility/wifi_drv.cpp.o
LOAD /tmp/arduino-sketch-7C1300CC4FF8AF73F58C6F35276C335C/core/variant.cpp.o
START GROUP
LOAD /home/boy/.arduino15/packages/arduino/tools/CMSIS/4.5.0/CMSIS/Lib/GCC//libarm_cortexM0l_math.a
LOAD /tmp/arduino-sketch-7C1300CC4FF8AF73F58C6F35276C335C/../arduino-core-cache/core_arduino_samd_mkrwifi1010_0d900ac78734c9038bbcc9caccb00992.a
END GROUP
LOAD /home/boy/.arduino15/packages/arduino/tools/arm-none-eabi-gcc/7-2017q4/bin/../lib/gcc/arm-none-eabi/7.2.1/../../../../arm-none-eabi/lib/thumb/v6-m/libstdc++_nano.a
LOAD /home/boy/.arduino15/packages/arduino/tools/arm-none-eabi-gcc/7-2017q4/bin/../lib/gcc/arm-none-eabi/7.2.1/../../../../arm-none-eabi/lib/thumb/v6-m/libm.a
START GROUP
LOAD /home/boy/.arduino15/packages/arduino/tools/arm-none-eabi-gcc/7-2017q4/bin/../lib/gcc/arm-none-eabi/7.2.1/thumb/v6-m/libgcc.a
LOAD /home/boy/.arduino15/packages/arduino/tools/arm-none-eabi-gcc/7-2017q4/bin/../lib/gcc/arm-none-eabi/7.2.1/../../../../arm-none-eabi/lib/thumb/v6-m/libc_nano.a
END GROUP
START GROUP
LOAD /home/boy/.arduino15/packages/arduino/tools/arm-none-eabi-gcc/7-2017q4/bin/../lib/gcc/arm-none-eabi/7.2.1/thumb/v6-m/libgcc.a
LOAD /home/boy/.arduino15/packages/arduino/tools/arm-none-eabi-gcc/7-2017q4/bin/../lib/gcc/arm-none-eabi/7.2.1/../../../../arm-none-eabi/lib/thumb/v6-m/libc_nano.a
LOAD /home/boy/.arduino15/packages/arduino/tools/arm-none-eabi-gcc/7-2017q4/bin/../lib/gcc/arm-none-eabi/7.2.1/../../../../arm-none-eabi/lib/thumb/v6-m/libnosys.a
END GROUP
START GROUP
LOAD /home/boy/.arduino15/packages/arduino/tools/arm-none-eabi-gcc/7-2017q4/bin/../lib/gcc/arm-none-eabi/7.2.1/thumb/v6-m/libgcc.a
LOAD /home/boy/.arduino15/packages/arduino/tools/arm-none-eabi-gcc/7-2017q4/bin/../lib/gcc/arm-none-eabi/7.2.1/../../../../arm-none-eabi/lib/thumb/v6-m/libc_nano.a
LOAD /home/boy/.arduino15/packages/arduino/tools/arm-none-eabi-gcc/7-2017q4/bin/../lib/gcc/arm-none-eabi/7.2.1/../../../../arm-none-eabi/lib/thumb/v6-m/libnosys.a
END GROUP
LOAD /home/boy/.arduino15/packages/arduino/tools/arm-none-eabi-gcc/7-2017q4/bin/../lib/gcc/arm-none-eabi/7.2.1/thumb/v6-m/crtend.o
LOAD /home/boy/.arduino15/packages/arduino/tools/arm-none-eabi-gcc/7-2017q4/bin/../lib/gcc/arm-none-eabi/7.2.1/thumb/v6-m/crtn.o

.text           0x0000000000002000     0x657c
                0x0000000000002000                __text_start__ = .
 *(.sketch_boot)
                0x0000000000002000                . = ALIGN (0x2000)
 *(.isr_vector)
 .isr_vector    0x0000000000002000       0xb4 /tmp/arduino-sketch-7C1300CC4FF8AF73F58C6F35276C335C/../arduino-core-cache/core_arduino_samd_mkrwifi1010_0d900ac78734c9038bbcc9caccb00992.a(cortex_handlers.c.o)
                0x0000000000002000                exception_table
 *(.text*)
 .text          0x00000000000020b4       0x48 /home/boy/.arduino15/packages/arduino/tools/arm-none-eabi-gcc/7-2017q4/bin/../lib/gcc/arm-none-eabi/7.2.1/thumb/v6-m/crtbegin.o
 .text.setup    0x00000000000020fc       0x6c /tmp/arduino-sketch-7C1300CC4FF8AF73F58C6F35276C335C/sketch/SafeBox.ino.cpp.o
                0x00000000000020fc                setup
 .text.loop     0x0000000000002168       0x10 /tmp/arduino-sketch-7C1300CC4FF8AF73F58C6F35276C335C/sketch/SafeBox.ino.cpp.o
                0x0000000000002168                loop
 .text._ZN7safebox13AccelerometerD2Ev
                0x0000000000002178        0x2 /tmp/arduino-sketch-7C1300CC4FF8AF73F58C6F35276C335C/sketch/src/Accelerometer.cpp.o
                0x0000000000002178                safebox::Accelerometer::~Accelerometer()
                0x0000000000002178                safebox::Accelerometer::~Accelerometer()
 .text._ZN7safebox13AccelerometerD0Ev
                0x000000000000217a        0xc /tmp/arduino-sketch-7C1300CC4FF8AF73F58C6F35276C335C/sketch/src/Accelerometer.cpp.o
                0x000000000000217a                safebox::Accelerometer::~Accelerometer()
 *fill*         0x0000000000002186        0x2 
 .text._ZN7safebox13AccelerometerC2Ev
                0x0000000000002188       0x44 /tmp/arduino-sketch-7C1300CC4FF8AF73F58C6F35276C335C/sketch/src/Accelerometer.cpp.o
                0x0000000000002188                safebox::Accelerometer::Accelerometer()
                0x0000000000002188                safebox::Accelerometer::Accelerometer()
 .text._ZN7safebox13Accelerometer3runEv
                0x00000000000021cc       0xf4 /tmp/arduino-sketch-7C1300CC4FF8AF73F58C6F35276C335C/sketch/src/Accelerometer.cpp.o
                0x00000000000021cc                safebox::Accelerometer::run()
 .text._ZN7safebox6Action11getInstanceEPNS_9PrototypeE
                0x00000000000022c0       0x20 /tmp/arduino-sketch-7C1300CC4FF8AF73F58C6F35276C335C/sketch/src/Action.cpp.o
                0x00000000000022c0                safebox::Action::getInstance(safebox::Prototype*)
 .text._ZN7safebox6Action12setPrototypeEPNS_9PrototypeE
                0x00000000000022e0       0x16 /tmp/arduino-sketch-7C1300CC4FF8AF73F58C6F35276C335C/sketch/src/Action.cpp.o
                0x00000000000022e0                safebox::Action::setPrototype(safebox::Prototype*)
 .text._ZN7safebox6Action3runEv
                0x00000000000022f6        0xc /tmp/arduino-sketch-7C1300CC4FF8AF73F58C6F35276C335C/sketch/src/Action.cpp.o
                0x00000000000022f6                safebox::Action::run()
 .text._ZN7safebox10ConnectionD2Ev
                0x0000000000002302        0x2 /tmp/arduino-sketch-7C1300CC4FF8AF73F58C6F35276C335C/sketch/src/Connection.cpp.o
                0x0000000000002302                safebox::Connection::~Connection()
                0x0000000000002302                safebox::Connection::~Connection()
 .text._ZN7safebox10Connection3runEv
                0x0000000000002304       0x68 /tmp/arduino-sketch-7C1300CC4FF8AF73F58C6F35276C335C/sketch/src/Connection.cpp.o
                0x0000000000002304                safebox::Connection::run()
 .text._ZN7safebox10ConnectionD0Ev
                0x000000000000236c        0xc /tmp/arduino-sketch-7C1300CC4FF8AF73F58C6F35276C335C/sketch/src/Connection.cpp.o
                0x000000000000236c                safebox::Connection::~Connection()
 .text._ZN7safebox10ConnectionC2EPKcS2_
                0x0000000000002378       0x10 /tmp/arduino-sketch-7C1300CC4FF8AF73F58C6F35276C335C/sketch/src/Connection.cpp.o
                0x0000000000002378                safebox::Connection::Connection(char const*, char const*)
                0x0000000000002378                safebox::Connection::Connection(char const*, char const*)
 .text._ZN7arduino5Print17availableForWriteEv
                0x0000000000002388        0x4 /tmp/arduino-sketch-7C1300CC4FF8AF73F58C6F35276C335C/libraries/Wire/Wire.cpp.o
                0x0000000000002388                arduino::Print::availableForWrite()
 .text._ZN7arduino7TwoWire11requestFromEhj
                0x000000000000238c        0xc /tmp/arduino-sketch-7C1300CC4FF8AF73F58C6F35276C335C/libraries/Wire/Wire.cpp.o
                0x000000000000238c                arduino::TwoWire::requestFrom(unsigned char, unsigned int)
 .text._ZN7arduino7TwoWire17beginTransmissionEh
                0x0000000000002398       0x18 /tmp/arduino-sketch-7C1300CC4FF8AF73F58C6F35276C335C/libraries/Wire/Wire.cpp.o
                0x0000000000002398                arduino::TwoWire::beginTransmission(unsigned char)
 .text._ZN7arduino7TwoWire15endTransmissionEv
                0x00000000000023b0        0xc /tmp/arduino-sketch-7C1300CC4FF8AF73F58C6F35276C335C/libraries/Wire/Wire.cpp.o
                0x00000000000023b0                arduino::TwoWire::endTransmission()
 .text._ZN7arduino7TwoWire5writeEPKhj
                0x00000000000023bc       0x24 /tmp/arduino-sketch-7C1300CC4FF8AF73F58C6F35276C335C/libraries/Wire/Wire.cpp.o
                0x00000000000023bc                arduino::TwoWire::write(unsigned char const*, unsigned int)
 .text._ZN7arduino7TwoWire9availableEv
                0x00000000000023e0        0x6 /tmp/arduino-sketch-7C1300CC4FF8AF73F58C6F35276C335C/libraries/Wire/Wire.cpp.o
                0x00000000000023e0                arduino::TwoWire::available()
 .text._ZN7arduino7TwoWire5flushEv
                0x00000000000023e6        0x2 /tmp/arduino-sketch-7C1300CC4FF8AF73F58C6F35276C335C/libraries/Wire/Wire.cpp.o
                0x00000000000023e6                arduino::TwoWire::flush()
 .text._ZN7arduino7TwoWire9onReceiveEPFviE
                0x00000000000023e8        0x8 /tmp/arduino-sketch-7C1300CC4FF8AF73F58C6F35276C335C/libraries/Wire/Wire.cpp.o
                0x00000000000023e8                arduino::TwoWire::onReceive(void (*)(int))
 .text._ZN7arduino7TwoWire9onRequestEPFvvE
                0x00000000000023f0        0x8 /tmp/arduino-sketch-7C1300CC4FF8AF73F58C6F35276C335C/libraries/Wire/Wire.cpp.o
                0x00000000000023f0                arduino::TwoWire::onRequest(void (*)())
 .text._ZN7arduino7TwoWire4peekEv
                0x00000000000023f8       0x18 /tmp/arduino-sketch-7C1300CC4FF8AF73F58C6F35276C335C/libraries/Wire/Wire.cpp.o
                0x00000000000023f8                arduino::TwoWire::peek()
 .text._ZN7arduino7TwoWire5beginEv
                0x0000000000002410       0x40 /tmp/arduino-sketch-7C1300CC4FF8AF73F58C6F35276C335C/libraries/Wire/Wire.cpp.o
                0x0000000000002410                arduino::TwoWire::begin()
 .text._ZN7arduino7TwoWire8setClockEm
                0x0000000000002450       0x1c /tmp/arduino-sketch-7C1300CC4FF8AF73F58C6F35276C335C/libraries/Wire/Wire.cpp.o
                0x0000000000002450                arduino::TwoWire::setClock(unsigned long)
 .text._ZN7arduino7TwoWire3endEv
                0x000000000000246c        0xa /tmp/arduino-sketch-7C1300CC4FF8AF73F58C6F35276C335C/libraries/Wire/Wire.cpp.o
                0x000000000000246c                arduino::TwoWire::end()
 *fill*         0x0000000000002476        0x2 
 .text._ZN7arduino7TwoWireC2EP6SERCOMhh
                0x0000000000002478       0x64 /tmp/arduino-sketch-7C1300CC4FF8AF73F58C6F35276C335C/libraries/Wire/Wire.cpp.o
                0x0000000000002478                arduino::TwoWire::TwoWire(SERCOM*, unsigned char, unsigned char)
                0x0000000000002478                arduino::TwoWire::TwoWire(SERCOM*, unsigned char, unsigned char)
 .text._ZN7arduino7TwoWire5beginEhb
                0x00000000000024dc       0x38 /tmp/arduino-sketch-7C1300CC4FF8AF73F58C6F35276C335C/libraries/Wire/Wire.cpp.o
                0x00000000000024dc                arduino::TwoWire::begin(unsigned char, bool)
 .text._ZN7arduino7TwoWire5beginEh
                0x0000000000002514        0xa /tmp/arduino-sketch-7C1300CC4FF8AF73F58C6F35276C335C/libraries/Wire/Wire.cpp.o
                0x0000000000002514                arduino::TwoWire::begin(unsigned char)
 .text._ZN7arduino11RingBufferNILi256EE10store_charEh
                0x000000000000251e       0x24 /tmp/arduino-sketch-7C1300CC4FF8AF73F58C6F35276C335C/libraries/Wire/Wire.cpp.o
                0x000000000000251e                arduino::RingBufferN<256>::store_char(unsigned char)
 .text._ZN7arduino7TwoWire11requestFromEhjb
                0x0000000000002542       0x90 /tmp/arduino-sketch-7C1300CC4FF8AF73F58C6F35276C335C/libraries/Wire/Wire.cpp.o
                0x0000000000002542                arduino::TwoWire::requestFrom(unsigned char, unsigned int, bool)
 .text._ZN7arduino7TwoWire5writeEh
                0x00000000000025d2       0x28 /tmp/arduino-sketch-7C1300CC4FF8AF73F58C6F35276C335C/libraries/Wire/Wire.cpp.o
                0x00000000000025d2                arduino::TwoWire::write(unsigned char)
 .text._ZN7arduino11RingBufferNILi256EE9read_charEv
                0x00000000000025fa       0x24 /tmp/arduino-sketch-7C1300CC4FF8AF73F58C6F35276C335C/libraries/Wire/Wire.cpp.o
                0x00000000000025fa                arduino::RingBufferN<256>::read_char()
 .text._ZN7arduino7TwoWire15endTransmissionEb
                0x000000000000261e       0x66 /tmp/arduino-sketch-7C1300CC4FF8AF73F58C6F35276C335C/libraries/Wire/Wire.cpp.o
                0x000000000000261e                arduino::TwoWire::endTransmission(bool)
 .text._ZN7arduino7TwoWire4readEv
                0x0000000000002684        0xa /tmp/arduino-sketch-7C1300CC4FF8AF73F58C6F35276C335C/libraries/Wire/Wire.cpp.o
                0x0000000000002684                arduino::TwoWire::read()
 .text._ZN7arduino7TwoWire9onServiceEv
                0x000000000000268e      0x114 /tmp/arduino-sketch-7C1300CC4FF8AF73F58C6F35276C335C/libraries/Wire/Wire.cpp.o
                0x000000000000268e                arduino::TwoWire::onService()
 *fill*         0x00000000000027a2        0x2 
 .text.SERCOM2_Handler
                0x00000000000027a4       0x10 /tmp/arduino-sketch-7C1300CC4FF8AF73F58C6F35276C335C/libraries/Wire/Wire.cpp.o
                0x00000000000027a4                SERCOM2_Handler
 .text.startup._GLOBAL__sub_I__ZN7arduino7TwoWireC2EP6SERCOMhh
                0x00000000000027b4       0x18 /tmp/arduino-sketch-7C1300CC4FF8AF73F58C6F35276C335C/libraries/Wire/Wire.cpp.o
 .text._ZN12SPIClassSAMD8transferEPvj
                0x00000000000027cc       0x1e /tmp/arduino-sketch-7C1300CC4FF8AF73F58C6F35276C335C/libraries/SPI/SPI.cpp.o
                0x00000000000027cc                SPIClassSAMD::transfer(void*, unsigned int)
 .text._ZN12SPIClassSAMD15attachInterruptEv
                0x00000000000027ea        0x2 /tmp/arduino-sketch-7C1300CC4FF8AF73F58C6F35276C335C/libraries/SPI/SPI.cpp.o
                0x00000000000027ea                SPIClassSAMD::attachInterrupt()
                0x00000000000027ea                SPIClassSAMD::detachInterrupt()
 .text._ZN12SPIClassSAMDD2Ev
                0x00000000000027ec        0x2 /tmp/arduino-sketch-7C1300CC4FF8AF73F58C6F35276C335C/libraries/SPI/SPI.cpp.o
                0x00000000000027ec                SPIClassSAMD::~SPIClassSAMD()
                0x00000000000027ec                SPIClassSAMD::~SPIClassSAMD()
 .text._ZN12SPIClassSAMD3endEv
                0x00000000000027ee       0x10 /tmp/arduino-sketch-7C1300CC4FF8AF73F58C6F35276C335C/libraries/SPI/SPI.cpp.o
                0x00000000000027ee                SPIClassSAMD::end()
 .text._ZN12SPIClassSAMD8transferEh
                0x00000000000027fe        0xa /tmp/arduino-sketch-7C1300CC4FF8AF73F58C6F35276C335C/libraries/SPI/SPI.cpp.o
                0x00000000000027fe                SPIClassSAMD::transfer(unsigned char)
 .text._ZN12SPIClassSAMD10transfer16Et
                0x0000000000002808       0x58 /tmp/arduino-sketch-7C1300CC4FF8AF73F58C6F35276C335C/libraries/SPI/SPI.cpp.o
                0x0000000000002808                SPIClassSAMD::transfer16(unsigned short)
 .text._ZN12SPIClassSAMDD0Ev
                0x0000000000002860        0xc /tmp/arduino-sketch-7C1300CC4FF8AF73F58C6F35276C335C/libraries/SPI/SPI.cpp.o
                0x0000000000002860                SPIClassSAMD::~SPIClassSAMD()
 .text._ZN12SPIClassSAMD14usingInterruptEi
                0x000000000000286c       0x44 /tmp/arduino-sketch-7C1300CC4FF8AF73F58C6F35276C335C/libraries/SPI/SPI.cpp.o
                0x000000000000286c                SPIClassSAMD::usingInterrupt(int)
 .text._ZN12SPIClassSAMD17notUsingInterruptEi
                0x00000000000028b0       0x3c /tmp/arduino-sketch-7C1300CC4FF8AF73F58C6F35276C335C/libraries/SPI/SPI.cpp.o
                0x00000000000028b0                SPIClassSAMD::notUsingInterrupt(int)
 .text._ZN12SPIClassSAMD14endTransactionEv
                0x00000000000028ec       0x28 /tmp/arduino-sketch-7C1300CC4FF8AF73F58C6F35276C335C/libraries/SPI/SPI.cpp.o
                0x00000000000028ec                SPIClassSAMD::endTransaction()
 .text._ZN12SPIClassSAMD4initEv
                0x0000000000002914       0x12 /tmp/arduino-sketch-7C1300CC4FF8AF73F58C6F35276C335C/libraries/SPI/SPI.cpp.o
                0x0000000000002914                SPIClassSAMD::init()
 *fill*         0x0000000000002926        0x2 
 .text._ZN12SPIClassSAMD6configEN7arduino11SPISettingsE
                0x0000000000002928       0x74 /tmp/arduino-sketch-7C1300CC4FF8AF73F58C6F35276C335C/libraries/SPI/SPI.cpp.o
                0x0000000000002928                SPIClassSAMD::config(arduino::SPISettings)
 .text._ZN12SPIClassSAMD5beginEv
                0x000000000000299c       0x50 /tmp/arduino-sketch-7C1300CC4FF8AF73F58C6F35276C335C/libraries/SPI/SPI.cpp.o
                0x000000000000299c                SPIClassSAMD::begin()
 .text._ZN12SPIClassSAMD16beginTransactionEN7arduino11SPISettingsE
                0x00000000000029ec       0x38 /tmp/arduino-sketch-7C1300CC4FF8AF73F58C6F35276C335C/libraries/SPI/SPI.cpp.o
                0x00000000000029ec                SPIClassSAMD::beginTransaction(arduino::SPISettings)
 .text.startup._GLOBAL__sub_I__ZN12SPIClassSAMDC2EP6SERCOMhhh14SercomSpiTXPad11SercomRXPad
                0x0000000000002a24       0x98 /tmp/arduino-sketch-7C1300CC4FF8AF73F58C6F35276C335C/libraries/SPI/SPI.cpp.o
 .text._ZN9WiFiClass7localIPEv
                0x0000000000002abc       0x12 /tmp/arduino-sketch-7C1300CC4FF8AF73F58C6F35276C335C/libraries/WiFiNINA/WiFi.cpp.o
                0x0000000000002abc                WiFiClass::localIP()
 .text._ZN9WiFiClass12feedWatchdogEv
                0x0000000000002ace        0xc /tmp/arduino-sketch-7C1300CC4FF8AF73F58C6F35276C335C/libraries/WiFiNINA/WiFi.cpp.o
                0x0000000000002ace                WiFiClass::feedWatchdog()
 .text._ZN9WiFiClass5beginEPKcS1_
                0x0000000000002ada       0x56 /tmp/arduino-sketch-7C1300CC4FF8AF73F58C6F35276C335C/libraries/WiFiNINA/WiFi.cpp.o
                0x0000000000002ada                WiFiClass::begin(char const*, char const*)
 .text.startup._GLOBAL__sub_I__ZN9WiFiClassC2Ev
                0x0000000000002b30       0x14 /tmp/arduino-sketch-7C1300CC4FF8AF73F58C6F35276C335C/libraries/WiFiNINA/WiFi.cpp.o
 .text._ZN21WiFiSocketBufferClassC2Ev
                0x0000000000002b44       0x10 /tmp/arduino-sketch-7C1300CC4FF8AF73F58C6F35276C335C/libraries/WiFiNINA/utility/WiFiSocketBuffer.cpp.o
                0x0000000000002b44                WiFiSocketBufferClass::WiFiSocketBufferClass()
                0x0000000000002b44                WiFiSocketBufferClass::WiFiSocketBufferClass()
 .text._ZN21WiFiSocketBufferClass5closeEi
                0x0000000000002b54       0x1c /tmp/arduino-sketch-7C1300CC4FF8AF73F58C6F35276C335C/libraries/WiFiNINA/utility/WiFiSocketBuffer.cpp.o
                0x0000000000002b54                WiFiSocketBufferClass::close(int)
 .text._ZN21WiFiSocketBufferClassD2Ev
                0x0000000000002b70       0x18 /tmp/arduino-sketch-7C1300CC4FF8AF73F58C6F35276C335C/libraries/WiFiNINA/utility/WiFiSocketBuffer.cpp.o
                0x0000000000002b70                WiFiSocketBufferClass::~WiFiSocketBufferClass()
                0x0000000000002b70                WiFiSocketBufferClass::~WiFiSocketBufferClass()
 .text.startup._GLOBAL__sub_I__ZN21WiFiSocketBufferClassC2Ev
                0x0000000000002b88       0x24 /tmp/arduino-sketch-7C1300CC4FF8AF73F58C6F35276C335C/libraries/WiFiNINA/utility/WiFiSocketBuffer.cpp.o
 .text._ZN6SpiDrv17waitForSlaveReadyEb
                0x0000000000002bac       0x3c /tmp/arduino-sketch-7C1300CC4FF8AF73F58C6F35276C335C/libraries/WiFiNINA/utility/spi_drv.cpp.o
                0x0000000000002bac                SpiDrv::waitForSlaveReady(bool)
 .text._ZN6SpiDrv5beginEv
                0x0000000000002be8       0xb0 /tmp/arduino-sketch-7C1300CC4FF8AF73F58C6F35276C335C/libraries/WiFiNINA/utility/spi_drv.cpp.o
                0x0000000000002be8                SpiDrv::begin()
 .text._ZN6SpiDrv14spiSlaveSelectEv
                0x0000000000002c98       0x50 /tmp/arduino-sketch-7C1300CC4FF8AF73F58C6F35276C335C/libraries/WiFiNINA/utility/spi_drv.cpp.o
                0x0000000000002c98                SpiDrv::spiSlaveSelect()
 .text._ZN6SpiDrv16spiSlaveDeselectEv
                0x0000000000002ce8       0x1c /tmp/arduino-sketch-7C1300CC4FF8AF73F58C6F35276C335C/libraries/WiFiNINA/utility/spi_drv.cpp.o
                0x0000000000002ce8                SpiDrv::spiSlaveDeselect()
 .text._ZN6SpiDrv11spiTransferEc
                0x0000000000002d04       0x18 /tmp/arduino-sketch-7C1300CC4FF8AF73F58C6F35276C335C/libraries/WiFiNINA/utility/spi_drv.cpp.o
                0x0000000000002d04                SpiDrv::spiTransfer(char)
 .text._ZN6SpiDrv8getParamEPh
                0x0000000000002d1c        0xe /tmp/arduino-sketch-7C1300CC4FF8AF73F58C6F35276C335C/libraries/WiFiNINA/utility/spi_drv.cpp.o
                0x0000000000002d1c                SpiDrv::getParam(unsigned char*)
 .text._ZN6SpiDrv16readAndCheckCharEcPc
                0x0000000000002d2a       0x16 /tmp/arduino-sketch-7C1300CC4FF8AF73F58C6F35276C335C/libraries/WiFiNINA/utility/spi_drv.cpp.o
                0x0000000000002d2a                SpiDrv::readAndCheckChar(char, char*)
 .text._ZN6SpiDrv8readCharEv
                0x0000000000002d40       0x14 /tmp/arduino-sketch-7C1300CC4FF8AF73F58C6F35276C335C/libraries/WiFiNINA/utility/spi_drv.cpp.o
                0x0000000000002d40                SpiDrv::readChar()
 .text._ZN6SpiDrv11waitSpiCharEh
                0x0000000000002d54       0x2c /tmp/arduino-sketch-7C1300CC4FF8AF73F58C6F35276C335C/libraries/WiFiNINA/utility/spi_drv.cpp.o
                0x0000000000002d54                SpiDrv::waitSpiChar(unsigned char)
 .text._ZN6SpiDrv9sendParamEPhhh
                0x0000000000002d80       0x2c /tmp/arduino-sketch-7C1300CC4FF8AF73F58C6F35276C335C/libraries/WiFiNINA/utility/spi_drv.cpp.o
                0x0000000000002d80                SpiDrv::sendParam(unsigned char*, unsigned char, unsigned char)
 .text._ZN6SpiDrv13readParamLen8EPh
                0x0000000000002dac       0x12 /tmp/arduino-sketch-7C1300CC4FF8AF73F58C6F35276C335C/libraries/WiFiNINA/utility/spi_drv.cpp.o
                0x0000000000002dac                SpiDrv::readParamLen8(unsigned char*)
 .text._ZN6SpiDrv15waitResponseCmdEhhPhS0_
                0x0000000000002dbe       0x68 /tmp/arduino-sketch-7C1300CC4FF8AF73F58C6F35276C335C/libraries/WiFiNINA/utility/spi_drv.cpp.o
                0x0000000000002dbe                SpiDrv::waitResponseCmd(unsigned char, unsigned char, unsigned char*, unsigned char*)
 .text._ZN6SpiDrv18waitResponseParamsEhhP6tParam
                0x0000000000002e26       0x94 /tmp/arduino-sketch-7C1300CC4FF8AF73F58C6F35276C335C/libraries/WiFiNINA/utility/spi_drv.cpp.o
                0x0000000000002e26                SpiDrv::waitResponseParams(unsigned char, unsigned char, tParam*)
 .text._ZN6SpiDrv7sendCmdEhh
                0x0000000000002eba       0x26 /tmp/arduino-sketch-7C1300CC4FF8AF73F58C6F35276C335C/libraries/WiFiNINA/utility/spi_drv.cpp.o
                0x0000000000002eba                SpiDrv::sendCmd(unsigned char, unsigned char)
 .text._ZN7WiFiDrv14getNetworkDataEPhS0_S0_
                0x0000000000002ee0       0x9c /tmp/arduino-sketch-7C1300CC4FF8AF73F58C6F35276C335C/libraries/WiFiNINA/utility/wifi_drv.cpp.o
                0x0000000000002ee0                WiFiDrv::getNetworkData(unsigned char*, unsigned char*, unsigned char*)
 .text._ZN7WiFiDrv17wifiSetPassphraseEPKchS1_h
                0x0000000000002f7c       0x88 /tmp/arduino-sketch-7C1300CC4FF8AF73F58C6F35276C335C/libraries/WiFiNINA/utility/wifi_drv.cpp.o
                0x0000000000002f7c                WiFiDrv::wifiSetPassphrase(char const*, unsigned char, char const*, unsigned char)
 .text._ZN7WiFiDrv19getConnectionStatusEv
                0x0000000000003004       0x54 /tmp/arduino-sketch-7C1300CC4FF8AF73F58C6F35276C335C/libraries/WiFiNINA/utility/wifi_drv.cpp.o
                0x0000000000003004                WiFiDrv::getConnectionStatus()
 .text._ZN7WiFiDrv12getIpAddressERN7arduino9IPAddressE
                0x0000000000003058       0x28 /tmp/arduino-sketch-7C1300CC4FF8AF73F58C6F35276C335C/libraries/WiFiNINA/utility/wifi_drv.cpp.o
                0x0000000000003058                WiFiDrv::getIpAddress(arduino::IPAddress&)
 .text.PINCOUNT_fn
                0x0000000000003080        0x4 /tmp/arduino-sketch-7C1300CC4FF8AF73F58C6F35276C335C/core/variant.cpp.o
                0x0000000000003080                PINCOUNT_fn
 .text.initVariant
                0x0000000000003084       0xf8 /tmp/arduino-sketch-7C1300CC4FF8AF73F58C6F35276C335C/core/variant.cpp.o
                0x0000000000003084                initVariant
 .text.SERCOM5_Handler
                0x000000000000317c       0x10 /tmp/arduino-sketch-7C1300CC4FF8AF73F58C6F35276C335C/core/variant.cpp.o
                0x000000000000317c                SERCOM5_Handler
 .text.SERCOM4_Handler
                0x000000000000318c       0x10 /tmp/arduino-sketch-7C1300CC4FF8AF73F58C6F35276C335C/core/variant.cpp.o
                0x000000000000318c                SERCOM4_Handler
 .text.startup._GLOBAL__sub_I_g_APinDescription
                0x000000000000319c       0xa0 /tmp/arduino-sketch-7C1300CC4FF8AF73F58C6F35276C335C/core/variant.cpp.o
 .text.Dummy_Handler
                0x000000000000323c        0x2 /tmp/arduino-sketch-7C1300CC4FF8AF73F58C6F35276C335C/../arduino-core-cache/core_arduino_samd_mkrwifi1010_0d900ac78734c9038bbcc9caccb00992.a(cortex_handlers.c.o)
                0x000000000000323c                DMAC_Handler
                0x000000000000323c                HardFault_Handler
                0x000000000000323c                AC_Handler
                0x000000000000323c                PendSV_Handler
                0x000000000000323c                NMI_Handler
                0x000000000000323c                TC7_Handler
                0x000000000000323c                SERCOM1_Handler
                0x000000000000323c                ADC_Handler
                0x000000000000323c                TCC1_Handler
                0x000000000000323c                TCC0_Handler
                0x000000000000323c                RTC_Handler
                0x000000000000323c                EIC_Handler
                0x000000000000323c                TC6_Handler
                0x000000000000323c                WDT_Handler
                0x000000000000323c                TC4_Handler
                0x000000000000323c                TC3_Handler
                0x000000000000323c                Dummy_Handler
                0x000000000000323c                PM_Handler
                0x000000000000323c                SVC_Handler
                0x000000000000323c                TCC2_Handler
                0x000000000000323c                EVSYS_Handler
                0x000000000000323c                SERCOM3_Handler
                0x000000000000323c                I2S_Handler
                0x000000000000323c                NVMCTRL_Handler
                0x000000000000323c                SERCOM0_Handler
                0x000000000000323c                DAC_Handler
                0x000000000000323c                PTC_Handler
                0x000000000000323c                SYSCTRL_Handler
 *fill*         0x000000000000323e        0x2 
 .text.USB_Handler
                0x0000000000003240       0x14 /tmp/arduino-sketch-7C1300CC4FF8AF73F58C6F35276C335C/../arduino-core-cache/core_arduino_samd_mkrwifi1010_0d900ac78734c9038bbcc9caccb00992.a(cortex_handlers.c.o)
                0x0000000000003240                USB_Handler
 .text.Reset_Handler
                0x0000000000003254       0x54 /tmp/arduino-sketch-7C1300CC4FF8AF73F58C6F35276C335C/../arduino-core-cache/core_arduino_samd_mkrwifi1010_0d900ac78734c9038bbcc9caccb00992.a(cortex_handlers.c.o)
                0x0000000000003254                Reset_Handler
 .text.SysTick_Handler
                0x00000000000032a8       0x10 /tmp/arduino-sketch-7C1300CC4FF8AF73F58C6F35276C335C/../arduino-core-cache/core_arduino_samd_mkrwifi1010_0d900ac78734c9038bbcc9caccb00992.a(cortex_handlers.c.o)
                0x00000000000032a8                SysTick_Handler
 .text.USB_SetHandler
                0x00000000000032b8        0xc /tmp/arduino-sketch-7C1300CC4FF8AF73F58C6F35276C335C/../arduino-core-cache/core_arduino_samd_mkrwifi1010_0d900ac78734c9038bbcc9caccb00992.a(cortex_handlers.c.o)
                0x00000000000032b8                USB_SetHandler
 .text.millis   0x00000000000032c4        0xc /tmp/arduino-sketch-7C1300CC4FF8AF73F58C6F35276C335C/../arduino-core-cache/core_arduino_samd_mkrwifi1010_0d900ac78734c9038bbcc9caccb00992.a(delay.c.o)
                0x00000000000032c4                millis
 .text.micros   0x00000000000032d0       0x60 /tmp/arduino-sketch-7C1300CC4FF8AF73F58C6F35276C335C/../arduino-core-cache/core_arduino_samd_mkrwifi1010_0d900ac78734c9038bbcc9caccb00992.a(delay.c.o)
                0x00000000000032d0                micros
 .text.delay    0x0000000000003330       0x30 /tmp/arduino-sketch-7C1300CC4FF8AF73F58C6F35276C335C/../arduino-core-cache/core_arduino_samd_mkrwifi1010_0d900ac78734c9038bbcc9caccb00992.a(delay.c.o)
                0x0000000000003330                delay
 .text.resetExternalChip
                0x0000000000003360        0x2 /tmp/arduino-sketch-7C1300CC4FF8AF73F58C6F35276C335C/../arduino-core-cache/core_arduino_samd_mkrwifi1010_0d900ac78734c9038bbcc9caccb00992.a(delay.c.o)
                0x0000000000003360                resetExternalChip
 *fill*         0x0000000000003362        0x2 
 .text.SysTick_DefaultHandler
                0x0000000000003364       0x14 /tmp/arduino-sketch-7C1300CC4FF8AF73F58C6F35276C335C/../arduino-core-cache/core_arduino_samd_mkrwifi1010_0d900ac78734c9038bbcc9caccb00992.a(delay.c.o)
                0x0000000000003364                SysTick_DefaultHandler
 .text.__empty  0x0000000000003378        0x2 /tmp/arduino-sketch-7C1300CC4FF8AF73F58C6F35276C335C/../arduino-core-cache/core_arduino_samd_mkrwifi1010_0d900ac78734c9038bbcc9caccb00992.a(hooks.c.o)
                0x0000000000003378                yield
 .text.__false  0x000000000000337a        0x4 /tmp/arduino-sketch-7C1300CC4FF8AF73F58C6F35276C335C/../arduino-core-cache/core_arduino_samd_mkrwifi1010_0d900ac78734c9038bbcc9caccb00992.a(hooks.c.o)
                0x000000000000337a                sysTickHook
 *fill*         0x000000000000337e        0x2 
 .text.SystemInit
                0x0000000000003380      0x160 /tmp/arduino-sketch-7C1300CC4FF8AF73F58C6F35276C335C/../arduino-core-cache/core_arduino_samd_mkrwifi1010_0d900ac78734c9038bbcc9caccb00992.a(startup.c.o)
                0x0000000000003380                SystemInit
 .text.init     0x00000000000034e0       0xf0 /tmp/arduino-sketch-7C1300CC4FF8AF73F58C6F35276C335C/../arduino-core-cache/core_arduino_samd_mkrwifi1010_0d900ac78734c9038bbcc9caccb00992.a(wiring.c.o)
                0x00000000000034e0                init
 .text.mapResolution
                0x00000000000035d0       0x12 /tmp/arduino-sketch-7C1300CC4FF8AF73F58C6F35276C335C/../arduino-core-cache/core_arduino_samd_mkrwifi1010_0d900ac78734c9038bbcc9caccb00992.a(wiring_analog.c.o)
 *fill*         0x00000000000035e2        0x2 
 .text.analogReference
                0x00000000000035e4       0x64 /tmp/arduino-sketch-7C1300CC4FF8AF73F58C6F35276C335C/../arduino-core-cache/core_arduino_samd_mkrwifi1010_0d900ac78734c9038bbcc9caccb00992.a(wiring_analog.c.o)
                0x00000000000035e4                analogReference
 .text.analogRead
                0x0000000000003648       0xdc /tmp/arduino-sketch-7C1300CC4FF8AF73F58C6F35276C335C/../arduino-core-cache/core_arduino_samd_mkrwifi1010_0d900ac78734c9038bbcc9caccb00992.a(wiring_analog.c.o)
                0x0000000000003648                analogRead
 .text.pinMode  0x0000000000003724       0x98 /tmp/arduino-sketch-7C1300CC4FF8AF73F58C6F35276C335C/../arduino-core-cache/core_arduino_samd_mkrwifi1010_0d900ac78734c9038bbcc9caccb00992.a(wiring_digital.c.o)
                0x0000000000003724                pinMode
 .text.digitalWrite
                0x00000000000037bc       0x58 /tmp/arduino-sketch-7C1300CC4FF8AF73F58C6F35276C335C/../arduino-core-cache/core_arduino_samd_mkrwifi1010_0d900ac78734c9038bbcc9caccb00992.a(wiring_digital.c.o)
                0x00000000000037bc                digitalWrite
 .text.digitalRead
                0x0000000000003814       0x30 /tmp/arduino-sketch-7C1300CC4FF8AF73F58C6F35276C335C/../arduino-core-cache/core_arduino_samd_mkrwifi1010_0d900ac78734c9038bbcc9caccb00992.a(wiring_digital.c.o)
                0x0000000000003814                digitalRead
 .text.pinPeripheral
                0x0000000000003844       0xc0 /tmp/arduino-sketch-7C1300CC4FF8AF73F58C6F35276C335C/../arduino-core-cache/core_arduino_samd_mkrwifi1010_0d900ac78734c9038bbcc9caccb00992.a(wiring_private.c.o)
                0x0000000000003844                pinPeripheral
 .text.initiateReset
                0x0000000000003904       0x14 /tmp/arduino-sketch-7C1300CC4FF8AF73F58C6F35276C335C/../arduino-core-cache/core_arduino_samd_mkrwifi1010_0d900ac78734c9038bbcc9caccb00992.a(Reset.cpp.o)
                0x0000000000003904                initiateReset
 .text.cancelReset
                0x0000000000003918       0x10 /tmp/arduino-sketch-7C1300CC4FF8AF73F58C6F35276C335C/../arduino-core-cache/core_arduino_samd_mkrwifi1010_0d900ac78734c9038bbcc9caccb00992.a(Reset.cpp.o)
                0x0000000000003918                cancelReset
 .text.tickReset
                0x0000000000003928       0x78 /tmp/arduino-sketch-7C1300CC4FF8AF73F58C6F35276C335C/../arduino-core-cache/core_arduino_samd_mkrwifi1010_0d900ac78734c9038bbcc9caccb00992.a(Reset.cpp.o)
                0x0000000000003928                tickReset
 .text._ZN6SERCOMC2EP6Sercom
                0x00000000000039a0        0x8 /tmp/arduino-sketch-7C1300CC4FF8AF73F58C6F35276C335C/../arduino-core-cache/core_arduino_samd_mkrwifi1010_0d900ac78734c9038bbcc9caccb00992.a(SERCOM.cpp.o)
                0x00000000000039a0                SERCOM::SERCOM(Sercom*)
                0x00000000000039a0                SERCOM::SERCOM(Sercom*)
 .text._ZN6SERCOM9initFrameE18SercomUartCharSize15SercomDataOrder16SercomParityMode19SercomNumberStopBit
                0x00000000000039a8       0x3a /tmp/arduino-sketch-7C1300CC4FF8AF73F58C6F35276C335C/../arduino-core-cache/core_arduino_samd_mkrwifi1010_0d900ac78734c9038bbcc9caccb00992.a(SERCOM.cpp.o)
                0x00000000000039a8                SERCOM::initFrame(SercomUartCharSize, SercomDataOrder, SercomParityMode, SercomNumberStopBit)
 .text._ZN6SERCOM8initPadsE15SercomUartTXPad11SercomRXPad
                0x00000000000039e2       0x26 /tmp/arduino-sketch-7C1300CC4FF8AF73F58C6F35276C335C/../arduino-core-cache/core_arduino_samd_mkrwifi1010_0d900ac78734c9038bbcc9caccb00992.a(SERCOM.cpp.o)
                0x00000000000039e2                SERCOM::initPads(SercomUartTXPad, SercomRXPad)
 .text._ZN6SERCOM9resetUARTEv
                0x0000000000003a08       0x1a /tmp/arduino-sketch-7C1300CC4FF8AF73F58C6F35276C335C/../arduino-core-cache/core_arduino_samd_mkrwifi1010_0d900ac78734c9038bbcc9caccb00992.a(SERCOM.cpp.o)
                0x0000000000003a08                SERCOM::resetUART()
 .text._ZN6SERCOM10enableUARTEv
                0x0000000000003a22       0x14 /tmp/arduino-sketch-7C1300CC4FF8AF73F58C6F35276C335C/../arduino-core-cache/core_arduino_samd_mkrwifi1010_0d900ac78734c9038bbcc9caccb00992.a(SERCOM.cpp.o)
                0x0000000000003a22                SERCOM::enableUART()
 .text._ZN6SERCOM9flushUARTEv
                0x0000000000003a36       0x14 /tmp/arduino-sketch-7C1300CC4FF8AF73F58C6F35276C335C/../arduino-core-cache/core_arduino_samd_mkrwifi1010_0d900ac78734c9038bbcc9caccb00992.a(SERCOM.cpp.o)
                0x0000000000003a36                SERCOM::flushUART()
 .text._ZN6SERCOM15clearStatusUARTEv
                0x0000000000003a4a        0x8 /tmp/arduino-sketch-7C1300CC4FF8AF73F58C6F35276C335C/../arduino-core-cache/core_arduino_samd_mkrwifi1010_0d900ac78734c9038bbcc9caccb00992.a(SERCOM.cpp.o)
                0x0000000000003a4a                SERCOM::clearStatusUART()
 .text._ZN6SERCOM17availableDataUARTEv
                0x0000000000003a52        0xa /tmp/arduino-sketch-7C1300CC4FF8AF73F58C6F35276C335C/../arduino-core-cache/core_arduino_samd_mkrwifi1010_0d900ac78734c9038bbcc9caccb00992.a(SERCOM.cpp.o)
                0x0000000000003a52                SERCOM::availableDataUART()
 .text._ZN6SERCOM11isUARTErrorEv
                0x0000000000003a5c        0x8 /tmp/arduino-sketch-7C1300CC4FF8AF73F58C6F35276C335C/../arduino-core-cache/core_arduino_samd_mkrwifi1010_0d900ac78734c9038bbcc9caccb00992.a(SERCOM.cpp.o)
                0x0000000000003a5c                SERCOM::isUARTError()
 .text._ZN6SERCOM20acknowledgeUARTErrorEv
                0x0000000000003a64        0xe /tmp/arduino-sketch-7C1300CC4FF8AF73F58C6F35276C335C/../arduino-core-cache/core_arduino_samd_mkrwifi1010_0d900ac78734c9038bbcc9caccb00992.a(SERCOM.cpp.o)
                0x0000000000003a64                SERCOM::acknowledgeUARTError()
 .text._ZN6SERCOM16isFrameErrorUARTEv
                0x0000000000003a72        0xa /tmp/arduino-sketch-7C1300CC4FF8AF73F58C6F35276C335C/../arduino-core-cache/core_arduino_samd_mkrwifi1010_0d900ac78734c9038bbcc9caccb00992.a(SERCOM.cpp.o)
                0x0000000000003a72                SERCOM::isFrameErrorUART()
 .text._ZN6SERCOM19clearFrameErrorUARTEv
                0x0000000000003a7c        0xc /tmp/arduino-sketch-7C1300CC4FF8AF73F58C6F35276C335C/../arduino-core-cache/core_arduino_samd_mkrwifi1010_0d900ac78734c9038bbcc9caccb00992.a(SERCOM.cpp.o)
                0x0000000000003a7c                SERCOM::clearFrameErrorUART()
 .text._ZN6SERCOM23isDataRegisterEmptyUARTEv
                0x0000000000003a88        0xa /tmp/arduino-sketch-7C1300CC4FF8AF73F58C6F35276C335C/../arduino-core-cache/core_arduino_samd_mkrwifi1010_0d900ac78734c9038bbcc9caccb00992.a(SERCOM.cpp.o)
                0x0000000000003a88                SERCOM::isDataRegisterEmptyUART()
 .text._ZN6SERCOM12readDataUARTEv
                0x0000000000003a92        0x8 /tmp/arduino-sketch-7C1300CC4FF8AF73F58C6F35276C335C/../arduino-core-cache/core_arduino_samd_mkrwifi1010_0d900ac78734c9038bbcc9caccb00992.a(SERCOM.cpp.o)
                0x0000000000003a92                SERCOM::readDataUART()
 .text._ZN6SERCOM13writeDataUARTEh
                0x0000000000003a9a       0x14 /tmp/arduino-sketch-7C1300CC4FF8AF73F58C6F35276C335C/../arduino-core-cache/core_arduino_samd_mkrwifi1010_0d900ac78734c9038bbcc9caccb00992.a(SERCOM.cpp.o)
                0x0000000000003a9a                SERCOM::writeDataUART(unsigned char)
 .text._ZN6SERCOM36enableDataRegisterEmptyInterruptUARTEv
                0x0000000000003aae        0x8 /tmp/arduino-sketch-7C1300CC4FF8AF73F58C6F35276C335C/../arduino-core-cache/core_arduino_samd_mkrwifi1010_0d900ac78734c9038bbcc9caccb00992.a(SERCOM.cpp.o)
                0x0000000000003aae                SERCOM::enableDataRegisterEmptyInterruptUART()
 .text._ZN6SERCOM37disableDataRegisterEmptyInterruptUARTEv
                0x0000000000003ab6        0x8 /tmp/arduino-sketch-7C1300CC4FF8AF73F58C6F35276C335C/../arduino-core-cache/core_arduino_samd_mkrwifi1010_0d900ac78734c9038bbcc9caccb00992.a(SERCOM.cpp.o)
                0x0000000000003ab6                SERCOM::disableDataRegisterEmptyInterruptUART()
 *fill*         0x0000000000003abe        0x2 
 .text._ZN6SERCOM12initSPIClockE18SercomSpiClockModem
                0x0000000000003ac0       0x30 /tmp/arduino-sketch-7C1300CC4FF8AF73F58C6F35276C335C/../arduino-core-cache/core_arduino_samd_mkrwifi1010_0d900ac78734c9038bbcc9caccb00992.a(SERCOM.cpp.o)
                0x0000000000003ac0                SERCOM::initSPIClock(SercomSpiClockMode, unsigned long)
 .text._ZN6SERCOM8resetSPIEv
                0x0000000000003af0       0x1a /tmp/arduino-sketch-7C1300CC4FF8AF73F58C6F35276C335C/../arduino-core-cache/core_arduino_samd_mkrwifi1010_0d900ac78734c9038bbcc9caccb00992.a(SERCOM.cpp.o)
                0x0000000000003af0                SERCOM::resetSPI()
 .text._ZN6SERCOM9enableSPIEv
                0x0000000000003b0a       0x14 /tmp/arduino-sketch-7C1300CC4FF8AF73F58C6F35276C335C/../arduino-core-cache/core_arduino_samd_mkrwifi1010_0d900ac78734c9038bbcc9caccb00992.a(SERCOM.cpp.o)
                0x0000000000003b0a                SERCOM::enableSPI()
 .text._ZN6SERCOM10disableSPIEv
                0x0000000000003b1e       0x12 /tmp/arduino-sketch-7C1300CC4FF8AF73F58C6F35276C335C/../arduino-core-cache/core_arduino_samd_mkrwifi1010_0d900ac78734c9038bbcc9caccb00992.a(SERCOM.cpp.o)
                0x0000000000003b1e                SERCOM::disableSPI()
 .text._ZN6SERCOM15getDataOrderSPIEv
                0x0000000000003b30        0xa /tmp/arduino-sketch-7C1300CC4FF8AF73F58C6F35276C335C/../arduino-core-cache/core_arduino_samd_mkrwifi1010_0d900ac78734c9038bbcc9caccb00992.a(SERCOM.cpp.o)
                0x0000000000003b30                SERCOM::getDataOrderSPI()
 .text._ZN6SERCOM15transferDataSPIEh
                0x0000000000003b3a       0x1a /tmp/arduino-sketch-7C1300CC4FF8AF73F58C6F35276C335C/../arduino-core-cache/core_arduino_samd_mkrwifi1010_0d900ac78734c9038bbcc9caccb00992.a(SERCOM.cpp.o)
                0x0000000000003b3a                SERCOM::transferDataSPI(unsigned char)
 .text._ZN6SERCOM9resetWIREEv
                0x0000000000003b54       0x1a /tmp/arduino-sketch-7C1300CC4FF8AF73F58C6F35276C335C/../arduino-core-cache/core_arduino_samd_mkrwifi1010_0d900ac78734c9038bbcc9caccb00992.a(SERCOM.cpp.o)
                0x0000000000003b54                SERCOM::resetWIRE()
 .text._ZN6SERCOM10enableWIREEv
                0x0000000000003b6e       0x2a /tmp/arduino-sketch-7C1300CC4FF8AF73F58C6F35276C335C/../arduino-core-cache/core_arduino_samd_mkrwifi1010_0d900ac78734c9038bbcc9caccb00992.a(SERCOM.cpp.o)
                0x0000000000003b6e                SERCOM::enableWIRE()
 .text._ZN6SERCOM11disableWIREEv
                0x0000000000003b98       0x14 /tmp/arduino-sketch-7C1300CC4FF8AF73F58C6F35276C335C/../arduino-core-cache/core_arduino_samd_mkrwifi1010_0d900ac78734c9038bbcc9caccb00992.a(SERCOM.cpp.o)
                0x0000000000003b98                SERCOM::disableWIRE()
 .text._ZN6SERCOM18prepareNackBitWIREEv
                0x0000000000003bac       0x10 /tmp/arduino-sketch-7C1300CC4FF8AF73F58C6F35276C335C/../arduino-core-cache/core_arduino_samd_mkrwifi1010_0d900ac78734c9038bbcc9caccb00992.a(SERCOM.cpp.o)
                0x0000000000003bac                SERCOM::prepareNackBitWIRE()
 .text._ZN6SERCOM17prepareAckBitWIREEv
                0x0000000000003bbc       0x14 /tmp/arduino-sketch-7C1300CC4FF8AF73F58C6F35276C335C/../arduino-core-cache/core_arduino_samd_mkrwifi1010_0d900ac78734c9038bbcc9caccb00992.a(SERCOM.cpp.o)
                0x0000000000003bbc                SERCOM::prepareAckBitWIRE()
 .text._ZN6SERCOM22prepareCommandBitsWireEh
                0x0000000000003bd0       0x2c /tmp/arduino-sketch-7C1300CC4FF8AF73F58C6F35276C335C/../arduino-core-cache/core_arduino_samd_mkrwifi1010_0d900ac78734c9038bbcc9caccb00992.a(SERCOM.cpp.o)
                0x0000000000003bd0                SERCOM::prepareCommandBitsWire(unsigned char)
 .text._ZN6SERCOM21startTransmissionWIREEh23SercomWireReadWriteFlag
                0x0000000000003bfc       0x84 /tmp/arduino-sketch-7C1300CC4FF8AF73F58C6F35276C335C/../arduino-core-cache/core_arduino_samd_mkrwifi1010_0d900ac78734c9038bbcc9caccb00992.a(SERCOM.cpp.o)
                0x0000000000003bfc                SERCOM::startTransmissionWIRE(unsigned char, SercomWireReadWriteFlag)
 .text._ZN6SERCOM18sendDataMasterWIREEh
                0x0000000000003c80       0x30 /tmp/arduino-sketch-7C1300CC4FF8AF73F58C6F35276C335C/../arduino-core-cache/core_arduino_samd_mkrwifi1010_0d900ac78734c9038bbcc9caccb00992.a(SERCOM.cpp.o)
                0x0000000000003c80                SERCOM::sendDataMasterWIRE(unsigned char)
 .text._ZN6SERCOM17sendDataSlaveWIREEh
                0x0000000000003cb0       0x1c /tmp/arduino-sketch-7C1300CC4FF8AF73F58C6F35276C335C/../arduino-core-cache/core_arduino_samd_mkrwifi1010_0d900ac78734c9038bbcc9caccb00992.a(SERCOM.cpp.o)
                0x0000000000003cb0                SERCOM::sendDataSlaveWIRE(unsigned char)
 .text._ZN6SERCOM11isSlaveWIREEv
                0x0000000000003ccc       0x12 /tmp/arduino-sketch-7C1300CC4FF8AF73F58C6F35276C335C/../arduino-core-cache/core_arduino_samd_mkrwifi1010_0d900ac78734c9038bbcc9caccb00992.a(SERCOM.cpp.o)
                0x0000000000003ccc                SERCOM::isSlaveWIRE()
 .text._ZN6SERCOM14isBusOwnerWIREEv
                0x0000000000003cde       0x12 /tmp/arduino-sketch-7C1300CC4FF8AF73F58C6F35276C335C/../arduino-core-cache/core_arduino_samd_mkrwifi1010_0d900ac78734c9038bbcc9caccb00992.a(SERCOM.cpp.o)
                0x0000000000003cde                SERCOM::isBusOwnerWIRE()
 .text._ZN6SERCOM15isDataReadyWIREEv
                0x0000000000003cf0        0xa /tmp/arduino-sketch-7C1300CC4FF8AF73F58C6F35276C335C/../arduino-core-cache/core_arduino_samd_mkrwifi1010_0d900ac78734c9038bbcc9caccb00992.a(SERCOM.cpp.o)
                0x0000000000003cf0                SERCOM::isDataReadyWIRE()
 .text._ZN6SERCOM18isStopDetectedWIREEv
                0x0000000000003cfa        0xa /tmp/arduino-sketch-7C1300CC4FF8AF73F58C6F35276C335C/../arduino-core-cache/core_arduino_samd_mkrwifi1010_0d900ac78734c9038bbcc9caccb00992.a(SERCOM.cpp.o)
                0x0000000000003cfa                SERCOM::isStopDetectedWIRE()
 .text._ZN6SERCOM21isRestartDetectedWIREEv
                0x0000000000003d04        0xa /tmp/arduino-sketch-7C1300CC4FF8AF73F58C6F35276C335C/../arduino-core-cache/core_arduino_samd_mkrwifi1010_0d900ac78734c9038bbcc9caccb00992.a(SERCOM.cpp.o)
                0x0000000000003d04                SERCOM::isRestartDetectedWIRE()
 .text._ZN6SERCOM14isAddressMatchEv
                0x0000000000003d0e        0xa /tmp/arduino-sketch-7C1300CC4FF8AF73F58C6F35276C335C/../arduino-core-cache/core_arduino_samd_mkrwifi1010_0d900ac78734c9038bbcc9caccb00992.a(SERCOM.cpp.o)
                0x0000000000003d0e                SERCOM::isAddressMatch()
 .text._ZN6SERCOM25isMasterReadOperationWIREEv
                0x0000000000003d18        0xa /tmp/arduino-sketch-7C1300CC4FF8AF73F58C6F35276C335C/../arduino-core-cache/core_arduino_samd_mkrwifi1010_0d900ac78734c9038bbcc9caccb00992.a(SERCOM.cpp.o)
                0x0000000000003d18                SERCOM::isMasterReadOperationWIRE()
 .text._ZN6SERCOM12readDataWIREEv
                0x0000000000003d22       0x20 /tmp/arduino-sketch-7C1300CC4FF8AF73F58C6F35276C335C/../arduino-core-cache/core_arduino_samd_mkrwifi1010_0d900ac78734c9038bbcc9caccb00992.a(SERCOM.cpp.o)
                0x0000000000003d22                SERCOM::readDataWIRE()
 *fill*         0x0000000000003d42        0x2 
 .text._ZN6SERCOM13initClockNVICEv
                0x0000000000003d44       0xa8 /tmp/arduino-sketch-7C1300CC4FF8AF73F58C6F35276C335C/../arduino-core-cache/core_arduino_samd_mkrwifi1010_0d900ac78734c9038bbcc9caccb00992.a(SERCOM.cpp.o)
                0x0000000000003d44                SERCOM::initClockNVIC()
 .text._ZN6SERCOM8initUARTE14SercomUartMode20SercomUartSampleRatem
                0x0000000000003dec       0x6c /tmp/arduino-sketch-7C1300CC4FF8AF73F58C6F35276C335C/../arduino-core-cache/core_arduino_samd_mkrwifi1010_0d900ac78734c9038bbcc9caccb00992.a(SERCOM.cpp.o)
                0x0000000000003dec                SERCOM::initUART(SercomUartMode, SercomUartSampleRate, unsigned long)
 .text._ZN6SERCOM7initSPIE14SercomSpiTXPad11SercomRXPad17SercomSpiCharSize15SercomDataOrder
                0x0000000000003e58       0x4a /tmp/arduino-sketch-7C1300CC4FF8AF73F58C6F35276C335C/../arduino-core-cache/core_arduino_samd_mkrwifi1010_0d900ac78734c9038bbcc9caccb00992.a(SERCOM.cpp.o)
                0x0000000000003e58                SERCOM::initSPI(SercomSpiTXPad, SercomRXPad, SercomSpiCharSize, SercomDataOrder)
 .text._ZN6SERCOM13initSlaveWIREEhb
                0x0000000000003ea2       0x4a /tmp/arduino-sketch-7C1300CC4FF8AF73F58C6F35276C335C/../arduino-core-cache/core_arduino_samd_mkrwifi1010_0d900ac78734c9038bbcc9caccb00992.a(SERCOM.cpp.o)
                0x0000000000003ea2                SERCOM::initSlaveWIRE(unsigned char, bool)
 .text._ZN6SERCOM14initMasterWIREEm
                0x0000000000003eec       0x54 /tmp/arduino-sketch-7C1300CC4FF8AF73F58C6F35276C335C/../arduino-core-cache/core_arduino_samd_mkrwifi1010_0d900ac78734c9038bbcc9caccb00992.a(SERCOM.cpp.o)
                0x0000000000003eec                SERCOM::initMasterWIRE(unsigned long)
 .text._ZN7Serial_13getDescriptorERN7arduino8USBSetupE
                0x0000000000003f40        0x4 /tmp/arduino-sketch-7C1300CC4FF8AF73F58C6F35276C335C/../arduino-core-cache/core_arduino_samd_mkrwifi1010_0d900ac78734c9038bbcc9caccb00992.a(CDC.cpp.o)
                0x0000000000003f40                Serial_::getDescriptor(arduino::USBSetup&)
 .text._ZL5utox8mPc
                0x0000000000003f44       0x24 /tmp/arduino-sketch-7C1300CC4FF8AF73F58C6F35276C335C/../arduino-core-cache/core_arduino_samd_mkrwifi1010_0d900ac78734c9038bbcc9caccb00992.a(CDC.cpp.o)
 .text._ZN7Serial_12getShortNameEPc
                0x0000000000003f68       0x44 /tmp/arduino-sketch-7C1300CC4FF8AF73F58C6F35276C335C/../arduino-core-cache/core_arduino_samd_mkrwifi1010_0d900ac78734c9038bbcc9caccb00992.a(CDC.cpp.o)
                0x0000000000003f68                Serial_::getShortName(char*)
 .text._ZThn16_N7Serial_12getShortNameEPc
                0x0000000000003fac       0x10 /tmp/arduino-sketch-7C1300CC4FF8AF73F58C6F35276C335C/../arduino-core-cache/core_arduino_samd_mkrwifi1010_0d900ac78734c9038bbcc9caccb00992.a(CDC.cpp.o)
                0x0000000000003fac                non-virtual thunk to Serial_::getShortName(char*)
 .text._ZN7Serial_17availableForWriteEv
                0x0000000000003fbc        0x4 /tmp/arduino-sketch-7C1300CC4FF8AF73F58C6F35276C335C/../arduino-core-cache/core_arduino_samd_mkrwifi1010_0d900ac78734c9038bbcc9caccb00992.a(CDC.cpp.o)
                0x0000000000003fbc                Serial_::availableForWrite()
 .text._ZN7Serial_5writeEh
                0x0000000000003fc0       0x14 /tmp/arduino-sketch-7C1300CC4FF8AF73F58C6F35276C335C/../arduino-core-cache/core_arduino_samd_mkrwifi1010_0d900ac78734c9038bbcc9caccb00992.a(CDC.cpp.o)
                0x0000000000003fc0                Serial_::write(unsigned char)
 .text._ZN7Serial_12getInterfaceEPh
                0x0000000000003fd4      0x11c /tmp/arduino-sketch-7C1300CC4FF8AF73F58C6F35276C335C/../arduino-core-cache/core_arduino_samd_mkrwifi1010_0d900ac78734c9038bbcc9caccb00992.a(CDC.cpp.o)
                0x0000000000003fd4                Serial_::getInterface(unsigned char*)
 .text._ZThn16_N7Serial_12getInterfaceEPh
                0x00000000000040f0       0x10 /tmp/arduino-sketch-7C1300CC4FF8AF73F58C6F35276C335C/../arduino-core-cache/core_arduino_samd_mkrwifi1010_0d900ac78734c9038bbcc9caccb00992.a(CDC.cpp.o)
                0x00000000000040f0                non-virtual thunk to Serial_::getInterface(unsigned char*)
 .text._ZN7Serial_5setupERN7arduino8USBSetupE
                0x0000000000004100       0x98 /tmp/arduino-sketch-7C1300CC4FF8AF73F58C6F35276C335C/../arduino-core-cache/core_arduino_samd_mkrwifi1010_0d900ac78734c9038bbcc9caccb00992.a(CDC.cpp.o)
                0x0000000000004100                Serial_::setup(arduino::USBSetup&)
 .text._ZThn16_N7Serial_5setupERN7arduino8USBSetupE
                0x0000000000004198       0x10 /tmp/arduino-sketch-7C1300CC4FF8AF73F58C6F35276C335C/../arduino-core-cache/core_arduino_samd_mkrwifi1010_0d900ac78734c9038bbcc9caccb00992.a(CDC.cpp.o)
                0x0000000000004198                non-virtual thunk to Serial_::setup(arduino::USBSetup&)
 .text._ZN7Serial_9availableEv
                0x00000000000041a8       0x20 /tmp/arduino-sketch-7C1300CC4FF8AF73F58C6F35276C335C/../arduino-core-cache/core_arduino_samd_mkrwifi1010_0d900ac78734c9038bbcc9caccb00992.a(CDC.cpp.o)
                0x00000000000041a8                Serial_::available()
 .text._ZN7Serial_5flushEv
                0x00000000000041c8        0xe /tmp/arduino-sketch-7C1300CC4FF8AF73F58C6F35276C335C/../arduino-core-cache/core_arduino_samd_mkrwifi1010_0d900ac78734c9038bbcc9caccb00992.a(CDC.cpp.o)
                0x00000000000041c8                Serial_::flush()
 .text._ZN7Serial_5clearEv
                0x00000000000041d6        0xe /tmp/arduino-sketch-7C1300CC4FF8AF73F58C6F35276C335C/../arduino-core-cache/core_arduino_samd_mkrwifi1010_0d900ac78734c9038bbcc9caccb00992.a(CDC.cpp.o)
                0x00000000000041d6                Serial_::clear()
 .text._ZN7Serial_5writeEPKhj
                0x00000000000041e4       0x1e /tmp/arduino-sketch-7C1300CC4FF8AF73F58C6F35276C335C/../arduino-core-cache/core_arduino_samd_mkrwifi1010_0d900ac78734c9038bbcc9caccb00992.a(CDC.cpp.o)
                0x00000000000041e4                Serial_::write(unsigned char const*, unsigned int)
 *fill*         0x0000000000004202        0x2 
 .text._ZN7Serial_4peekEv
                0x0000000000004204       0x1c /tmp/arduino-sketch-7C1300CC4FF8AF73F58C6F35276C335C/../arduino-core-cache/core_arduino_samd_mkrwifi1010_0d900ac78734c9038bbcc9caccb00992.a(CDC.cpp.o)
                0x0000000000004204                Serial_::peek()
 .text._ZN7Serial_4readEv
                0x0000000000004220       0x24 /tmp/arduino-sketch-7C1300CC4FF8AF73F58C6F35276C335C/../arduino-core-cache/core_arduino_samd_mkrwifi1010_0d900ac78734c9038bbcc9caccb00992.a(CDC.cpp.o)
                0x0000000000004220                Serial_::read()
 .text._ZThn16_N7Serial_13getDescriptorERN7arduino8USBSetupE
                0x0000000000004244        0x4 /tmp/arduino-sketch-7C1300CC4FF8AF73F58C6F35276C335C/../arduino-core-cache/core_arduino_samd_mkrwifi1010_0d900ac78734c9038bbcc9caccb00992.a(CDC.cpp.o)
                0x0000000000004244                non-virtual thunk to Serial_::getDescriptor(arduino::USBSetup&)
 .text._ZN7Serial_14handleEndpointEi
                0x0000000000004248        0x2 /tmp/arduino-sketch-7C1300CC4FF8AF73F58C6F35276C335C/../arduino-core-cache/core_arduino_samd_mkrwifi1010_0d900ac78734c9038bbcc9caccb00992.a(CDC.cpp.o)
                0x0000000000004248                Serial_::handleEndpoint(int)
 *fill*         0x000000000000424a        0x2 
 .text._ZN7Serial_C2ER14USBDeviceClass
                0x000000000000424c       0x50 /tmp/arduino-sketch-7C1300CC4FF8AF73F58C6F35276C335C/../arduino-core-cache/core_arduino_samd_mkrwifi1010_0d900ac78734c9038bbcc9caccb00992.a(CDC.cpp.o)
                0x000000000000424c                Serial_::Serial_(USBDeviceClass&)
                0x000000000000424c                Serial_::Serial_(USBDeviceClass&)
 .text._ZN7Serial_15enableInterruptEv
                0x000000000000429c       0x30 /tmp/arduino-sketch-7C1300CC4FF8AF73F58C6F35276C335C/../arduino-core-cache/core_arduino_samd_mkrwifi1010_0d900ac78734c9038bbcc9caccb00992.a(CDC.cpp.o)
                0x000000000000429c                Serial_::enableInterrupt()
 .text._ZN7Serial_5beginEm
                0x00000000000042cc        0x2 /tmp/arduino-sketch-7C1300CC4FF8AF73F58C6F35276C335C/../arduino-core-cache/core_arduino_samd_mkrwifi1010_0d900ac78734c9038bbcc9caccb00992.a(CDC.cpp.o)
                0x00000000000042cc                Serial_::begin(unsigned long)
 *fill*         0x00000000000042ce        0x2 
 .text._ZN7Serial_cvbEv
                0x00000000000042d0       0x28 /tmp/arduino-sketch-7C1300CC4FF8AF73F58C6F35276C335C/../arduino-core-cache/core_arduino_samd_mkrwifi1010_0d900ac78734c9038bbcc9caccb00992.a(CDC.cpp.o)
                0x00000000000042d0                Serial_::operator bool()
 .text.startup._GLOBAL__sub_I__ZN7Serial_12getInterfaceEPh
                0x00000000000042f8       0x14 /tmp/arduino-sketch-7C1300CC4FF8AF73F58C6F35276C335C/../arduino-core-cache/core_arduino_samd_mkrwifi1010_0d900ac78734c9038bbcc9caccb00992.a(CDC.cpp.o)
 .text._ZN26DoubleBufferedEPOutHandlerD2Ev
                0x000000000000430c        0x2 /tmp/arduino-sketch-7C1300CC4FF8AF73F58C6F35276C335C/../arduino-core-cache/core_arduino_samd_mkrwifi1010_0d900ac78734c9038bbcc9caccb00992.a(USBCore.cpp.o)
                0x000000000000430c                DoubleBufferedEPOutHandler::~DoubleBufferedEPOutHandler()
                0x000000000000430c                DoubleBufferedEPOutHandler::~DoubleBufferedEPOutHandler()
 .text._ZN26DoubleBufferedEPOutHandlerD0Ev
                0x000000000000430e        0xc /tmp/arduino-sketch-7C1300CC4FF8AF73F58C6F35276C335C/../arduino-core-cache/core_arduino_samd_mkrwifi1010_0d900ac78734c9038bbcc9caccb00992.a(USBCore.cpp.o)
                0x000000000000430e                DoubleBufferedEPOutHandler::~DoubleBufferedEPOutHandler()
 *fill*         0x000000000000431a        0x2 
 .text._ZN14USBDeviceClass6initEPEmm.part.7
                0x000000000000431c       0xc4 /tmp/arduino-sketch-7C1300CC4FF8AF73F58C6F35276C335C/../arduino-core-cache/core_arduino_samd_mkrwifi1010_0d900ac78734c9038bbcc9caccb00992.a(USBCore.cpp.o)
 .text._ZN7__GuardC2Ev
                0x00000000000043e0        0xe /tmp/arduino-sketch-7C1300CC4FF8AF73F58C6F35276C335C/../arduino-core-cache/core_arduino_samd_mkrwifi1010_0d900ac78734c9038bbcc9caccb00992.a(USBCore.cpp.o)
                0x00000000000043e0                __Guard::__Guard()
                0x00000000000043e0                __Guard::__Guard()
 .text._ZN7__GuardD2Ev
                0x00000000000043ee        0xe /tmp/arduino-sketch-7C1300CC4FF8AF73F58C6F35276C335C/../arduino-core-cache/core_arduino_samd_mkrwifi1010_0d900ac78734c9038bbcc9caccb00992.a(USBCore.cpp.o)
                0x00000000000043ee                __Guard::~__Guard()
                0x00000000000043ee                __Guard::~__Guard()
 .text._ZNK26DoubleBufferedEPOutHandler10_availableEv
                0x00000000000043fc       0x70 /tmp/arduino-sketch-7C1300CC4FF8AF73F58C6F35276C335C/../arduino-core-cache/core_arduino_samd_mkrwifi1010_0d900ac78734c9038bbcc9caccb00992.a(USBCore.cpp.o)
                0x00000000000043fc                DoubleBufferedEPOutHandler::_available() const
 .text._ZN26DoubleBufferedEPOutHandler7releaseEv
                0x000000000000446c       0x38 /tmp/arduino-sketch-7C1300CC4FF8AF73F58C6F35276C335C/../arduino-core-cache/core_arduino_samd_mkrwifi1010_0d900ac78734c9038bbcc9caccb00992.a(USBCore.cpp.o)
                0x000000000000446c                DoubleBufferedEPOutHandler::release()
 .text._ZN26DoubleBufferedEPOutHandler14handleEndpointEv
                0x00000000000044a4       0xe2 /tmp/arduino-sketch-7C1300CC4FF8AF73F58C6F35276C335C/../arduino-core-cache/core_arduino_samd_mkrwifi1010_0d900ac78734c9038bbcc9caccb00992.a(USBCore.cpp.o)
                0x00000000000044a4                DoubleBufferedEPOutHandler::handleEndpoint()
 .text._ZN14USBDeviceClass14SendInterfacesEPm
                0x0000000000004586       0x20 /tmp/arduino-sketch-7C1300CC4FF8AF73F58C6F35276C335C/../arduino-core-cache/core_arduino_samd_mkrwifi1010_0d900ac78734c9038bbcc9caccb00992.a(USBCore.cpp.o)
                0x0000000000004586                USBDeviceClass::SendInterfaces(unsigned long*)
 *fill*         0x00000000000045a6        0x2 
 .text._ZN14USBDeviceClass4initEv
                0x00000000000045a8      0x15c /tmp/arduino-sketch-7C1300CC4FF8AF73F58C6F35276C335C/../arduino-core-cache/core_arduino_samd_mkrwifi1010_0d900ac78734c9038bbcc9caccb00992.a(USBCore.cpp.o)
                0x00000000000045a8                USBDeviceClass::init()
 .text._ZN14USBDeviceClass6attachEv
                0x0000000000004704       0x34 /tmp/arduino-sketch-7C1300CC4FF8AF73F58C6F35276C335C/../arduino-core-cache/core_arduino_samd_mkrwifi1010_0d900ac78734c9038bbcc9caccb00992.a(USBCore.cpp.o)
                0x0000000000004704                USBDeviceClass::attach()
 .text._ZN14USBDeviceClass10setAddressEm
                0x0000000000004738       0x48 /tmp/arduino-sketch-7C1300CC4FF8AF73F58C6F35276C335C/../arduino-core-cache/core_arduino_samd_mkrwifi1010_0d900ac78734c9038bbcc9caccb00992.a(USBCore.cpp.o)
                0x0000000000004738                USBDeviceClass::setAddress(unsigned long)
 .text._ZN14USBDeviceClass25handleClassInterfaceSetupERN7arduino8USBSetupE
                0x0000000000004780       0x24 /tmp/arduino-sketch-7C1300CC4FF8AF73F58C6F35276C335C/../arduino-core-cache/core_arduino_samd_mkrwifi1010_0d900ac78734c9038bbcc9caccb00992.a(USBCore.cpp.o)
                0x0000000000004780                USBDeviceClass::handleClassInterfaceSetup(arduino::USBSetup&)
 .text._ZN14USBDeviceClass6initEPEmm
                0x00000000000047a4      0x10c /tmp/arduino-sketch-7C1300CC4FF8AF73F58C6F35276C335C/../arduino-core-cache/core_arduino_samd_mkrwifi1010_0d900ac78734c9038bbcc9caccb00992.a(USBCore.cpp.o)
                0x00000000000047a4                USBDeviceClass::initEP(unsigned long, unsigned long)
 .text._ZN14USBDeviceClass13initEndpointsEv
                0x00000000000048b0       0x24 /tmp/arduino-sketch-7C1300CC4FF8AF73F58C6F35276C335C/../arduino-core-cache/core_arduino_samd_mkrwifi1010_0d900ac78734c9038bbcc9caccb00992.a(USBCore.cpp.o)
                0x00000000000048b0                USBDeviceClass::initEndpoints()
 .text._ZN14USBDeviceClass5clearEm
                0x00000000000048d4       0x38 /tmp/arduino-sketch-7C1300CC4FF8AF73F58C6F35276C335C/../arduino-core-cache/core_arduino_samd_mkrwifi1010_0d900ac78734c9038bbcc9caccb00992.a(USBCore.cpp.o)
                0x00000000000048d4                USBDeviceClass::clear(unsigned long)
 .text._ZN14USBDeviceClass9availableEm
                0x000000000000490c       0x2c /tmp/arduino-sketch-7C1300CC4FF8AF73F58C6F35276C335C/../arduino-core-cache/core_arduino_samd_mkrwifi1010_0d900ac78734c9038bbcc9caccb00992.a(USBCore.cpp.o)
                0x000000000000490c                USBDeviceClass::available(unsigned long)
 .text._ZN14USBDeviceClass5flushEm
                0x0000000000004938       0x2c /tmp/arduino-sketch-7C1300CC4FF8AF73F58C6F35276C335C/../arduino-core-cache/core_arduino_samd_mkrwifi1010_0d900ac78734c9038bbcc9caccb00992.a(USBCore.cpp.o)
                0x0000000000004938                USBDeviceClass::flush(unsigned long)
 .text._ZN14USBDeviceClass4recvEmPvm
                0x0000000000004964       0xc0 /tmp/arduino-sketch-7C1300CC4FF8AF73F58C6F35276C335C/../arduino-core-cache/core_arduino_samd_mkrwifi1010_0d900ac78734c9038bbcc9caccb00992.a(USBCore.cpp.o)
                0x0000000000004964                USBDeviceClass::recv(unsigned long, void*, unsigned long)
 .text._ZN14USBDeviceClass4recvEm
                0x0000000000004a24       0x1c /tmp/arduino-sketch-7C1300CC4FF8AF73F58C6F35276C335C/../arduino-core-cache/core_arduino_samd_mkrwifi1010_0d900ac78734c9038bbcc9caccb00992.a(USBCore.cpp.o)
                0x0000000000004a24                USBDeviceClass::recv(unsigned long)
 .text._ZN14USBDeviceClass14armRecvCtrlOUTEm
                0x0000000000004a40       0x5c /tmp/arduino-sketch-7C1300CC4FF8AF73F58C6F35276C335C/../arduino-core-cache/core_arduino_samd_mkrwifi1010_0d900ac78734c9038bbcc9caccb00992.a(USBCore.cpp.o)
                0x0000000000004a40                USBDeviceClass::armRecvCtrlOUT(unsigned long)
 .text._ZN14USBDeviceClass11recvControlEPvm
                0x0000000000004a9c       0x28 /tmp/arduino-sketch-7C1300CC4FF8AF73F58C6F35276C335C/../arduino-core-cache/core_arduino_samd_mkrwifi1010_0d900ac78734c9038bbcc9caccb00992.a(USBCore.cpp.o)
                0x0000000000004a9c                USBDeviceClass::recvControl(void*, unsigned long)
 .text._ZN14USBDeviceClass4sendEmPKvm
                0x0000000000004ac4      0x10c /tmp/arduino-sketch-7C1300CC4FF8AF73F58C6F35276C335C/../arduino-core-cache/core_arduino_samd_mkrwifi1010_0d900ac78734c9038bbcc9caccb00992.a(USBCore.cpp.o)
                0x0000000000004ac4                USBDeviceClass::send(unsigned long, void const*, unsigned long)
 .text._ZN14USBDeviceClass7armSendEmPKvm
                0x0000000000004bd0       0x48 /tmp/arduino-sketch-7C1300CC4FF8AF73F58C6F35276C335C/../arduino-core-cache/core_arduino_samd_mkrwifi1010_0d900ac78734c9038bbcc9caccb00992.a(USBCore.cpp.o)
                0x0000000000004bd0                USBDeviceClass::armSend(unsigned long, void const*, unsigned long)
 .text._ZN14USBDeviceClass11sendControlEPKvm
                0x0000000000004c18       0x54 /tmp/arduino-sketch-7C1300CC4FF8AF73F58C6F35276C335C/../arduino-core-cache/core_arduino_samd_mkrwifi1010_0d900ac78734c9038bbcc9caccb00992.a(USBCore.cpp.o)
                0x0000000000004c18                USBDeviceClass::sendControl(void const*, unsigned long)
 .text._ZN14USBDeviceClass20sendStringDescriptorEPKhm
                0x0000000000004c6c       0x64 /tmp/arduino-sketch-7C1300CC4FF8AF73F58C6F35276C335C/../arduino-core-cache/core_arduino_samd_mkrwifi1010_0d900ac78734c9038bbcc9caccb00992.a(USBCore.cpp.o)
                0x0000000000004c6c                USBDeviceClass::sendStringDescriptor(unsigned char const*, unsigned long)
 .text._ZN14USBDeviceClass17sendConfigurationEm
                0x0000000000004cd0       0x80 /tmp/arduino-sketch-7C1300CC4FF8AF73F58C6F35276C335C/../arduino-core-cache/core_arduino_samd_mkrwifi1010_0d900ac78734c9038bbcc9caccb00992.a(USBCore.cpp.o)
                0x0000000000004cd0                USBDeviceClass::sendConfiguration(unsigned long)
 .text._ZN14USBDeviceClass14sendDescriptorERN7arduino8USBSetupE
                0x0000000000004d50       0xd8 /tmp/arduino-sketch-7C1300CC4FF8AF73F58C6F35276C335C/../arduino-core-cache/core_arduino_samd_mkrwifi1010_0d900ac78734c9038bbcc9caccb00992.a(USBCore.cpp.o)
                0x0000000000004d50                USBDeviceClass::sendDescriptor(arduino::USBSetup&)
 .text._ZN14USBDeviceClass7sendZlpEm
                0x0000000000004e28       0x18 /tmp/arduino-sketch-7C1300CC4FF8AF73F58C6F35276C335C/../arduino-core-cache/core_arduino_samd_mkrwifi1010_0d900ac78734c9038bbcc9caccb00992.a(USBCore.cpp.o)
                0x0000000000004e28                USBDeviceClass::sendZlp(unsigned long)
 .text._ZN14USBDeviceClass19handleStandardSetupERN7arduino8USBSetupE
                0x0000000000004e40       0xf0 /tmp/arduino-sketch-7C1300CC4FF8AF73F58C6F35276C335C/../arduino-core-cache/core_arduino_samd_mkrwifi1010_0d900ac78734c9038bbcc9caccb00992.a(USBCore.cpp.o)
                0x0000000000004e40                USBDeviceClass::handleStandardSetup(arduino::USBSetup&)
 .text._ZN14USBDeviceClass10ISRHandlerEv
                0x0000000000004f30      0x108 /tmp/arduino-sketch-7C1300CC4FF8AF73F58C6F35276C335C/../arduino-core-cache/core_arduino_samd_mkrwifi1010_0d900ac78734c9038bbcc9caccb00992.a(USBCore.cpp.o)
                0x0000000000004f30                USBDeviceClass::ISRHandler()
 .text.UDD_Handler
                0x0000000000005038       0x10 /tmp/arduino-sketch-7C1300CC4FF8AF73F58C6F35276C335C/../arduino-core-cache/core_arduino_samd_mkrwifi1010_0d900ac78734c9038bbcc9caccb00992.a(USBCore.cpp.o)
                0x0000000000005038                UDD_Handler
 .text._ZN7arduino13PluggableUSB_C2Ev
                0x0000000000005048       0x10 /tmp/arduino-sketch-7C1300CC4FF8AF73F58C6F35276C335C/../arduino-core-cache/core_arduino_samd_mkrwifi1010_0d900ac78734c9038bbcc9caccb00992.a(USBCore.cpp.o)
                0x0000000000005048                arduino::PluggableUSB_::PluggableUSB_()
                0x0000000000005048                arduino::PluggableUSB_::PluggableUSB_()
 .text._Z8epBufferj
                0x0000000000005058        0xc /tmp/arduino-sketch-7C1300CC4FF8AF73F58C6F35276C335C/../arduino-core-cache/core_arduino_samd_mkrwifi1010_0d900ac78734c9038bbcc9caccb00992.a(USBCore.cpp.o)
                0x0000000000005058                epBuffer(unsigned int)
 .text._ZN7arduino11RingBufferNILi64EE10store_charEh
                0x0000000000005064       0x1c /tmp/arduino-sketch-7C1300CC4FF8AF73F58C6F35276C335C/../arduino-core-cache/core_arduino_samd_mkrwifi1010_0d900ac78734c9038bbcc9caccb00992.a(USBCore.cpp.o)
                0x0000000000005064                arduino::RingBufferN<64>::store_char(unsigned char)
 .text._ZN26DoubleBufferedEPOutHandler5_recvEv
                0x0000000000005080      0x15e /tmp/arduino-sketch-7C1300CC4FF8AF73F58C6F35276C335C/../arduino-core-cache/core_arduino_samd_mkrwifi1010_0d900ac78734c9038bbcc9caccb00992.a(USBCore.cpp.o)
                0x0000000000005080                DoubleBufferedEPOutHandler::_recv()
 .text._ZN26DoubleBufferedEPOutHandler9availableEv
                0x00000000000051de        0xc /tmp/arduino-sketch-7C1300CC4FF8AF73F58C6F35276C335C/../arduino-core-cache/core_arduino_samd_mkrwifi1010_0d900ac78734c9038bbcc9caccb00992.a(USBCore.cpp.o)
                0x00000000000051de                DoubleBufferedEPOutHandler::available()
 .text._ZN26DoubleBufferedEPOutHandler4peekEv
                0x00000000000051ea       0x1c /tmp/arduino-sketch-7C1300CC4FF8AF73F58C6F35276C335C/../arduino-core-cache/core_arduino_samd_mkrwifi1010_0d900ac78734c9038bbcc9caccb00992.a(USBCore.cpp.o)
                0x00000000000051ea                DoubleBufferedEPOutHandler::peek()
 .text._ZN26DoubleBufferedEPOutHandler4recvEPvm
                0x0000000000005206       0x60 /tmp/arduino-sketch-7C1300CC4FF8AF73F58C6F35276C335C/../arduino-core-cache/core_arduino_samd_mkrwifi1010_0d900ac78734c9038bbcc9caccb00992.a(USBCore.cpp.o)
                0x0000000000005206                DoubleBufferedEPOutHandler::recv(void*, unsigned long)
 *fill*         0x0000000000005266        0x2 
 .text.startup._GLOBAL__sub_I_usbd
                0x0000000000005268       0x10 /tmp/arduino-sketch-7C1300CC4FF8AF73F58C6F35276C335C/../arduino-core-cache/core_arduino_samd_mkrwifi1010_0d900ac78734c9038bbcc9caccb00992.a(USBCore.cpp.o)
 .text._ZN4UartcvbEv
                0x0000000000005278        0x4 /tmp/arduino-sketch-7C1300CC4FF8AF73F58C6F35276C335C/../arduino-core-cache/core_arduino_samd_mkrwifi1010_0d900ac78734c9038bbcc9caccb00992.a(Uart.cpp.o)
                0x0000000000005278                Uart::operator bool()
 .text._ZN4Uart5beginEm
                0x000000000000527c       0x10 /tmp/arduino-sketch-7C1300CC4FF8AF73F58C6F35276C335C/../arduino-core-cache/core_arduino_samd_mkrwifi1010_0d900ac78734c9038bbcc9caccb00992.a(Uart.cpp.o)
                0x000000000000527c                Uart::begin(unsigned long)
 .text._ZN4Uart9availableEv
                0x000000000000528c        0x6 /tmp/arduino-sketch-7C1300CC4FF8AF73F58C6F35276C335C/../arduino-core-cache/core_arduino_samd_mkrwifi1010_0d900ac78734c9038bbcc9caccb00992.a(Uart.cpp.o)
                0x000000000000528c                Uart::available()
 .text._ZN4Uart17availableForWriteEv
                0x0000000000005292       0x10 /tmp/arduino-sketch-7C1300CC4FF8AF73F58C6F35276C335C/../arduino-core-cache/core_arduino_samd_mkrwifi1010_0d900ac78734c9038bbcc9caccb00992.a(Uart.cpp.o)
                0x0000000000005292                Uart::availableForWrite()
 .text._ZN4Uart4peekEv
                0x00000000000052a2       0x18 /tmp/arduino-sketch-7C1300CC4FF8AF73F58C6F35276C335C/../arduino-core-cache/core_arduino_samd_mkrwifi1010_0d900ac78734c9038bbcc9caccb00992.a(Uart.cpp.o)
                0x00000000000052a2                Uart::peek()
 .text._ZN4Uart3endEv
                0x00000000000052ba       0x24 /tmp/arduino-sketch-7C1300CC4FF8AF73F58C6F35276C335C/../arduino-core-cache/core_arduino_samd_mkrwifi1010_0d900ac78734c9038bbcc9caccb00992.a(Uart.cpp.o)
                0x00000000000052ba                Uart::end()
 .text._ZN4Uart5flushEv
                0x00000000000052de       0x16 /tmp/arduino-sketch-7C1300CC4FF8AF73F58C6F35276C335C/../arduino-core-cache/core_arduino_samd_mkrwifi1010_0d900ac78734c9038bbcc9caccb00992.a(Uart.cpp.o)
                0x00000000000052de                Uart::flush()
 .text._ZN4Uart16extractNbStopBitEt
                0x00000000000052f4        0xc /tmp/arduino-sketch-7C1300CC4FF8AF73F58C6F35276C335C/../arduino-core-cache/core_arduino_samd_mkrwifi1010_0d900ac78734c9038bbcc9caccb00992.a(Uart.cpp.o)
                0x00000000000052f4                Uart::extractNbStopBit(unsigned short)
 .text._ZN4Uart15extractCharSizeEt
                0x0000000000005300       0x28 /tmp/arduino-sketch-7C1300CC4FF8AF73F58C6F35276C335C/../arduino-core-cache/core_arduino_samd_mkrwifi1010_0d900ac78734c9038bbcc9caccb00992.a(Uart.cpp.o)
                0x0000000000005300                Uart::extractCharSize(unsigned short)
 .text._ZN4Uart13extractParityEt
                0x0000000000005328       0x14 /tmp/arduino-sketch-7C1300CC4FF8AF73F58C6F35276C335C/../arduino-core-cache/core_arduino_samd_mkrwifi1010_0d900ac78734c9038bbcc9caccb00992.a(Uart.cpp.o)
                0x0000000000005328                Uart::extractParity(unsigned short)
 .text._ZN4Uart5beginEmt
                0x000000000000533c       0xf8 /tmp/arduino-sketch-7C1300CC4FF8AF73F58C6F35276C335C/../arduino-core-cache/core_arduino_samd_mkrwifi1010_0d900ac78734c9038bbcc9caccb00992.a(Uart.cpp.o)
                0x000000000000533c                Uart::begin(unsigned long, unsigned short)
 .text._ZN7arduino11RingBufferNILi256EEC2Ev
                0x0000000000005434       0x1e /tmp/arduino-sketch-7C1300CC4FF8AF73F58C6F35276C335C/../arduino-core-cache/core_arduino_samd_mkrwifi1010_0d900ac78734c9038bbcc9caccb00992.a(Uart.cpp.o)
                0x0000000000005434                arduino::RingBufferN<256>::RingBufferN()
                0x0000000000005434                arduino::RingBufferN<256>::RingBufferN()
 *fill*         0x0000000000005452        0x2 
 .text._ZN4UartC2EP6SERCOMhh11SercomRXPad15SercomUartTXPadhh
                0x0000000000005454       0x88 /tmp/arduino-sketch-7C1300CC4FF8AF73F58C6F35276C335C/../arduino-core-cache/core_arduino_samd_mkrwifi1010_0d900ac78734c9038bbcc9caccb00992.a(Uart.cpp.o)
                0x0000000000005454                Uart::Uart(SERCOM*, unsigned char, unsigned char, SercomRXPad, SercomUartTXPad, unsigned char, unsigned char)
                0x0000000000005454                Uart::Uart(SERCOM*, unsigned char, unsigned char, SercomRXPad, SercomUartTXPad, unsigned char, unsigned char)
 .text._ZN4UartC2EP6SERCOMhh11SercomRXPad15SercomUartTXPad
                0x00000000000054dc       0x74 /tmp/arduino-sketch-7C1300CC4FF8AF73F58C6F35276C335C/../arduino-core-cache/core_arduino_samd_mkrwifi1010_0d900ac78734c9038bbcc9caccb00992.a(Uart.cpp.o)
                0x00000000000054dc                Uart::Uart(SERCOM*, unsigned char, unsigned char, SercomRXPad, SercomUartTXPad)
                0x00000000000054dc                Uart::Uart(SERCOM*, unsigned char, unsigned char, SercomRXPad, SercomUartTXPad)
 .text._ZN7arduino15SafeRingBufferNILi256EE10store_charEh
                0x0000000000005550       0x4a /tmp/arduino-sketch-7C1300CC4FF8AF73F58C6F35276C335C/../arduino-core-cache/core_arduino_samd_mkrwifi1010_0d900ac78734c9038bbcc9caccb00992.a(Uart.cpp.o)
                0x0000000000005550                arduino::SafeRingBufferN<256>::store_char(unsigned char)
 .text._ZN7arduino15SafeRingBufferNILi256EE9read_charEv
                0x000000000000559a       0x50 /tmp/arduino-sketch-7C1300CC4FF8AF73F58C6F35276C335C/../arduino-core-cache/core_arduino_samd_mkrwifi1010_0d900ac78734c9038bbcc9caccb00992.a(Uart.cpp.o)
                0x000000000000559a                arduino::SafeRingBufferN<256>::read_char()
 .text._ZN4Uart10IrqHandlerEv
                0x00000000000055ea       0xa4 /tmp/arduino-sketch-7C1300CC4FF8AF73F58C6F35276C335C/../arduino-core-cache/core_arduino_samd_mkrwifi1010_0d900ac78734c9038bbcc9caccb00992.a(Uart.cpp.o)
                0x00000000000055ea                Uart::IrqHandler()
 *fill*         0x000000000000568e        0x2 
 .text._ZN4Uart5writeEh
                0x0000000000005690       0x9c /tmp/arduino-sketch-7C1300CC4FF8AF73F58C6F35276C335C/../arduino-core-cache/core_arduino_samd_mkrwifi1010_0d900ac78734c9038bbcc9caccb00992.a(Uart.cpp.o)
                0x0000000000005690                Uart::write(unsigned char)
 .text._ZN4Uart4readEv
                0x000000000000572c       0x34 /tmp/arduino-sketch-7C1300CC4FF8AF73F58C6F35276C335C/../arduino-core-cache/core_arduino_samd_mkrwifi1010_0d900ac78734c9038bbcc9caccb00992.a(Uart.cpp.o)
                0x000000000000572c                Uart::read()
 .text._ZNK7arduino9IPAddress7printToERNS_5PrintE
                0x0000000000005760       0x44 /tmp/arduino-sketch-7C1300CC4FF8AF73F58C6F35276C335C/../arduino-core-cache/core_arduino_samd_mkrwifi1010_0d900ac78734c9038bbcc9caccb00992.a(IPAddress.cpp.o)
                0x0000000000005760                arduino::IPAddress::printTo(arduino::Print&) const
 .text._ZN7arduino9IPAddressC2Ev
                0x00000000000057a4       0x10 /tmp/arduino-sketch-7C1300CC4FF8AF73F58C6F35276C335C/../arduino-core-cache/core_arduino_samd_mkrwifi1010_0d900ac78734c9038bbcc9caccb00992.a(IPAddress.cpp.o)
                0x00000000000057a4                arduino::IPAddress::IPAddress()
                0x00000000000057a4                arduino::IPAddress::IPAddress()
 .text._ZN7arduino9IPAddressaSEPKh
                0x00000000000057b4       0x10 /tmp/arduino-sketch-7C1300CC4FF8AF73F58C6F35276C335C/../arduino-core-cache/core_arduino_samd_mkrwifi1010_0d900ac78734c9038bbcc9caccb00992.a(IPAddress.cpp.o)
                0x00000000000057b4                arduino::IPAddress::operator=(unsigned char const*)
 .text.startup._GLOBAL__sub_I__ZN7arduino9IPAddressC2Ev
                0x00000000000057c4       0x18 /tmp/arduino-sketch-7C1300CC4FF8AF73F58C6F35276C335C/../arduino-core-cache/core_arduino_samd_mkrwifi1010_0d900ac78734c9038bbcc9caccb00992.a(IPAddress.cpp.o)
 .text._ZN7arduino13PluggableUSB_12getInterfaceEPh
                0x00000000000057dc       0x28 /tmp/arduino-sketch-7C1300CC4FF8AF73F58C6F35276C335C/../arduino-core-cache/core_arduino_samd_mkrwifi1010_0d900ac78734c9038bbcc9caccb00992.a(PluggableUSB.cpp.o)
                0x00000000000057dc                arduino::PluggableUSB_::getInterface(unsigned char*)
 .text._ZN7arduino13PluggableUSB_13getDescriptorERNS_8USBSetupE
                0x0000000000005804       0x20 /tmp/arduino-sketch-7C1300CC4FF8AF73F58C6F35276C335C/../arduino-core-cache/core_arduino_samd_mkrwifi1010_0d900ac78734c9038bbcc9caccb00992.a(PluggableUSB.cpp.o)
                0x0000000000005804                arduino::PluggableUSB_::getDescriptor(arduino::USBSetup&)
 .text._ZN7arduino13PluggableUSB_12getShortNameEPc
                0x0000000000005824       0x1e /tmp/arduino-sketch-7C1300CC4FF8AF73F58C6F35276C335C/../arduino-core-cache/core_arduino_samd_mkrwifi1010_0d900ac78734c9038bbcc9caccb00992.a(PluggableUSB.cpp.o)
                0x0000000000005824                arduino::PluggableUSB_::getShortName(char*)
 .text._ZN7arduino13PluggableUSB_5setupERNS_8USBSetupE
                0x0000000000005842       0x20 /tmp/arduino-sketch-7C1300CC4FF8AF73F58C6F35276C335C/../arduino-core-cache/core_arduino_samd_mkrwifi1010_0d900ac78734c9038bbcc9caccb00992.a(PluggableUSB.cpp.o)
                0x0000000000005842                arduino::PluggableUSB_::setup(arduino::USBSetup&)
 .text._ZN7arduino13PluggableUSB_4plugEPNS_18PluggableUSBModuleE
                0x0000000000005862       0x5c /tmp/arduino-sketch-7C1300CC4FF8AF73F58C6F35276C335C/../arduino-core-cache/core_arduino_samd_mkrwifi1010_0d900ac78734c9038bbcc9caccb00992.a(PluggableUSB.cpp.o)
                0x0000000000005862                arduino::PluggableUSB_::plug(arduino::PluggableUSBModule*)
 *fill*         0x00000000000058be        0x2 
 .text._Z12PluggableUSBv
                0x00000000000058c0       0x24 /tmp/arduino-sketch-7C1300CC4FF8AF73F58C6F35276C335C/../arduino-core-cache/core_arduino_samd_mkrwifi1010_0d900ac78734c9038bbcc9caccb00992.a(PluggableUSB.cpp.o)
                0x00000000000058c0                PluggableUSB()
 .text._ZN7arduino5Print5writeEPKhj
                0x00000000000058e4       0x28 /tmp/arduino-sketch-7C1300CC4FF8AF73F58C6F35276C335C/../arduino-core-cache/core_arduino_samd_mkrwifi1010_0d900ac78734c9038bbcc9caccb00992.a(Print.cpp.o)
                0x00000000000058e4                arduino::Print::write(unsigned char const*, unsigned int)
 .text._ZN7arduino5Print5writeEPKc.part.2
                0x000000000000590c       0x1a /tmp/arduino-sketch-7C1300CC4FF8AF73F58C6F35276C335C/../arduino-core-cache/core_arduino_samd_mkrwifi1010_0d900ac78734c9038bbcc9caccb00992.a(Print.cpp.o)
 .text._ZN7arduino5Print5writeEPKc
                0x0000000000005926       0x10 /tmp/arduino-sketch-7C1300CC4FF8AF73F58C6F35276C335C/../arduino-core-cache/core_arduino_samd_mkrwifi1010_0d900ac78734c9038bbcc9caccb00992.a(Print.cpp.o)
                0x0000000000005926                arduino::Print::write(char const*)
 .text._ZN7arduino5Print5printEPKc
                0x0000000000005936        0x8 /tmp/arduino-sketch-7C1300CC4FF8AF73F58C6F35276C335C/../arduino-core-cache/core_arduino_samd_mkrwifi1010_0d900ac78734c9038bbcc9caccb00992.a(Print.cpp.o)
                0x0000000000005936                arduino::Print::print(char const*)
 .text._ZN7arduino5Print5printEc
                0x000000000000593e        0xa /tmp/arduino-sketch-7C1300CC4FF8AF73F58C6F35276C335C/../arduino-core-cache/core_arduino_samd_mkrwifi1010_0d900ac78734c9038bbcc9caccb00992.a(Print.cpp.o)
                0x000000000000593e                arduino::Print::print(char)
 .text._ZN7arduino5Print5printERKNS_9PrintableE
                0x0000000000005948       0x10 /tmp/arduino-sketch-7C1300CC4FF8AF73F58C6F35276C335C/../arduino-core-cache/core_arduino_samd_mkrwifi1010_0d900ac78734c9038bbcc9caccb00992.a(Print.cpp.o)
                0x0000000000005948                arduino::Print::print(arduino::Printable const&)
 .text._ZN7arduino5Print7printlnEv
                0x0000000000005958       0x10 /tmp/arduino-sketch-7C1300CC4FF8AF73F58C6F35276C335C/../arduino-core-cache/core_arduino_samd_mkrwifi1010_0d900ac78734c9038bbcc9caccb00992.a(Print.cpp.o)
                0x0000000000005958                arduino::Print::println()
 .text._ZN7arduino5Print7printlnEPKc
                0x0000000000005968       0x14 /tmp/arduino-sketch-7C1300CC4FF8AF73F58C6F35276C335C/../arduino-core-cache/core_arduino_samd_mkrwifi1010_0d900ac78734c9038bbcc9caccb00992.a(Print.cpp.o)
                0x0000000000005968                arduino::Print::println(char const*)
 .text._ZN7arduino5Print7printlnERKNS_9PrintableE
                0x000000000000597c       0x14 /tmp/arduino-sketch-7C1300CC4FF8AF73F58C6F35276C335C/../arduino-core-cache/core_arduino_samd_mkrwifi1010_0d900ac78734c9038bbcc9caccb00992.a(Print.cpp.o)
                0x000000000000597c                arduino::Print::println(arduino::Printable const&)
 .text._ZN7arduino5Print11printNumberEmh
                0x0000000000005990       0x48 /tmp/arduino-sketch-7C1300CC4FF8AF73F58C6F35276C335C/../arduino-core-cache/core_arduino_samd_mkrwifi1010_0d900ac78734c9038bbcc9caccb00992.a(Print.cpp.o)
                0x0000000000005990                arduino::Print::printNumber(unsigned long, unsigned char)
 .text._ZN7arduino5Print5printEmi
                0x00000000000059d8       0x18 /tmp/arduino-sketch-7C1300CC4FF8AF73F58C6F35276C335C/../arduino-core-cache/core_arduino_samd_mkrwifi1010_0d900ac78734c9038bbcc9caccb00992.a(Print.cpp.o)
                0x00000000000059d8                arduino::Print::print(unsigned long, int)
 .text._ZN7arduino5Print5printEhi
                0x00000000000059f0        0x8 /tmp/arduino-sketch-7C1300CC4FF8AF73F58C6F35276C335C/../arduino-core-cache/core_arduino_samd_mkrwifi1010_0d900ac78734c9038bbcc9caccb00992.a(Print.cpp.o)
                0x00000000000059f0                arduino::Print::print(unsigned char, int)
 .text._ZN7arduino5Print10printFloatEdi
                0x00000000000059f8      0x170 /tmp/arduino-sketch-7C1300CC4FF8AF73F58C6F35276C335C/../arduino-core-cache/core_arduino_samd_mkrwifi1010_0d900ac78734c9038bbcc9caccb00992.a(Print.cpp.o)
                0x00000000000059f8                arduino::Print::printFloat(double, int)
 .text._ZN7arduino5Print5printEdi
                0x0000000000005b68        0xc /tmp/arduino-sketch-7C1300CC4FF8AF73F58C6F35276C335C/../arduino-core-cache/core_arduino_samd_mkrwifi1010_0d900ac78734c9038bbcc9caccb00992.a(Print.cpp.o)
                0x0000000000005b68                arduino::Print::print(double, int)
 .text._ZN7arduino5Print7printlnEdi
                0x0000000000005b74       0x18 /tmp/arduino-sketch-7C1300CC4FF8AF73F58C6F35276C335C/../arduino-core-cache/core_arduino_samd_mkrwifi1010_0d900ac78734c9038bbcc9caccb00992.a(Print.cpp.o)
                0x0000000000005b74                arduino::Print::println(double, int)
 .text.startup.main
                0x0000000000005b8c       0x40 /tmp/arduino-sketch-7C1300CC4FF8AF73F58C6F35276C335C/../arduino-core-cache/core_arduino_samd_mkrwifi1010_0d900ac78734c9038bbcc9caccb00992.a(main.cpp.o)
                0x0000000000005b8c                main
 .text._Znwj    0x0000000000005bcc        0x8 /tmp/arduino-sketch-7C1300CC4FF8AF73F58C6F35276C335C/../arduino-core-cache/core_arduino_samd_mkrwifi1010_0d900ac78734c9038bbcc9caccb00992.a(new.cpp.o)
                0x0000000000005bcc                operator new(unsigned int)
 .text._ZdlPv   0x0000000000005bd4        0x8 /tmp/arduino-sketch-7C1300CC4FF8AF73F58C6F35276C335C/../arduino-core-cache/core_arduino_samd_mkrwifi1010_0d900ac78734c9038bbcc9caccb00992.a(new.cpp.o)
                0x0000000000005bd4                operator delete(void*)
 .text.__aeabi_atexit
                0x0000000000005bdc        0xe /home/boy/.arduino15/packages/arduino/tools/arm-none-eabi-gcc/7-2017q4/bin/../lib/gcc/arm-none-eabi/7.2.1/../../../../arm-none-eabi/lib/thumb/v6-m/libstdc++_nano.a(atexit_arm.o)
                0x0000000000005bdc                __aeabi_atexit
 *fill*         0x0000000000005bea        0x2 
 .text          0x0000000000005bec       0x14 /home/boy/.arduino15/packages/arduino/tools/arm-none-eabi-gcc/7-2017q4/bin/../lib/gcc/arm-none-eabi/7.2.1/thumb/v6-m/libgcc.a(_thumb1_case_uqi.o)
                0x0000000000005bec                __gnu_thumb1_case_uqi
 .text          0x0000000000005c00      0x114 /home/boy/.arduino15/packages/arduino/tools/arm-none-eabi-gcc/7-2017q4/bin/../lib/gcc/arm-none-eabi/7.2.1/thumb/v6-m/libgcc.a(_udivsi3.o)
                0x0000000000005c00                __udivsi3
                0x0000000000005c00                __aeabi_uidiv
                0x0000000000005d0c                __aeabi_uidivmod
 .text          0x0000000000005d14        0x4 /home/boy/.arduino15/packages/arduino/tools/arm-none-eabi-gcc/7-2017q4/bin/../lib/gcc/arm-none-eabi/7.2.1/thumb/v6-m/libgcc.a(_dvmd_tls.o)
                0x0000000000005d14                __aeabi_ldiv0
                0x0000000000005d14                __aeabi_idiv0
 .text          0x0000000000005d18       0x7c /home/boy/.arduino15/packages/arduino/tools/arm-none-eabi-gcc/7-2017q4/bin/../lib/gcc/arm-none-eabi/7.2.1/thumb/v6-m/libgcc.a(_arm_cmpdf2.o)
                0x0000000000005d18                __aeabi_cdrcmple
                0x0000000000005d28                __aeabi_cdcmple
                0x0000000000005d28                __aeabi_cdcmpeq
                0x0000000000005d38                __aeabi_dcmpeq
                0x0000000000005d44                __aeabi_dcmplt
                0x0000000000005d58                __aeabi_dcmple
                0x0000000000005d6c                __aeabi_dcmpgt
                0x0000000000005d80                __aeabi_dcmpge
 .text          0x0000000000005d94       0x3c /home/boy/.arduino15/packages/arduino/tools/arm-none-eabi-gcc/7-2017q4/bin/../lib/gcc/arm-none-eabi/7.2.1/thumb/v6-m/libgcc.a(_fixunsdfsi.o)
                0x0000000000005d94                __fixunsdfsi
                0x0000000000005d94                __aeabi_d2uiz
 .text          0x0000000000005dd0      0x264 /home/boy/.arduino15/packages/arduino/tools/arm-none-eabi-gcc/7-2017q4/bin/../lib/gcc/arm-none-eabi/7.2.1/thumb/v6-m/libgcc.a(mulsf3.o)
                0x0000000000005dd0                __aeabi_fmul
 .text          0x0000000000006034       0x94 /home/boy/.arduino15/packages/arduino/tools/arm-none-eabi-gcc/7-2017q4/bin/../lib/gcc/arm-none-eabi/7.2.1/thumb/v6-m/libgcc.a(floatsisf.o)
                0x0000000000006034                __aeabi_i2f
 .text          0x00000000000060c8      0x638 /home/boy/.arduino15/packages/arduino/tools/arm-none-eabi-gcc/7-2017q4/bin/../lib/gcc/arm-none-eabi/7.2.1/thumb/v6-m/libgcc.a(adddf3.o)
                0x00000000000060c8                __aeabi_dadd
 .text          0x0000000000006700      0x604 /home/boy/.arduino15/packages/arduino/tools/arm-none-eabi-gcc/7-2017q4/bin/../lib/gcc/arm-none-eabi/7.2.1/thumb/v6-m/libgcc.a(divdf3.o)
                0x0000000000006700                __aeabi_ddiv
 .text          0x0000000000006d04       0x78 /home/boy/.arduino15/packages/arduino/tools/arm-none-eabi-gcc/7-2017q4/bin/../lib/gcc/arm-none-eabi/7.2.1/thumb/v6-m/libgcc.a(eqdf2.o)
                0x0000000000006d04                __eqdf2
                0x0000000000006d04                __nedf2
 .text          0x0000000000006d7c       0xc8 /home/boy/.arduino15/packages/arduino/tools/arm-none-eabi-gcc/7-2017q4/bin/../lib/gcc/arm-none-eabi/7.2.1/thumb/v6-m/libgcc.a(gedf2.o)
                0x0000000000006d7c                __gtdf2
                0x0000000000006d7c                __gedf2
 .text          0x0000000000006e44       0xd0 /home/boy/.arduino15/packages/arduino/tools/arm-none-eabi-gcc/7-2017q4/bin/../lib/gcc/arm-none-eabi/7.2.1/thumb/v6-m/libgcc.a(ledf2.o)
                0x0000000000006e44                __ltdf2
                0x0000000000006e44                __ledf2
 .text          0x0000000000006f14      0x4e4 /home/boy/.arduino15/packages/arduino/tools/arm-none-eabi-gcc/7-2017q4/bin/../lib/gcc/arm-none-eabi/7.2.1/thumb/v6-m/libgcc.a(muldf3.o)
                0x0000000000006f14                __aeabi_dmul
 .text          0x00000000000073f8      0x690 /home/boy/.arduino15/packages/arduino/tools/arm-none-eabi-gcc/7-2017q4/bin/../lib/gcc/arm-none-eabi/7.2.1/thumb/v6-m/libgcc.a(subdf3.o)
                0x00000000000073f8                __aeabi_dsub
 .text          0x0000000000007a88       0x38 /home/boy/.arduino15/packages/arduino/tools/arm-none-eabi-gcc/7-2017q4/bin/../lib/gcc/arm-none-eabi/7.2.1/thumb/v6-m/libgcc.a(unorddf2.o)
                0x0000000000007a88                __aeabi_dcmpun
 .text          0x0000000000007ac0       0x6c /home/boy/.arduino15/packages/arduino/tools/arm-none-eabi-gcc/7-2017q4/bin/../lib/gcc/arm-none-eabi/7.2.1/thumb/v6-m/libgcc.a(fixdfsi.o)
                0x0000000000007ac0                __aeabi_d2iz
 .text          0x0000000000007b2c       0x64 /home/boy/.arduino15/packages/arduino/tools/arm-none-eabi-gcc/7-2017q4/bin/../lib/gcc/arm-none-eabi/7.2.1/thumb/v6-m/libgcc.a(floatunsidf.o)
                0x0000000000007b2c                __aeabi_ui2d
 .text          0x0000000000007b90       0xa4 /home/boy/.arduino15/packages/arduino/tools/arm-none-eabi-gcc/7-2017q4/bin/../lib/gcc/arm-none-eabi/7.2.1/thumb/v6-m/libgcc.a(extendsfdf2.o)
                0x0000000000007b90                __aeabi_f2d
 .text          0x0000000000007c34       0x3c /home/boy/.arduino15/packages/arduino/tools/arm-none-eabi-gcc/7-2017q4/bin/../lib/gcc/arm-none-eabi/7.2.1/thumb/v6-m/libgcc.a(_clzsi2.o)
                0x0000000000007c34                __clzsi2
 .text.__cxa_atexit
                0x0000000000007c70       0x1c /home/boy/.arduino15/packages/arduino/tools/arm-none-eabi-gcc/7-2017q4/bin/../lib/gcc/arm-none-eabi/7.2.1/../../../../arm-none-eabi/lib/thumb/v6-m/libc_nano.a(lib_a-cxa_atexit.o)
                0x0000000000007c70                __cxa_atexit
 .text.__libc_init_array
                0x0000000000007c8c       0x48 /home/boy/.arduino15/packages/arduino/tools/arm-none-eabi-gcc/7-2017q4/bin/../lib/gcc/arm-none-eabi/7.2.1/../../../../arm-none-eabi/lib/thumb/v6-m/libc_nano.a(lib_a-init.o)
                0x0000000000007c8c                __libc_init_array
 .text.malloc   0x0000000000007cd4       0x14 /home/boy/.arduino15/packages/arduino/tools/arm-none-eabi-gcc/7-2017q4/bin/../lib/gcc/arm-none-eabi/7.2.1/../../../../arm-none-eabi/lib/thumb/v6-m/libc_nano.a(lib_a-malloc.o)
                0x0000000000007cd4                malloc
 .text.free     0x0000000000007ce8       0x14 /home/boy/.arduino15/packages/arduino/tools/arm-none-eabi-gcc/7-2017q4/bin/../lib/gcc/arm-none-eabi/7.2.1/../../../../arm-none-eabi/lib/thumb/v6-m/libc_nano.a(lib_a-malloc.o)
                0x0000000000007ce8                free
 .text.memcpy   0x0000000000007cfc       0x12 /home/boy/.arduino15/packages/arduino/tools/arm-none-eabi-gcc/7-2017q4/bin/../lib/gcc/arm-none-eabi/7.2.1/../../../../arm-none-eabi/lib/thumb/v6-m/libc_nano.a(lib_a-memcpy-stub.o)
                0x0000000000007cfc                memcpy